<html>
<body>
<pre>
<h1>µVision Build Log</h1>
<h2>Tool Versions:</h2>
IDE-Version: ¦ÌVision V5.43.0.0
Copyright (C) 2025 ARM Ltd and ARM Germany GmbH. All rights reserved.
License Information: A A, A, LIC=X96CK-ZLFF9-56QQ2-9Y4FI-TJ5CB-8T6E8
 
Tool Versions:
Toolchain:       MDK-ARM Plus  Version: 5.43.0.0
Toolchain Path:  C:\Users\xjl\AppData\Local\Keil_v5\ARM\ARMCLANG\Bin
C Compiler:      ArmClang.exe V6.24
Assembler:       Armasm.exe V6.24
Linker/Locator:  ArmLink.exe V6.24
Library Manager: ArmAr.exe V6.24
Hex Converter:   FromElf.exe V6.24
CPU DLL:         
Dialog DLL:      
Target DLL:      Segger\JL2CM3.dll V2.99.45.0
Dialog DLL:      TCM.DLL V1.56.6.0
 
<h2>Project:</h2>
D:\XC8064\0818-\XC8064\gd32-secure-boot-secure-firmware-update\Project\GD32F5xx\MDK-ARM\IBL\Project_IBL.uvprojx
Project File Date:  08/19/2025

<h2>Output:</h2>
*** Using Compiler 'V6.24', folder: 'C:\Users\xjl\AppData\Local\Keil_v5\ARM\ARMCLANG\Bin'
Build Project 'Project_IBL' - Target 'Target_GDM32'
linking...
Program Size: Code=252914 RO-data=39542 RW-data=4 ZI-data=46092  
FromELF: creating hex file...
After Build - User command #1: python ..\..\..\afterbuild.py project_deal -pn IBL -plt PLATFORM_GD32F5XX -op D:\XC8064\0818-\XC8064\gd32-secure-boot-secure-firmware-update\Project\GD32F5xx\MDK-ARM\IBL\Gdm32\Objects\ -on ibl  -ide KEIL -ip C:\Users\xjl\AppData\Local\Keil_v5\
['D:\\XC8064\\0818-\\XC8064\\gd32-secure-boot-secure-firmware-update\\Project', 'C:\\Users\\xjl\\AppData\\Local\\Programs\\Python\\Python312\\python312.zip', 'C:\\Users\\xjl\\AppData\\Local\\Programs\\Python\\Python312\\DLLs', 'C:\\Users\\xjl\\AppData\\Local\\Programs\\Python\\Python312\\Lib', 'C:\\Users\\xjl\\AppData\\Local\\Programs\\Python\\Python312', 'C:\\Users\\xjl\\AppData\\Local\\Programs\\Python\\Python312\\Lib\\site-packages', 'D:\\XC8064\\0818-\\XC8064\\gd32-secure-boot-secure-firmware-update\\Project/..']
".\Gdm32\Objects\ibl.axf" - 0 Error(s), 0 Warning(s).

<h2>Software Packages used:</h2>

Package Vendor: GigaDevice
                https://gd32mcu.com/data/documents/pack/GigaDevice.GD32F5xx_DFP.1.2.0.pack
                GigaDevice::GD32F5xx_DFP@1.2.0
                GigaDevice GD32F5xx Series Device Support and Examples

<h2>Collection of Component include folders:</h2>

<h2>Collection of Component Files used:</h2>
Build Time Elapsed:  00:00:04
</pre>
</body>
</html>
