<html>
<body>
<pre>
<h1>µVision Build Log</h1>
<h2>Tool Versions:</h2>
IDE-Version: ¦ÌVision V5.43.0.0
Copyright (C) 2025 ARM Ltd and ARM Germany GmbH. All rights reserved.
License Information: A A, A, LIC=X96CK-ZLFF9-56QQ2-9Y4FI-TJ5CB-8T6E8
 
Tool Versions:
Toolchain:       MDK-ARM Plus  Version: 5.43.0.0
Toolchain Path:  C:\Users\xjl\AppData\Local\Keil_v5\ARM\ARMCLANG\Bin
C Compiler:      ArmClang.exe V6.24
Assembler:       Armasm.exe V6.24
Linker/Locator:  ArmLink.exe V6.24
Library Manager: ArmAr.exe V6.24
Hex Converter:   FromElf.exe V6.24
CPU DLL:         
Dialog DLL:      
Target DLL:      Segger\JL2CM3.dll V2.99.45.0
Dialog DLL:      TCM.DLL V1.56.6.0
 
<h2>Project:</h2>
D:\XC8064\0818-\XC8064\gd32-secure-boot-secure-firmware-update\Project\GD32F5xx\MDK-ARM\APP\Project_APP.uvprojx
Project File Date:  08/21/2025

<h2>Output:</h2>
*** Using Compiler 'V6.24', folder: 'C:\Users\xjl\AppData\Local\Keil_v5\ARM\ARMCLANG\Bin'
Build Project 'Project_APP' - Target 'Target_GDM32'
compiling ymodem_update.c...
compiling main.c...
linking...
Program Size: Code=7564 RO-data=1940 RW-data=80 ZI-data=18912  
FromELF: creating hex file...
After Build - User command #1: python ..\..\..\afterbuild.py project_deal  -enc Flase -pn APP -op D:\XC8064\0818-\XC8064\gd32-secure-boot-secure-firmware-update\Project\GD32F5xx\MDK-ARM\APP\app\Objects\ -on app  -ide KEIL -ip C:\Users\xjl\AppData\Local\Keil_v5\
sig type is:  PKCS1_PSS_RSA2048_SHA256
pub key is: 9c3a6081cc9cce9eee8d61474e8e48ef48a242525641278d8e16b2ba3717618f9c99156e8f1f74d71f5dc209f136326331540c209395f2b1d2eef90cee3b598b5d480f8cd22c310221d67fb43197c63f11a7086229eb4620af84d5f3a7a231edaffdf4c603f9f68553ca2971f2819b7efcfa2f176bcb18ad274d93b9755b5cf20781d2f499ff22fd0248a55db97bf10bfe048cbf50c4883f687187c9aa21d448209966de3658347721f2ad9a0f5df0456bad805d91c103b48b0dd1da6b015690ab69261384421b84fe53542f47395a90d91224dcc5c97af2475d1094851efc4be2d2a5328bcf58fe427b31321d87098f28d7170df334c2fbb1485b9bfe41261d
pub key hash is: 2462abce4b453df9a1a0798a6047b5a52e19b6e6c5785f490552fe010d8ee298
image.py: sign the payload
tlv sig: 1544df6fc220c2178f1924e0a877c354487835a015dd8d936032f14a6b706fa0acd1d0641b6b69bc7459cc789f0f6d4ba19c67592d4c358821b7656e64397f2ca617f03c916465b0c67389099f2d394e8b6594656e5966064385c0b4f94eb64ccbea62d7b88b979405979a5e50abcf9c7f26b5e6b6192e305feaf2110f551b3fa9e36eab880f4f9d62a79f5eba37beadee978732457f7879a6937cf7e3a19a3aa2bc93062e20af1260edd2d8299100e03f9a6ac6f1f922a7a8549abbc1d4acdebd7d44c05b97facaf1f16e7792f34f6f04bd1a703b322cfd2ea453138cde6637828c65a1c96274442c65b42ff838df5870e11c71a00b9d390ab92c7031552899
['D:\\XC8064\\0818-\\XC8064\\gd32-secure-boot-secure-firmware-update\\Project', 'C:\\Users\\xjl\\AppData\\Local\\Programs\\Python\\Python312\\python312.zip', 'C:\\Users\\xjl\\AppData\\Local\\Programs\\Python\\Python312\\DLLs', 'C:\\Users\\xjl\\AppData\\Local\\Programs\\Python\\Python312\\Lib', 'C:\\Users\\xjl\\AppData\\Local\\Programs\\Python\\Python312', 'C:\\Users\\xjl\\AppData\\Local\\Programs\\Python\\Python312\\Lib\\site-packages', 'D:\\XC8064\\0818-\\XC8064\\gd32-secure-boot-secure-firmware-update\\Project/..']
Flase
".\app\Objects\app.axf" - 0 Error(s), 0 Warning(s).

<h2>Software Packages used:</h2>

Package Vendor: ARM
                https://www.keil.com/pack/ARM.CMSIS.6.2.0.pack
                ARM::CMSIS@6.2.0
                CMSIS (Common Microcontroller Software Interface Standard)
   * Component: CORE Version: 6.1.1

Package Vendor: GigaDevice
                https://gd32mcu.com/data/documents/pack/GigaDevice.GD32F5xx_DFP.1.2.0.pack
                GigaDevice::GD32F5xx_DFP@1.2.0
                GigaDevice GD32F5xx Series Device Support and Examples

<h2>Collection of Component include folders:</h2>
  ./RTE/_Target_GDM32
  C:/Users/xjl/AppData/Local/Arm/Packs/ARM/CMSIS/6.2.0/CMSIS/Core/Include

<h2>Collection of Component Files used:</h2>

   * Component: ARM::CMSIS:CORE@6.1.1
Build Time Elapsed:  00:00:01
</pre>
</body>
</html>
