Component: Arm Compiler for Embedded 6.24 Tool: armlink [5f371500]

==============================================================================

Section Cross References

    main.o(.text.main) refers to main.o(.data.p_ibl_api) for p_ibl_api
    main.o(.text.main) refers to main.o(.rodata.str1.1) for .L.str
    main.o(.text.main) refers to systick.o(.text.systick_config) for systick_config
    main.o(.text.main) refers to gd32f527_eval.o(.text.gd_eval_led_init) for gd_eval_led_init
    main.o(.text.main) refers to main.o(.bss.alloc_buf) for alloc_buf
    main.o(.text.main) refers to drv_uart.o(.text.shell_com_init) for shell_com_init
    main.o(.text.main) refers to task.o(.text.shell_task) for shell_task
    main.o(.text.main) refers to gd32f527_eval.o(.text.gd_eval_led_on) for gd_eval_led_on
    main.o(.text.main) refers to gd32f527_eval.o(.text.gd_eval_led_off) for gd_eval_led_off
    main.o(.text.main) refers to systick.o(.text.delay_1ms) for delay_1ms
    main.o(.ARM.exidx.text.main) refers to main.o(.text.main) for [Anonymous Symbol]
    gd32f5xx_it.o(.text.NMI_Handler) refers to gd32f5xx_syscfg.o(.text.syscfg_interrupt_flag_get) for syscfg_interrupt_flag_get
    gd32f5xx_it.o(.ARM.exidx.text.NMI_Handler) refers to gd32f5xx_it.o(.text.NMI_Handler) for [Anonymous Symbol]
    gd32f5xx_it.o(.ARM.exidx.text.HardFault_Handler) refers to gd32f5xx_it.o(.text.HardFault_Handler) for [Anonymous Symbol]
    gd32f5xx_it.o(.ARM.exidx.text.MemManage_Handler) refers to gd32f5xx_it.o(.text.MemManage_Handler) for [Anonymous Symbol]
    gd32f5xx_it.o(.ARM.exidx.text.BusFault_Handler) refers to gd32f5xx_it.o(.text.BusFault_Handler) for [Anonymous Symbol]
    gd32f5xx_it.o(.ARM.exidx.text.UsageFault_Handler) refers to gd32f5xx_it.o(.text.UsageFault_Handler) for [Anonymous Symbol]
    gd32f5xx_it.o(.ARM.exidx.text.SVC_Handler) refers to gd32f5xx_it.o(.text.SVC_Handler) for [Anonymous Symbol]
    gd32f5xx_it.o(.ARM.exidx.text.DebugMon_Handler) refers to gd32f5xx_it.o(.text.DebugMon_Handler) for [Anonymous Symbol]
    gd32f5xx_it.o(.ARM.exidx.text.PendSV_Handler) refers to gd32f5xx_it.o(.text.PendSV_Handler) for [Anonymous Symbol]
    gd32f5xx_it.o(.text.SysTick_Handler) refers to systick.o(.text.delay_decrement) for delay_decrement
    gd32f5xx_it.o(.ARM.exidx.text.SysTick_Handler) refers to gd32f5xx_it.o(.text.SysTick_Handler) for [Anonymous Symbol]
    gd32f5xx_it.o(.text.UART6_IRQHandler) refers to task.o(.bss.shell_task_flag) for shell_task_flag
    gd32f5xx_it.o(.text.UART6_IRQHandler) refers to gd32f5xx_usart.o(.text.usart_flag_get) for usart_flag_get
    gd32f5xx_it.o(.text.UART6_IRQHandler) refers to gd32f5xx_usart.o(.text.usart_data_receive) for usart_data_receive
    gd32f5xx_it.o(.text.UART6_IRQHandler) refers to drv_uart.o(.bss.shell) for shell
    gd32f5xx_it.o(.text.UART6_IRQHandler) refers to shell.o(.text.shellHandler) for shellHandler
    gd32f5xx_it.o(.text.UART6_IRQHandler) refers to gd32f5xx_usart.o(.text.usart_interrupt_flag_get) for usart_interrupt_flag_get
    gd32f5xx_it.o(.text.UART6_IRQHandler) refers to gd32f5xx_it.o(.bss.UART6_IRQHandler.flag_cnt) for UART6_IRQHandler.flag_cnt
    gd32f5xx_it.o(.text.UART6_IRQHandler) refers to ymodem_update.o(.bss.ymodem_packet) for ymodem_packet
    gd32f5xx_it.o(.ARM.exidx.text.UART6_IRQHandler) refers to gd32f5xx_it.o(.text.UART6_IRQHandler) for [Anonymous Symbol]
    systick.o(.text.systick_config) refers to system_gd32f5xx.o(.data.SystemCoreClock) for SystemCoreClock
    systick.o(.text.systick_config) refers to systick.o(.text.SysTick_Config) for SysTick_Config
    systick.o(.text.systick_config) refers to systick.o(.text.__NVIC_SetPriority) for __NVIC_SetPriority
    systick.o(.ARM.exidx.text.systick_config) refers to systick.o(.text.systick_config) for [Anonymous Symbol]
    systick.o(.text.SysTick_Config) refers to systick.o(.text.__NVIC_SetPriority) for __NVIC_SetPriority
    systick.o(.ARM.exidx.text.SysTick_Config) refers to systick.o(.text.SysTick_Config) for [Anonymous Symbol]
    systick.o(.ARM.exidx.text.__NVIC_SetPriority) refers to systick.o(.text.__NVIC_SetPriority) for [Anonymous Symbol]
    systick.o(.text.delay_1ms) refers to systick.o(.bss.delay) for delay
    systick.o(.ARM.exidx.text.delay_1ms) refers to systick.o(.text.delay_1ms) for [Anonymous Symbol]
    systick.o(.text.delay_decrement) refers to systick.o(.bss.delay) for delay
    systick.o(.ARM.exidx.text.delay_decrement) refers to systick.o(.text.delay_decrement) for [Anonymous Symbol]
    system_gd32f5xx.o(.text.SystemInit) refers to system_gd32f5xx.o(.text.system_clock_config) for system_clock_config
    system_gd32f5xx.o(.ARM.exidx.text.SystemInit) refers to system_gd32f5xx.o(.text.SystemInit) for [Anonymous Symbol]
    system_gd32f5xx.o(.text.system_clock_config) refers to system_gd32f5xx.o(.text.system_clock_200m_25m_hxtal) for system_clock_200m_25m_hxtal
[...]
    mbedtls_aes_crypt_cbc                    0x0800e4c5   Thumb Code     0  ibl_symbol_mbedtls ABSOLUTE
    mbedtls_aes_crypt_cfb128                 0x0800e581   Thumb Code     0  ibl_symbol_mbedtls ABSOLUTE
    mbedtls_aes_crypt_cfb8                   0x0800e651   Thumb Code     0  ibl_symbol_mbedtls ABSOLUTE
    mbedtls_aes_crypt_ctr                    0x0800e6dd   Thumb Code     0  ibl_symbol_mbedtls ABSOLUTE
    mbedtls_aes_crypt_ecb                    0x0800e781   Thumb Code     0  ibl_symbol_mbedtls ABSOLUTE
    mbedtls_aes_crypt_ofb                    0x0800e7e5   Thumb Code     0  ibl_symbol_mbedtls ABSOLUTE
    mbedtls_aes_free                         0x0800e875   Thumb Code     0  ibl_symbol_mbedtls ABSOLUTE
    mbedtls_aes_init                         0x0800e891   Thumb Code     0  ibl_symbol_mbedtls ABSOLUTE
    mbedtls_aes_setkey_dec                   0x0800e8a5   Thumb Code     0  ibl_symbol_mbedtls ABSOLUTE
    mbedtls_aes_setkey_enc                   0x0800e8c9   Thumb Code     0  ibl_symbol_mbedtls ABSOLUTE
    mbedtls_arc4_crypt                       0x0800e8ed   Thumb Code     0  ibl_symbol_mbedtls ABSOLUTE
    mbedtls_arc4_free                        0x0800e981   Thumb Code     0  ibl_symbol_mbedtls ABSOLUTE
    mbedtls_arc4_init                        0x0800e9a1   Thumb Code     0  ibl_symbol_mbedtls ABSOLUTE
    mbedtls_arc4_setup                       0x0800e9b9   Thumb Code     0  ibl_symbol_mbedtls ABSOLUTE
    mbedtls_asn1_find_named_data             0x0800ea51   Thumb Code     0  ibl_symbol_mbedtls ABSOLUTE
    mbedtls_asn1_free_named_data             0x0800ea91   Thumb Code     0  ibl_symbol_mbedtls ABSOLUTE
    mbedtls_asn1_free_named_data_list        0x0800eabd   Thumb Code     0  ibl_symbol_mbedtls ABSOLUTE
    mbedtls_asn1_get_alg                     0x0800eae9   Thumb Code     0  ibl_symbol_mbedtls ABSOLUTE
    mbedtls_asn1_get_alg_null                0x0800ebdd   Thumb Code     0  ibl_symbol_mbedtls ABSOLUTE
    mbedtls_asn1_get_bitstring               0x0800ec35   Thumb Code     0  ibl_symbol_mbedtls ABSOLUTE
    mbedtls_asn1_get_bitstring_null          0x0800ecc9   Thumb Code     0  ibl_symbol_mbedtls ABSOLUTE
    mbedtls_asn1_get_bool                    0x0800ed1d   Thumb Code     0  ibl_symbol_mbedtls ABSOLUTE
    mbedtls_asn1_get_int                     0x0800ed75   Thumb Code     0  ibl_symbol_mbedtls ABSOLUTE
    mbedtls_asn1_get_len                     0x0800edf5   Thumb Code     0  ibl_symbol_mbedtls ABSOLUTE
    mbedtls_asn1_get_mpi                     0x0800ef3d   Thumb Code     0  ibl_symbol_mbedtls ABSOLUTE
    mbedtls_asn1_get_sequence_of             0x0800ef85   Thumb Code     0  ibl_symbol_mbedtls ABSOLUTE
    mbedtls_asn1_get_tag                     0x0800f065   Thumb Code     0  ibl_symbol_mbedtls ABSOLUTE
    mbedtls_asn1_store_named_data            0x0800f0b9   Thumb Code     0  ibl_symbol_mbedtls ABSOLUTE
    mbedtls_asn1_write_algorithm_identifier  0x0800f1bd   Thumb Code     0  ibl_symbol_mbedtls ABSOLUTE
    mbedtls_asn1_write_bitstring             0x0800f291   Thumb Code     0  ibl_symbol_mbedtls ABSOLUTE
    mbedtls_asn1_write_bool                  0x0800f389   Thumb Code     0  ibl_symbol_mbedtls ABSOLUTE
    mbedtls_asn1_write_ia5_string            0x0800f425   Thumb Code     0  ibl_symbol_mbedtls ABSOLUTE
    mbedtls_asn1_write_int                   0x0800f449   Thumb Code     0  ibl_symbol_mbedtls ABSOLUTE
    mbedtls_asn1_write_len                   0x0800f521   Thumb Code     0  ibl_symbol_mbedtls ABSOLUTE
    mbedtls_asn1_write_mpi                   0x0800f6b9   Thumb Code     0  ibl_symbol_mbedtls ABSOLUTE
    mbedtls_asn1_write_named_bitstring       0x0800f7bd   Thumb Code     0  ibl_symbol_mbedtls ABSOLUTE
    mbedtls_asn1_write_null                  0x0800f855   Thumb Code     0  ibl_symbol_mbedtls ABSOLUTE
    mbedtls_asn1_write_octet_string          0x0800f8bd   Thumb Code     0  ibl_symbol_mbedtls ABSOLUTE
    mbedtls_asn1_write_oid                   0x0800f955   Thumb Code     0  ibl_symbol_mbedtls ABSOLUTE
    mbedtls_asn1_write_printable_string      0x0800f9ed   Thumb Code     0  ibl_symbol_mbedtls ABSOLUTE
    mbedtls_asn1_write_raw_buffer            0x0800fa11   Thumb Code     0  ibl_symbol_mbedtls ABSOLUTE
    mbedtls_asn1_write_tag                   0x0800fa6d   Thumb Code     0  ibl_symbol_mbedtls ABSOLUTE
    mbedtls_asn1_write_tagged_string         0x0800faa9   Thumb Code     0  ibl_symbol_mbedtls ABSOLUTE
    mbedtls_asn1_write_utf8_string           0x0800fb45   Thumb Code     0  ibl_symbol_mbedtls ABSOLUTE
    mbedtls_base64_decode                    0x0800fb69   Thumb Code     0  ibl_symbol_mbedtls ABSOLUTE
    mbedtls_base64_encode                    0x0800fdc5   Thumb Code     0  ibl_symbol_mbedtls ABSOLUTE
    mbedtls_blowfish_crypt_cbc               0x0800ffb1   Thumb Code     0  ibl_symbol_mbedtls ABSOLUTE
    mbedtls_blowfish_crypt_cfb64             0x080100bd   Thumb Code     0  ibl_symbol_mbedtls ABSOLUTE
    mbedtls_blowfish_crypt_ctr               0x080101b9   Thumb Code     0  ibl_symbol_mbedtls ABSOLUTE
    mbedtls_blowfish_crypt_ecb               0x08010289   Thumb Code     0  ibl_symbol_mbedtls ABSOLUTE
    mbedtls_blowfish_free                    0x08010315   Thumb Code     0  ibl_symbol_mbedtls ABSOLUTE
    mbedtls_blowfish_init                    0x08010335   Thumb Code     0  ibl_symbol_mbedtls ABSOLUTE
    mbedtls_blowfish_setkey                  0x08010351   Thumb Code     0  ibl_symbol_mbedtls ABSOLUTE
    mbedtls_calloc                           0x080104d9   Thumb Code     0  ibl_symbol_mbedtls ABSOLUTE
    mbedtls_camellia_crypt_cbc               0x08010511   Thumb Code     0  ibl_symbol_mbedtls ABSOLUTE
    mbedtls_camellia_crypt_cfb128            0x0801061d   Thumb Code     0  ibl_symbol_mbedtls ABSOLUTE
    mbedtls_camellia_crypt_ctr               0x08010719   Thumb Code     0  ibl_symbol_mbedtls ABSOLUTE
    mbedtls_camellia_crypt_ecb               0x080107e9   Thumb Code     0  ibl_symbol_mbedtls ABSOLUTE
    mbedtls_camellia_free                    0x080109e9   Thumb Code     0  ibl_symbol_mbedtls ABSOLUTE
    mbedtls_camellia_init                    0x08010a09   Thumb Code     0  ibl_symbol_mbedtls ABSOLUTE
    mbedtls_camellia_setkey_dec              0x08010a25   Thumb Code     0  ibl_symbol_mbedtls ABSOLUTE
    mbedtls_camellia_setkey_enc              0x08010b55   Thumb Code     0  ibl_symbol_mbedtls ABSOLUTE
    mbedtls_ccm_auth_decrypt                 0x08011279   Thumb Code     0  ibl_symbol_mbedtls ABSOLUTE
    mbedtls_ccm_encrypt_and_tag              0x08011309   Thumb Code     0  ibl_symbol_mbedtls ABSOLUTE
    mbedtls_ccm_free                         0x08011399   Thumb Code     0  ibl_symbol_mbedtls ABSOLUTE
    mbedtls_ccm_init                         0x080113bd   Thumb Code     0  ibl_symbol_mbedtls ABSOLUTE
    mbedtls_ccm_setkey                       0x080113d5   Thumb Code     0  ibl_symbol_mbedtls ABSOLUTE
    mbedtls_ccm_star_auth_decrypt            0x08011455   Thumb Code     0  ibl_symbol_mbedtls ABSOLUTE
    mbedtls_ccm_star_encrypt_and_tag         0x08011531   Thumb Code     0  ibl_symbol_mbedtls ABSOLUTE
    mbedtls_cipher_auth_decrypt              0x080115b1   Thumb Code     0  ibl_symbol_mbedtls ABSOLUTE
    mbedtls_cipher_auth_encrypt              0x080116d9   Thumb Code     0  ibl_symbol_mbedtls ABSOLUTE
    mbedtls_cipher_check_tag                 0x080117d5   Thumb Code     0  ibl_symbol_mbedtls ABSOLUTE
    mbedtls_cipher_crypt                     0x08011875   Thumb Code     0  ibl_symbol_mbedtls ABSOLUTE
    mbedtls_cipher_finish                    0x0801191d   Thumb Code     0  ibl_symbol_mbedtls ABSOLUTE
    mbedtls_cipher_free                      0x08011af9   Thumb Code     0  ibl_symbol_mbedtls ABSOLUTE
    mbedtls_cipher_info_from_string          0x08011bb5   Thumb Code     0  ibl_symbol_mbedtls ABSOLUTE
    mbedtls_cipher_info_from_type            0x08011c09   Thumb Code     0  ibl_symbol_mbedtls ABSOLUTE
    mbedtls_cipher_info_from_values          0x08011c4d   Thumb Code     0  ibl_symbol_mbedtls ABSOLUTE
    mbedtls_cipher_init                      0x08011cb5   Thumb Code     0  ibl_symbol_mbedtls ABSOLUTE
    mbedtls_cipher_list                      0x08011ccd   Thumb Code     0  ibl_symbol_mbedtls ABSOLUTE
    mbedtls_cipher_reset                     0x08011d31   Thumb Code     0  ibl_symbol_mbedtls ABSOLUTE
    mbedtls_cipher_set_iv                    0x08011d5d   Thumb Code     0  ibl_symbol_mbedtls ABSOLUTE
    mbedtls_cipher_set_padding_mode          0x08011df1   Thumb Code     0  ibl_symbol_mbedtls ABSOLUTE
    mbedtls_cipher_setkey                    0x08011ec5   Thumb Code     0  ibl_symbol_mbedtls ABSOLUTE
    mbedtls_cipher_setup                     0x08011f91   Thumb Code     0  ibl_symbol_mbedtls ABSOLUTE
    mbedtls_cipher_update                    0x08011ff1   Thumb Code     0  ibl_symbol_mbedtls ABSOLUTE
    mbedtls_cipher_update_ad                 0x080123e1   Thumb Code     0  ibl_symbol_mbedtls ABSOLUTE
    mbedtls_cipher_write_tag                 0x08012441   Thumb Code     0  ibl_symbol_mbedtls ABSOLUTE
    mbedtls_ciphersuite_preference_init      0x080124a5   Thumb Code     0  ibl_symbol_mbedtls ABSOLUTE
    mbedtls_ctr_drbg_free                    0x0801255d   Thumb Code     0  ibl_symbol_mbedtls ABSOLUTE
    mbedtls_ctr_drbg_init                    0x08012581   Thumb Code     0  ibl_symbol_mbedtls ABSOLUTE
    mbedtls_ctr_drbg_random                  0x08012595   Thumb Code     0  ibl_symbol_mbedtls ABSOLUTE
    mbedtls_ctr_drbg_random_with_add         0x080125bd   Thumb Code     0  ibl_symbol_mbedtls ABSOLUTE
    mbedtls_ctr_drbg_reseed                  0x08012719   Thumb Code     0  ibl_symbol_mbedtls ABSOLUTE
    mbedtls_ctr_drbg_seed                    0x080127e1   Thumb Code     0  ibl_symbol_mbedtls ABSOLUTE
    mbedtls_ctr_drbg_seed_entropy_len        0x08012811   Thumb Code     0  ibl_symbol_mbedtls ABSOLUTE
    mbedtls_ctr_drbg_set_entropy_len         0x08012891   Thumb Code     0  ibl_symbol_mbedtls ABSOLUTE
    mbedtls_ctr_drbg_set_prediction_resistance 0x080128a1   Thumb Code     0  ibl_symbol_mbedtls ABSOLUTE
    mbedtls_ctr_drbg_set_reseed_interval     0x080128b1   Thumb Code     0  ibl_symbol_mbedtls ABSOLUTE
    mbedtls_ctr_drbg_update                  0x080128c1   Thumb Code     0  ibl_symbol_mbedtls ABSOLUTE
    mbedtls_ctr_drbg_update_ret              0x080128ed   Thumb Code     0  ibl_symbol_mbedtls ABSOLUTE
    mbedtls_des3_crypt_cbc                   0x0801293d   Thumb Code     0  ibl_symbol_mbedtls ABSOLUTE
    mbedtls_des3_crypt_ecb                   0x080129c9   Thumb Code     0  ibl_symbol_mbedtls ABSOLUTE
    mbedtls_des3_free                        0x08012a15   Thumb Code     0  ibl_symbol_mbedtls ABSOLUTE
    mbedtls_des3_init                        0x08012a31   Thumb Code     0  ibl_symbol_mbedtls ABSOLUTE
    mbedtls_des3_set2key_dec                 0x08012a45   Thumb Code     0  ibl_symbol_mbedtls ABSOLUTE
    mbedtls_des3_set2key_enc                 0x08012a75   Thumb Code     0  ibl_symbol_mbedtls ABSOLUTE
    mbedtls_des3_set3key_dec                 0x08012aa1   Thumb Code     0  ibl_symbol_mbedtls ABSOLUTE
    mbedtls_des3_set3key_enc                 0x08012ac5   Thumb Code     0  ibl_symbol_mbedtls ABSOLUTE
    mbedtls_des_crypt_cbc                    0x08012ae5   Thumb Code     0  ibl_symbol_mbedtls ABSOLUTE
    mbedtls_des_crypt_ecb                    0x08012b79   Thumb Code     0  ibl_symbol_mbedtls ABSOLUTE
    mbedtls_des_free                         0x08012bcd   Thumb Code     0  ibl_symbol_mbedtls ABSOLUTE
    mbedtls_des_init                         0x08012be9   Thumb Code     0  ibl_symbol_mbedtls ABSOLUTE
    mbedtls_des_key_set_parity               0x08012bfd   Thumb Code     0  ibl_symbol_mbedtls ABSOLUTE
    mbedtls_des_setkey_dec                   0x08012c31   Thumb Code     0  ibl_symbol_mbedtls ABSOLUTE
    mbedtls_des_setkey_enc                   0x08012c55   Thumb Code     0  ibl_symbol_mbedtls ABSOLUTE
    mbedtls_dhm_calc_secret                  0x08012c75   Thumb Code     0  ibl_symbol_mbedtls ABSOLUTE
    mbedtls_dhm_free                         0x08012de5   Thumb Code     0  ibl_symbol_mbedtls ABSOLUTE
    mbedtls_dhm_init                         0x08012e51   Thumb Code     0  ibl_symbol_mbedtls ABSOLUTE
    mbedtls_dhm_make_params                  0x08012e69   Thumb Code     0  ibl_symbol_mbedtls ABSOLUTE
    mbedtls_dhm_make_public                  0x08013069   Thumb Code     0  ibl_symbol_mbedtls ABSOLUTE
    mbedtls_dhm_parse_dhm                    0x080131b5   Thumb Code     0  ibl_symbol_mbedtls ABSOLUTE
    mbedtls_dhm_read_params                  0x0801331d   Thumb Code     0  ibl_symbol_mbedtls ABSOLUTE
    mbedtls_dhm_read_public                  0x080133a1   Thumb Code     0  ibl_symbol_mbedtls ABSOLUTE
    mbedtls_dhm_set_group                    0x080133f9   Thumb Code     0  ibl_symbol_mbedtls ABSOLUTE
    mbedtls_ecdh_calc_secret                 0x08013451   Thumb Code     0  ibl_symbol_mbedtls ABSOLUTE
    mbedtls_ecdh_compute_shared              0x0801349d   Thumb Code     0  ibl_symbol_mbedtls ABSOLUTE
    mbedtls_ecdh_free                        0x080134e9   Thumb Code     0  ibl_symbol_mbedtls ABSOLUTE
    mbedtls_ecdh_gen_public                  0x08013521   Thumb Code     0  ibl_symbol_mbedtls ABSOLUTE
    mbedtls_ecdh_get_params                  0x08013561   Thumb Code     0  ibl_symbol_mbedtls ABSOLUTE
    mbedtls_ecdh_init                        0x080135a1   Thumb Code     0  ibl_symbol_mbedtls ABSOLUTE
    mbedtls_ecdh_make_params                 0x080135d9   Thumb Code     0  ibl_symbol_mbedtls ABSOLUTE
    mbedtls_ecdh_make_public                 0x08013631   Thumb Code     0  ibl_symbol_mbedtls ABSOLUTE
    mbedtls_ecdh_read_params                 0x08013689   Thumb Code     0  ibl_symbol_mbedtls ABSOLUTE
    mbedtls_ecdh_read_public                 0x080136e5   Thumb Code     0  ibl_symbol_mbedtls ABSOLUTE
    mbedtls_ecdh_setup                       0x08013705   Thumb Code     0  ibl_symbol_mbedtls ABSOLUTE
    mbedtls_ecdsa_free                       0x0801371d   Thumb Code     0  ibl_symbol_mbedtls ABSOLUTE
    mbedtls_ecdsa_from_keypair               0x08013739   Thumb Code     0  ibl_symbol_mbedtls ABSOLUTE
    mbedtls_ecdsa_genkey                     0x08013789   Thumb Code     0  ibl_symbol_mbedtls ABSOLUTE
    mbedtls_ecdsa_init                       0x080137dd   Thumb Code     0  ibl_symbol_mbedtls ABSOLUTE
    mbedtls_ecdsa_read_signature             0x080137f1   Thumb Code     0  ibl_symbol_mbedtls ABSOLUTE
    mbedtls_ecdsa_read_signature_restartable 0x0801382d   Thumb Code     0  ibl_symbol_mbedtls ABSOLUTE
    mbedtls_ecdsa_sign                       0x08013919   Thumb Code     0  ibl_symbol_mbedtls ABSOLUTE
    mbedtls_ecdsa_sign_det                   0x08013add   Thumb Code     0  ibl_symbol_mbedtls ABSOLUTE
    mbedtls_ecdsa_verify                     0x08013b35   Thumb Code     0  ibl_symbol_mbedtls ABSOLUTE
    mbedtls_ecdsa_write_signature            0x08013c69   Thumb Code     0  ibl_symbol_mbedtls ABSOLUTE
    mbedtls_ecdsa_write_signature_det        0x08013cc9   Thumb Code     0  ibl_symbol_mbedtls ABSOLUTE
    mbedtls_ecdsa_write_signature_restartable 0x08013d19   Thumb Code     0  ibl_symbol_mbedtls ABSOLUTE
    mbedtls_ecjpake_check                    0x08013db5   Thumb Code     0  ibl_symbol_mbedtls ABSOLUTE
    mbedtls_ecjpake_derive_secret            0x08013df1   Thumb Code     0  ibl_symbol_mbedtls ABSOLUTE
    mbedtls_ecjpake_free                     0x08013f45   Thumb Code     0  ibl_symbol_mbedtls ABSOLUTE
    mbedtls_ecjpake_init                     0x08013fb1   Thumb Code     0  ibl_symbol_mbedtls ABSOLUTE
    mbedtls_ecjpake_read_round_one           0x08014021   Thumb Code     0  ibl_symbol_mbedtls ABSOLUTE
    mbedtls_ecjpake_read_round_two           0x0801407d   Thumb Code     0  ibl_symbol_mbedtls ABSOLUTE
    mbedtls_ecjpake_setup                    0x0801417d   Thumb Code     0  ibl_symbol_mbedtls ABSOLUTE
    mbedtls_ecjpake_write_round_one          0x0801420d   Thumb Code     0  ibl_symbol_mbedtls ABSOLUTE
    mbedtls_ecjpake_write_round_two          0x080142ad   Thumb Code     0  ibl_symbol_mbedtls ABSOLUTE
    mbedtls_ecp_check_privkey                0x0801447d   Thumb Code     0  ibl_symbol_mbedtls ABSOLUTE
    mbedtls_ecp_check_pub_priv               0x08014545   Thumb Code     0  ibl_symbol_mbedtls ABSOLUTE
    mbedtls_ecp_check_pubkey                 0x08014639   Thumb Code     0  ibl_symbol_mbedtls ABSOLUTE
    mbedtls_ecp_copy                         0x080146a5   Thumb Code     0  ibl_symbol_mbedtls ABSOLUTE
    mbedtls_ecp_curve_info_from_grp_id       0x08014701   Thumb Code     0  ibl_symbol_mbedtls ABSOLUTE
    mbedtls_ecp_curve_info_from_name         0x08014741   Thumb Code     0  ibl_symbol_mbedtls ABSOLUTE
    mbedtls_ecp_curve_info_from_tls_id       0x0801478d   Thumb Code     0  ibl_symbol_mbedtls ABSOLUTE
    mbedtls_ecp_curve_list                   0x080147d1   Thumb Code     0  ibl_symbol_mbedtls ABSOLUTE
    mbedtls_ecp_curve_val_init               0x080147dd   Thumb Code     0  ibl_symbol_mbedtls ABSOLUTE
    mbedtls_ecp_gen_key                      0x0801481d   Thumb Code     0  ibl_symbol_mbedtls ABSOLUTE
    mbedtls_ecp_gen_keypair                  0x08014869   Thumb Code     0  ibl_symbol_mbedtls ABSOLUTE
    mbedtls_ecp_gen_keypair_base             0x080148ad   Thumb Code     0  ibl_symbol_mbedtls ABSOLUTE
    mbedtls_ecp_gen_privkey                  0x0801491d   Thumb Code     0  ibl_symbol_mbedtls ABSOLUTE
    mbedtls_ecp_group_copy                   0x08014ac5   Thumb Code     0  ibl_symbol_mbedtls ABSOLUTE
    mbedtls_ecp_group_free                   0x08014ae5   Thumb Code     0  ibl_symbol_mbedtls ABSOLUTE
    mbedtls_ecp_group_init                   0x08014b75   Thumb Code     0  ibl_symbol_mbedtls ABSOLUTE
    mbedtls_ecp_group_load                   0x08014bd9   Thumb Code     0  ibl_symbol_mbedtls ABSOLUTE
    mbedtls_ecp_grp_id_list                  0x0801503d   Thumb Code     0  ibl_symbol_mbedtls ABSOLUTE
    mbedtls_ecp_is_zero                      0x080150ad   Thumb Code     0  ibl_symbol_mbedtls ABSOLUTE
    mbedtls_ecp_keypair_free                 0x080150cd   Thumb Code     0  ibl_symbol_mbedtls ABSOLUTE
    mbedtls_ecp_keypair_init                 0x080150f9   Thumb Code     0  ibl_symbol_mbedtls ABSOLUTE
    mbedtls_ecp_mul                          0x0801511d   Thumb Code     0  ibl_symbol_mbedtls ABSOLUTE
    mbedtls_ecp_mul_restartable              0x08015169   Thumb Code     0  ibl_symbol_mbedtls ABSOLUTE
    mbedtls_ecp_muladd                       0x08015305   Thumb Code     0  ibl_symbol_mbedtls ABSOLUTE
    mbedtls_ecp_muladd_restartable           0x08015359   Thumb Code     0  ibl_symbol_mbedtls ABSOLUTE
    mbedtls_ecp_point_cmp                    0x08015435   Thumb Code     0  ibl_symbol_mbedtls ABSOLUTE
    mbedtls_ecp_point_free                   0x08015489   Thumb Code     0  ibl_symbol_mbedtls ABSOLUTE
    mbedtls_ecp_point_init                   0x080154b5   Thumb Code     0  ibl_symbol_mbedtls ABSOLUTE
    mbedtls_ecp_point_read_binary            0x080154d9   Thumb Code     0  ibl_symbol_mbedtls ABSOLUTE
    mbedtls_ecp_point_read_string            0x080155bd   Thumb Code     0  ibl_symbol_mbedtls ABSOLUTE
    mbedtls_ecp_point_write_binary           0x08015621   Thumb Code     0  ibl_symbol_mbedtls ABSOLUTE
    mbedtls_ecp_set_zero                     0x0801574d   Thumb Code     0  ibl_symbol_mbedtls ABSOLUTE
    mbedtls_ecp_tls_read_group               0x080157a1   Thumb Code     0  ibl_symbol_mbedtls ABSOLUTE
    mbedtls_ecp_tls_read_group_id            0x080157e1   Thumb Code     0  ibl_symbol_mbedtls ABSOLUTE
    mbedtls_ecp_tls_read_point               0x08015881   Thumb Code     0  ibl_symbol_mbedtls ABSOLUTE
    mbedtls_ecp_tls_write_group              0x0801590d   Thumb Code     0  ibl_symbol_mbedtls ABSOLUTE
    mbedtls_ecp_tls_write_point              0x08015985   Thumb Code     0  ibl_symbol_mbedtls ABSOLUTE
    mbedtls_entropy_add_source               0x08015a0d   Thumb Code     0  ibl_symbol_mbedtls ABSOLUTE
    mbedtls_entropy_free                     0x08015a95   Thumb Code     0  ibl_symbol_mbedtls ABSOLUTE
    mbedtls_entropy_func                     0x08015ac5   Thumb Code     0  ibl_symbol_mbedtls ABSOLUTE
    mbedtls_entropy_gather                   0x08015c15   Thumb Code     0  ibl_symbol_mbedtls ABSOLUTE
    mbedtls_entropy_init                     0x08015c29   Thumb Code     0  ibl_symbol_mbedtls ABSOLUTE
    mbedtls_entropy_update_manual            0x08015c71   Thumb Code     0  ibl_symbol_mbedtls ABSOLUTE
    mbedtls_free                             0x08015c91   Thumb Code     0  ibl_symbol_mbedtls ABSOLUTE
    mbedtls_gcm_auth_decrypt                 0x08015cb9   Thumb Code     0  ibl_symbol_mbedtls ABSOLUTE
    mbedtls_gcm_crypt_and_tag                0x08015d91   Thumb Code     0  ibl_symbol_mbedtls ABSOLUTE
    mbedtls_gcm_finish                       0x08015e35   Thumb Code     0  ibl_symbol_mbedtls ABSOLUTE
    mbedtls_gcm_free                         0x08015fad   Thumb Code     0  ibl_symbol_mbedtls ABSOLUTE
    mbedtls_gcm_init                         0x08015fd1   Thumb Code     0  ibl_symbol_mbedtls ABSOLUTE
    mbedtls_gcm_setkey                       0x08015fed   Thumb Code     0  ibl_symbol_mbedtls ABSOLUTE
    mbedtls_gcm_starts                       0x08016081   Thumb Code     0  ibl_symbol_mbedtls ABSOLUTE
    mbedtls_gcm_update                       0x080162a1   Thumb Code     0  ibl_symbol_mbedtls ABSOLUTE
    mbedtls_hardware_poll                    0x08016451   Thumb Code     0  ibl_symbol_mbedtls ABSOLUTE
    mbedtls_hkdf                             0x08016495   Thumb Code     0  ibl_symbol_mbedtls ABSOLUTE
    mbedtls_hkdf_expand                      0x08016515   Thumb Code     0  ibl_symbol_mbedtls ABSOLUTE
    mbedtls_hkdf_extract                     0x080166ad   Thumb Code     0  ibl_symbol_mbedtls ABSOLUTE
    mbedtls_hmac_drbg_free                   0x0801672d   Thumb Code     0  ibl_symbol_mbedtls ABSOLUTE
    mbedtls_hmac_drbg_init                   0x08016751   Thumb Code     0  ibl_symbol_mbedtls ABSOLUTE
    mbedtls_hmac_drbg_random                 0x08016765   Thumb Code     0  ibl_symbol_mbedtls ABSOLUTE
    mbedtls_hmac_drbg_random_with_add        0x0801678d   Thumb Code     0  ibl_symbol_mbedtls ABSOLUTE
    mbedtls_hmac_drbg_reseed                 0x080168cd   Thumb Code     0  ibl_symbol_mbedtls ABSOLUTE
    mbedtls_hmac_drbg_seed                   0x08016979   Thumb Code     0  ibl_symbol_mbedtls ABSOLUTE
    mbedtls_hmac_drbg_seed_buf               0x08016a39   Thumb Code     0  ibl_symbol_mbedtls ABSOLUTE
    mbedtls_hmac_drbg_set_entropy_len        0x08016ab9   Thumb Code     0  ibl_symbol_mbedtls ABSOLUTE
    mbedtls_hmac_drbg_set_prediction_resistance 0x08016ac9   Thumb Code     0  ibl_symbol_mbedtls ABSOLUTE
    mbedtls_hmac_drbg_set_reseed_interval    0x08016ad9   Thumb Code     0  ibl_symbol_mbedtls ABSOLUTE
    mbedtls_hmac_drbg_update                 0x08016ae9   Thumb Code     0  ibl_symbol_mbedtls ABSOLUTE
    mbedtls_hmac_drbg_update_ret             0x08016b01   Thumb Code     0  ibl_symbol_mbedtls ABSOLUTE
    mbedtls_hwpka_flag_set                   0x08016c11   Thumb Code     0  ibl_symbol_mbedtls ABSOLUTE
    mbedtls_internal_md5_process             0x08016e09   Thumb Code     0  ibl_symbol_mbedtls ABSOLUTE
    mbedtls_internal_sha1_process            0x08017911   Thumb Code     0  ibl_symbol_mbedtls ABSOLUTE
    mbedtls_internal_sha256_process          0x08018ef9   Thumb Code     0  ibl_symbol_mbedtls ABSOLUTE
    mbedtls_internal_sha512_process          0x0801989d   Thumb Code     0  ibl_symbol_mbedtls ABSOLUTE
    mbedtls_md                               0x0801a3c5   Thumb Code     0  ibl_symbol_mbedtls ABSOLUTE
    mbedtls_md5                              0x0801a3f9   Thumb Code     0  ibl_symbol_mbedtls ABSOLUTE
    mbedtls_md5_clone                        0x0801a411   Thumb Code     0  ibl_symbol_mbedtls ABSOLUTE
    mbedtls_md5_finish                       0x0801a429   Thumb Code     0  ibl_symbol_mbedtls ABSOLUTE
    mbedtls_md5_finish_ret                   0x0801a43d   Thumb Code     0  ibl_symbol_mbedtls ABSOLUTE
    mbedtls_md5_free                         0x0801a5bd   Thumb Code     0  ibl_symbol_mbedtls ABSOLUTE
    mbedtls_md5_init                         0x0801a5d9   Thumb Code     0  ibl_symbol_mbedtls ABSOLUTE
    mbedtls_md5_process                      0x0801a5ed   Thumb Code     0  ibl_symbol_mbedtls ABSOLUTE
    mbedtls_md5_ret                          0x0801a601   Thumb Code     0  ibl_symbol_mbedtls ABSOLUTE
    mbedtls_md5_starts                       0x0801a639   Thumb Code     0  ibl_symbol_mbedtls ABSOLUTE
    mbedtls_md5_starts_ret                   0x0801a649   Thumb Code     0  ibl_symbol_mbedtls ABSOLUTE
    mbedtls_md5_update                       0x0801a68d   Thumb Code     0  ibl_symbol_mbedtls ABSOLUTE
    mbedtls_md5_update_ret                   0x0801a6a5   Thumb Code     0  ibl_symbol_mbedtls ABSOLUTE
    mbedtls_md_clone                         0x0801a789   Thumb Code     0  ibl_symbol_mbedtls ABSOLUTE
    mbedtls_md_finish                        0x0801a7e1   Thumb Code     0  ibl_symbol_mbedtls ABSOLUTE
    mbedtls_md_free                          0x0801a819   Thumb Code     0  ibl_symbol_mbedtls ABSOLUTE
    mbedtls_md_get_name                      0x0801a871   Thumb Code     0  ibl_symbol_mbedtls ABSOLUTE
    mbedtls_md_get_size                      0x0801a891   Thumb Code     0  ibl_symbol_mbedtls ABSOLUTE
    mbedtls_md_get_type                      0x0801a8b5   Thumb Code     0  ibl_symbol_mbedtls ABSOLUTE
    mbedtls_md_hmac                          0x0801a8d5   Thumb Code     0  ibl_symbol_mbedtls ABSOLUTE
    mbedtls_md_hmac_finish                   0x0801a95d   Thumb Code     0  ibl_symbol_mbedtls ABSOLUTE
    mbedtls_md_hmac_reset                    0x0801aa0d   Thumb Code     0  ibl_symbol_mbedtls ABSOLUTE
    mbedtls_md_hmac_starts                   0x0801aa69   Thumb Code     0  ibl_symbol_mbedtls ABSOLUTE
    mbedtls_md_hmac_update                   0x0801ab91   Thumb Code     0  ibl_symbol_mbedtls ABSOLUTE
    mbedtls_md_info_from_string              0x0801abd5   Thumb Code     0  ibl_symbol_mbedtls ABSOLUTE
    mbedtls_md_info_from_type                0x0801acad   Thumb Code     0  ibl_symbol_mbedtls ABSOLUTE
    mbedtls_md_init                          0x0801ad1d   Thumb Code     0  ibl_symbol_mbedtls ABSOLUTE
    mbedtls_md_init_ctx                      0x0801ad31   Thumb Code     0  ibl_symbol_mbedtls ABSOLUTE
    mbedtls_md_list                          0x0801ad49   Thumb Code     0  ibl_symbol_mbedtls ABSOLUTE
    mbedtls_md_process                       0x0801ad55   Thumb Code     0  ibl_symbol_mbedtls ABSOLUTE
    mbedtls_md_setup                         0x0801ad8d   Thumb Code     0  ibl_symbol_mbedtls ABSOLUTE
    mbedtls_md_starts                        0x0801ae11   Thumb Code     0  ibl_symbol_mbedtls ABSOLUTE
    mbedtls_md_update                        0x0801ae45   Thumb Code     0  ibl_symbol_mbedtls ABSOLUTE
    mbedtls_memory_buffer_alloc_free         0x0801ae81   Thumb Code     0  ibl_symbol_mbedtls ABSOLUTE
    mbedtls_memory_buffer_alloc_init         0x0801ae95   Thumb Code     0  ibl_symbol_mbedtls ABSOLUTE
    mbedtls_memory_buffer_alloc_verify       0x0801af3d   Thumb Code     0  ibl_symbol_mbedtls ABSOLUTE
    mbedtls_memory_buffer_set_verify         0x0801af45   Thumb Code     0  ibl_symbol_mbedtls ABSOLUTE
    mbedtls_mpi_add_abs                      0x0801af59   Thumb Code     0  ibl_symbol_mbedtls ABSOLUTE
    mbedtls_mpi_add_int                      0x0801b0c5   Thumb Code     0  ibl_symbol_mbedtls ABSOLUTE
    mbedtls_mpi_add_mpi                      0x0801b119   Thumb Code     0  ibl_symbol_mbedtls ABSOLUTE
    mbedtls_mpi_bitlen                       0x0801b1bd   Thumb Code     0  ibl_symbol_mbedtls ABSOLUTE
    mbedtls_mpi_cmp_abs                      0x0801b221   Thumb Code     0  ibl_symbol_mbedtls ABSOLUTE
    mbedtls_mpi_cmp_int                      0x0801b321   Thumb Code     0  ibl_symbol_mbedtls ABSOLUTE
    mbedtls_mpi_cmp_mpi                      0x0801b36d   Thumb Code     0  ibl_symbol_mbedtls ABSOLUTE
    mbedtls_mpi_copy                         0x0801b4ad   Thumb Code     0  ibl_symbol_mbedtls ABSOLUTE
    mbedtls_mpi_div_int                      0x0801b575   Thumb Code     0  ibl_symbol_mbedtls ABSOLUTE
    mbedtls_mpi_div_mpi                      0x0801b5c9   Thumb Code     0  ibl_symbol_mbedtls ABSOLUTE
    mbedtls_mpi_exp_mod                      0x0801ba81   Thumb Code     0  ibl_symbol_mbedtls ABSOLUTE
    mbedtls_mpi_exp_mod_sw                   0x0801bbf5   Thumb Code     0  ibl_symbol_mbedtls ABSOLUTE
    mbedtls_mpi_fill_random                  0x0801c371   Thumb Code     0  ibl_symbol_mbedtls ABSOLUTE
    mbedtls_mpi_free                         0x0801c40d   Thumb Code     0  ibl_symbol_mbedtls ABSOLUTE
    mbedtls_mpi_gcd                          0x0801c44d   Thumb Code     0  ibl_symbol_mbedtls ABSOLUTE
    mbedtls_mpi_gen_prime                    0x0801c5dd   Thumb Code     0  ibl_symbol_mbedtls ABSOLUTE
    mbedtls_mpi_get_bit                      0x0801c915   Thumb Code     0  ibl_symbol_mbedtls ABSOLUTE
    mbedtls_mpi_grow                         0x0801c955   Thumb Code     0  ibl_symbol_mbedtls ABSOLUTE
    mbedtls_mpi_init                         0x0801c9dd   Thumb Code     0  ibl_symbol_mbedtls ABSOLUTE
    mbedtls_mpi_inv_mod                      0x0801c9f9   Thumb Code     0  ibl_symbol_mbedtls ABSOLUTE
    mbedtls_mpi_is_prime                     0x0801cd99   Thumb Code     0  ibl_symbol_mbedtls ABSOLUTE
    mbedtls_mpi_is_prime_ext                 0x0801cdbd   Thumb Code     0  ibl_symbol_mbedtls ABSOLUTE
    mbedtls_mpi_lsb                          0x0801ce49   Thumb Code     0  ibl_symbol_mbedtls ABSOLUTE
    mbedtls_mpi_lset                         0x0801ceb5   Thumb Code     0  ibl_symbol_mbedtls ABSOLUTE
    mbedtls_mpi_mod_int                      0x0801cf1d   Thumb Code     0  ibl_symbol_mbedtls ABSOLUTE
    mbedtls_mpi_mod_mpi                      0x0801d021   Thumb Code     0  ibl_symbol_mbedtls ABSOLUTE
    mbedtls_mpi_mul_int                      0x0801d0c9   Thumb Code     0  ibl_symbol_mbedtls ABSOLUTE
    mbedtls_mpi_mul_mpi                      0x0801d0f9   Thumb Code     0  ibl_symbol_mbedtls ABSOLUTE
    mbedtls_mpi_read_binary                  0x0801d39d   Thumb Code     0  ibl_symbol_mbedtls ABSOLUTE
    mbedtls_mpi_read_string                  0x0801d43d   Thumb Code     0  ibl_symbol_mbedtls ABSOLUTE
    mbedtls_mpi_safe_cond_assign             0x0801d61d   Thumb Code     0  ibl_symbol_mbedtls ABSOLUTE
    mbedtls_mpi_safe_cond_swap               0x0801d6f5   Thumb Code     0  ibl_symbol_mbedtls ABSOLUTE
    mbedtls_mpi_set_bit                      0x0801d811   Thumb Code     0  ibl_symbol_mbedtls ABSOLUTE
    mbedtls_mpi_shift_l                      0x0801d8c1   Thumb Code     0  ibl_symbol_mbedtls ABSOLUTE
    mbedtls_mpi_shift_r                      0x0801d9e9   Thumb Code     0  ibl_symbol_mbedtls ABSOLUTE
    mbedtls_mpi_shrink                       0x0801db05   Thumb Code     0  ibl_symbol_mbedtls ABSOLUTE
    mbedtls_mpi_size                         0x0801dbd5   Thumb Code     0  ibl_symbol_mbedtls ABSOLUTE
    mbedtls_mpi_sub_abs                      0x0801dbe9   Thumb Code     0  ibl_symbol_mbedtls ABSOLUTE
    mbedtls_mpi_sub_int                      0x0801dcb9   Thumb Code     0  ibl_symbol_mbedtls ABSOLUTE
    mbedtls_mpi_sub_mpi                      0x0801dd0d   Thumb Code     0  ibl_symbol_mbedtls ABSOLUTE
    mbedtls_mpi_swap                         0x0801ddb1   Thumb Code     0  ibl_symbol_mbedtls ABSOLUTE
    mbedtls_mpi_write_binary                 0x0801dde9   Thumb Code     0  ibl_symbol_mbedtls ABSOLUTE
    mbedtls_mpi_write_string                 0x0801deb9   Thumb Code     0  ibl_symbol_mbedtls ABSOLUTE
    mbedtls_oid_get_attr_short_name          0x0801e089   Thumb Code     0  ibl_symbol_mbedtls ABSOLUTE
    mbedtls_oid_get_cipher_alg               0x0801e0bd   Thumb Code     0  ibl_symbol_mbedtls ABSOLUTE
    mbedtls_oid_get_ec_grp                   0x0801e0f1   Thumb Code     0  ibl_symbol_mbedtls ABSOLUTE
    mbedtls_oid_get_extended_key_usage       0x0801e125   Thumb Code     0  ibl_symbol_mbedtls ABSOLUTE
    mbedtls_oid_get_md_alg                   0x0801e159   Thumb Code     0  ibl_symbol_mbedtls ABSOLUTE
    mbedtls_oid_get_md_hmac                  0x0801e18d   Thumb Code     0  ibl_symbol_mbedtls ABSOLUTE
    mbedtls_oid_get_numeric_string           0x0801e1c1   Thumb Code     0  ibl_symbol_mbedtls ABSOLUTE
    mbedtls_oid_get_oid_by_ec_grp            0x0801e305   Thumb Code     0  ibl_symbol_mbedtls ABSOLUTE
    mbedtls_oid_get_oid_by_md                0x0801e359   Thumb Code     0  ibl_symbol_mbedtls ABSOLUTE
    mbedtls_oid_get_oid_by_pk_alg            0x0801e3ad   Thumb Code     0  ibl_symbol_mbedtls ABSOLUTE
    mbedtls_oid_get_oid_by_sig_alg           0x0801e401   Thumb Code     0  ibl_symbol_mbedtls ABSOLUTE
    mbedtls_oid_get_pk_alg                   0x0801e465   Thumb Code     0  ibl_symbol_mbedtls ABSOLUTE
    mbedtls_oid_get_pkcs12_pbe_alg           0x0801e499   Thumb Code     0  ibl_symbol_mbedtls ABSOLUTE
    mbedtls_oid_get_sig_alg                  0x0801e4d5   Thumb Code     0  ibl_symbol_mbedtls ABSOLUTE
    mbedtls_oid_get_sig_alg_desc             0x0801e511   Thumb Code     0  ibl_symbol_mbedtls ABSOLUTE
    mbedtls_oid_get_x509_ext_type            0x0801e545   Thumb Code     0  ibl_symbol_mbedtls ABSOLUTE
    mbedtls_pem_free                         0x0801e579   Thumb Code     0  ibl_symbol_mbedtls ABSOLUTE
    mbedtls_pem_init                         0x0801e5b1   Thumb Code     0  ibl_symbol_mbedtls ABSOLUTE
    mbedtls_pem_read_buffer                  0x0801e5c5   Thumb Code     0  ibl_symbol_mbedtls ABSOLUTE
    mbedtls_pem_write_buffer                 0x0801ead5   Thumb Code     0  ibl_symbol_mbedtls ABSOLUTE
    mbedtls_pk_can_do                        0x0801ec51   Thumb Code     0  ibl_symbol_mbedtls ABSOLUTE
    mbedtls_pk_check_pair                    0x0801ec81   Thumb Code     0  ibl_symbol_mbedtls ABSOLUTE
    mbedtls_pk_debug                         0x0801ed1d   Thumb Code     0  ibl_symbol_mbedtls ABSOLUTE
    mbedtls_pk_decrypt                       0x0801ed6d   Thumb Code     0  ibl_symbol_mbedtls ABSOLUTE
    mbedtls_pk_encrypt                       0x0801ee19   Thumb Code     0  ibl_symbol_mbedtls ABSOLUTE
    mbedtls_pk_free                          0x0801eea1   Thumb Code     0  ibl_symbol_mbedtls ABSOLUTE
    mbedtls_pk_get_bitlen                    0x0801eed1   Thumb Code     0  ibl_symbol_mbedtls ABSOLUTE
    mbedtls_pk_get_name                      0x0801ef15   Thumb Code     0  ibl_symbol_mbedtls ABSOLUTE
    mbedtls_pk_get_type                      0x0801ef45   Thumb Code     0  ibl_symbol_mbedtls ABSOLUTE
    mbedtls_pk_info_from_type                0x0801ef6d   Thumb Code     0  ibl_symbol_mbedtls ABSOLUTE
    mbedtls_pk_init                          0x0801efd5   Thumb Code     0  ibl_symbol_mbedtls ABSOLUTE
    mbedtls_pk_parse_key                     0x0801efed   Thumb Code     0  ibl_symbol_mbedtls ABSOLUTE
    mbedtls_pk_parse_public_key              0x0801f3e1   Thumb Code     0  ibl_symbol_mbedtls ABSOLUTE
    mbedtls_pk_parse_subpubkey               0x0801f5ed   Thumb Code     0  ibl_symbol_mbedtls ABSOLUTE
    mbedtls_pk_setup                         0x0801f7cd   Thumb Code     0  ibl_symbol_mbedtls ABSOLUTE
    mbedtls_pk_setup_rsa_alt                 0x0801f821   Thumb Code     0  ibl_symbol_mbedtls ABSOLUTE
    mbedtls_pk_sign                          0x0801f89d   Thumb Code     0  ibl_symbol_mbedtls ABSOLUTE
    mbedtls_pk_sign_restartable              0x0801f8ed   Thumb Code     0  ibl_symbol_mbedtls ABSOLUTE
    mbedtls_pk_verify                        0x0801f981   Thumb Code     0  ibl_symbol_mbedtls ABSOLUTE
    mbedtls_pk_verify_ext                    0x0801f9bd   Thumb Code     0  ibl_symbol_mbedtls ABSOLUTE
    mbedtls_pk_verify_restartable            0x0801faf5   Thumb Code     0  ibl_symbol_mbedtls ABSOLUTE
    mbedtls_pk_write_key_der                 0x0801fb79   Thumb Code     0  ibl_symbol_mbedtls ABSOLUTE
    mbedtls_pk_write_key_pem                 0x08020059   Thumb Code     0  ibl_symbol_mbedtls ABSOLUTE
    mbedtls_pk_write_pubkey                  0x08020151   Thumb Code     0  ibl_symbol_mbedtls ABSOLUTE
    mbedtls_pk_write_pubkey_der              0x08020219   Thumb Code     0  ibl_symbol_mbedtls ABSOLUTE
    mbedtls_pk_write_pubkey_pem              0x080203d1   Thumb Code     0  ibl_symbol_mbedtls ABSOLUTE
    mbedtls_pkcs12_derivation                0x08020475   Thumb Code     0  ibl_symbol_mbedtls ABSOLUTE
    mbedtls_pkcs12_pbe                       0x08020701   Thumb Code     0  ibl_symbol_mbedtls ABSOLUTE
    mbedtls_pkcs12_pbe_sha1_rc4_128          0x08020835   Thumb Code     0  ibl_symbol_mbedtls ABSOLUTE
    mbedtls_pkcs5_pbes2                      0x080208c1   Thumb Code     0  ibl_symbol_mbedtls ABSOLUTE
    mbedtls_pkcs5_pbkdf2_hmac                0x08020add   Thumb Code     0  ibl_symbol_mbedtls ABSOLUTE
    mbedtls_platform_set_calloc_free         0x08020c81   Thumb Code     0  ibl_symbol_mbedtls ABSOLUTE
    mbedtls_platform_set_hardware_poll       0x08020ca5   Thumb Code     0  ibl_symbol_mbedtls ABSOLUTE
    mbedtls_platform_set_printf              0x08020cbd   Thumb Code     0  ibl_symbol_mbedtls ABSOLUTE
    mbedtls_platform_set_snprintf            0x08020cd5   Thumb Code     0  ibl_symbol_mbedtls ABSOLUTE
    mbedtls_platform_set_time                0x08020ced   Thumb Code     0  ibl_symbol_mbedtls ABSOLUTE
    mbedtls_platform_setup                   0x08020d05   Thumb Code     0  ibl_symbol_mbedtls ABSOLUTE
    mbedtls_platform_teardown                0x08020d11   Thumb Code     0  ibl_symbol_mbedtls ABSOLUTE
    mbedtls_platform_zeroize                 0x08020d19   Thumb Code     0  ibl_symbol_mbedtls ABSOLUTE
    mbedtls_rsa_check_privkey                0x08020d31   Thumb Code     0  ibl_symbol_mbedtls ABSOLUTE
    mbedtls_rsa_check_pub_priv               0x08020de5   Thumb Code     0  ibl_symbol_mbedtls ABSOLUTE
    mbedtls_rsa_check_pubkey                 0x08020e4d   Thumb Code     0  ibl_symbol_mbedtls ABSOLUTE
    mbedtls_rsa_complete                     0x08020ed1   Thumb Code     0  ibl_symbol_mbedtls ABSOLUTE
    mbedtls_rsa_copy                         0x0802115d   Thumb Code     0  ibl_symbol_mbedtls ABSOLUTE
    mbedtls_rsa_deduce_crt                   0x080212e5   Thumb Code     0  ibl_symbol_mbedtls ABSOLUTE
    mbedtls_rsa_deduce_primes                0x08021399   Thumb Code     0  ibl_symbol_mbedtls ABSOLUTE
    mbedtls_rsa_deduce_private_exponent      0x08021631   Thumb Code     0  ibl_symbol_mbedtls ABSOLUTE
    mbedtls_rsa_export                       0x08021739   Thumb Code     0  ibl_symbol_mbedtls ABSOLUTE
    mbedtls_rsa_export_crt                   0x0802186d   Thumb Code     0  ibl_symbol_mbedtls ABSOLUTE
    mbedtls_rsa_export_raw                   0x0802195d   Thumb Code     0  ibl_symbol_mbedtls ABSOLUTE
    mbedtls_rsa_free                         0x08021ad5   Thumb Code     0  ibl_symbol_mbedtls ABSOLUTE
    mbedtls_rsa_gen_key                      0x08021b51   Thumb Code     0  ibl_symbol_mbedtls ABSOLUTE
    mbedtls_rsa_get_len                      0x08021e41   Thumb Code     0  ibl_symbol_mbedtls ABSOLUTE
    mbedtls_rsa_import                       0x08021e4d   Thumb Code     0  ibl_symbol_mbedtls ABSOLUTE
    mbedtls_rsa_import_raw                   0x08021efd   Thumb Code     0  ibl_symbol_mbedtls ABSOLUTE
    mbedtls_rsa_init                         0x08021ff9   Thumb Code     0  ibl_symbol_mbedtls ABSOLUTE
    mbedtls_rsa_pkcs1_decrypt                0x08022025   Thumb Code     0  ibl_symbol_mbedtls ABSOLUTE
    mbedtls_rsa_pkcs1_encrypt                0x080220e1   Thumb Code     0  ibl_symbol_mbedtls ABSOLUTE
    mbedtls_rsa_pkcs1_sign                   0x08022189   Thumb Code     0  ibl_symbol_mbedtls ABSOLUTE
    mbedtls_rsa_pkcs1_verify                 0x08022235   Thumb Code     0  ibl_symbol_mbedtls ABSOLUTE
    mbedtls_rsa_private                      0x080222e1   Thumb Code     0  ibl_symbol_mbedtls ABSOLUTE
    mbedtls_rsa_private_sw                   0x080223b9   Thumb Code     0  ibl_symbol_mbedtls ABSOLUTE
    mbedtls_rsa_public                       0x08022761   Thumb Code     0  ibl_symbol_mbedtls ABSOLUTE
    mbedtls_rsa_rsaes_oaep_decrypt           0x0802282d   Thumb Code     0  ibl_symbol_mbedtls ABSOLUTE
    mbedtls_rsa_rsaes_oaep_encrypt           0x08022b99   Thumb Code     0  ibl_symbol_mbedtls ABSOLUTE
    mbedtls_rsa_rsaes_pkcs1_v15_decrypt      0x08022d95   Thumb Code     0  ibl_symbol_mbedtls ABSOLUTE
    mbedtls_rsa_rsaes_pkcs1_v15_encrypt      0x080230b9   Thumb Code     0  ibl_symbol_mbedtls ABSOLUTE
    mbedtls_rsa_rsassa_pkcs1_v15_sign        0x08023235   Thumb Code     0  ibl_symbol_mbedtls ABSOLUTE
    mbedtls_rsa_rsassa_pkcs1_v15_verify      0x08023371   Thumb Code     0  ibl_symbol_mbedtls ABSOLUTE
    mbedtls_rsa_rsassa_pss_sign              0x0802349d   Thumb Code     0  ibl_symbol_mbedtls ABSOLUTE
    mbedtls_rsa_rsassa_pss_verify            0x08023729   Thumb Code     0  ibl_symbol_mbedtls ABSOLUTE
    mbedtls_rsa_rsassa_pss_verify_ext        0x080237ad   Thumb Code     0  ibl_symbol_mbedtls ABSOLUTE
    mbedtls_rsa_set_padding                  0x08023b75   Thumb Code     0  ibl_symbol_mbedtls ABSOLUTE
    mbedtls_rsa_validate_crt                 0x08023b99   Thumb Code     0  ibl_symbol_mbedtls ABSOLUTE
    mbedtls_rsa_validate_params              0x08023d59   Thumb Code     0  ibl_symbol_mbedtls ABSOLUTE
    mbedtls_sha1                             0x0802402d   Thumb Code     0  ibl_symbol_mbedtls ABSOLUTE
    mbedtls_sha1_clone                       0x08024045   Thumb Code     0  ibl_symbol_mbedtls ABSOLUTE
    mbedtls_sha1_finish                      0x08024065   Thumb Code     0  ibl_symbol_mbedtls ABSOLUTE
    mbedtls_sha1_finish_ret                  0x08024079   Thumb Code     0  ibl_symbol_mbedtls ABSOLUTE
    mbedtls_sha1_free                        0x08024221   Thumb Code     0  ibl_symbol_mbedtls ABSOLUTE
    mbedtls_sha1_init                        0x0802423d   Thumb Code     0  ibl_symbol_mbedtls ABSOLUTE
    mbedtls_sha1_process                     0x08024255   Thumb Code     0  ibl_symbol_mbedtls ABSOLUTE
    mbedtls_sha1_ret                         0x08024269   Thumb Code     0  ibl_symbol_mbedtls ABSOLUTE
    mbedtls_sha1_starts                      0x0802429d   Thumb Code     0  ibl_symbol_mbedtls ABSOLUTE
    mbedtls_sha1_starts_ret                  0x080242ad   Thumb Code     0  ibl_symbol_mbedtls ABSOLUTE
    mbedtls_sha1_update                      0x08024301   Thumb Code     0  ibl_symbol_mbedtls ABSOLUTE
    mbedtls_sha1_update_ret                  0x08024319   Thumb Code     0  ibl_symbol_mbedtls ABSOLUTE
    mbedtls_sha256                           0x08024405   Thumb Code     0  ibl_symbol_mbedtls ABSOLUTE
    mbedtls_sha256_clone                     0x08024421   Thumb Code     0  ibl_symbol_mbedtls ABSOLUTE
    mbedtls_sha256_finish                    0x08024441   Thumb Code     0  ibl_symbol_mbedtls ABSOLUTE
    mbedtls_sha256_finish_ret                0x08024455   Thumb Code     0  ibl_symbol_mbedtls ABSOLUTE
    mbedtls_sha256_free                      0x0802469d   Thumb Code     0  ibl_symbol_mbedtls ABSOLUTE
    mbedtls_sha256_init                      0x080246b9   Thumb Code     0  ibl_symbol_mbedtls ABSOLUTE
    mbedtls_sha256_process                   0x080246d1   Thumb Code     0  ibl_symbol_mbedtls ABSOLUTE
    mbedtls_sha256_ret                       0x080246e5   Thumb Code     0  ibl_symbol_mbedtls ABSOLUTE
    mbedtls_sha256_starts                    0x0802472d   Thumb Code     0  ibl_symbol_mbedtls ABSOLUTE
    mbedtls_sha256_starts_ret                0x08024741   Thumb Code     0  ibl_symbol_mbedtls ABSOLUTE
    mbedtls_sha256_update                    0x08024831   Thumb Code     0  ibl_symbol_mbedtls ABSOLUTE
    mbedtls_sha256_update_ret                0x08024849   Thumb Code     0  ibl_symbol_mbedtls ABSOLUTE
    mbedtls_sha512                           0x08024935   Thumb Code     0  ibl_symbol_mbedtls ABSOLUTE
    mbedtls_sha512_clone                     0x08024951   Thumb Code     0  ibl_symbol_mbedtls ABSOLUTE
    mbedtls_sha512_finish                    0x08024971   Thumb Code     0  ibl_symbol_mbedtls ABSOLUTE
    mbedtls_sha512_finish_ret                0x08024985   Thumb Code     0  ibl_symbol_mbedtls ABSOLUTE
    mbedtls_sha512_free                      0x08024d9d   Thumb Code     0  ibl_symbol_mbedtls ABSOLUTE
    mbedtls_sha512_init                      0x08024db9   Thumb Code     0  ibl_symbol_mbedtls ABSOLUTE
    mbedtls_sha512_process                   0x08024dd1   Thumb Code     0  ibl_symbol_mbedtls ABSOLUTE
    mbedtls_sha512_ret                       0x08024de5   Thumb Code     0  ibl_symbol_mbedtls ABSOLUTE
    mbedtls_sha512_starts                    0x08024e45   Thumb Code     0  ibl_symbol_mbedtls ABSOLUTE
    mbedtls_sha512_starts_ret                0x08024e59   Thumb Code     0  ibl_symbol_mbedtls ABSOLUTE
    mbedtls_sha512_update                    0x08024ff1   Thumb Code     0  ibl_symbol_mbedtls ABSOLUTE
    mbedtls_sha512_update_ret                0x08025009   Thumb Code     0  ibl_symbol_mbedtls ABSOLUTE
    mbedtls_ssl_ciphersuite_from_id          0x0802510d   Thumb Code     0  ibl_symbol_mbedtls ABSOLUTE
    mbedtls_ssl_ciphersuite_from_string      0x0802514d   Thumb Code     0  ibl_symbol_mbedtls ABSOLUTE
    mbedtls_ssl_ciphersuite_uses_ec          0x0802519d   Thumb Code     0  ibl_symbol_mbedtls ABSOLUTE
    mbedtls_ssl_ciphersuite_uses_psk         0x080251cd   Thumb Code     0  ibl_symbol_mbedtls ABSOLUTE
    mbedtls_ssl_get_ciphersuite_id           0x08025419   Thumb Code     0  ibl_symbol_mbedtls ABSOLUTE
    mbedtls_ssl_get_ciphersuite_name         0x08025441   Thumb Code     0  ibl_symbol_mbedtls ABSOLUTE
    mbedtls_ssl_get_ciphersuite_sig_alg      0x08025471   Thumb Code     0  ibl_symbol_mbedtls ABSOLUTE
    mbedtls_ssl_get_ciphersuite_sig_pk_alg   0x080254a5   Thumb Code     0  ibl_symbol_mbedtls ABSOLUTE
    mbedtls_ssl_list_ciphersuites            0x080254f1   Thumb Code     0  ibl_symbol_mbedtls ABSOLUTE
    mbedtls_strerror                         0x08025929   Thumb Code     0  ibl_symbol_mbedtls ABSOLUTE
    mbedtls_time                             0x08025945   Thumb Code     0  ibl_symbol_mbedtls ABSOLUTE
    mbedtls_x509_crl_free                    0x0802598d   Thumb Code     0  ibl_symbol_mbedtls ABSOLUTE
    mbedtls_x509_crl_info                    0x08025a65   Thumb Code     0  ibl_symbol_mbedtls ABSOLUTE
    mbedtls_x509_crl_init                    0x08025f0d   Thumb Code     0  ibl_symbol_mbedtls ABSOLUTE
    mbedtls_x509_crl_parse                   0x08025f21   Thumb Code     0  ibl_symbol_mbedtls ABSOLUTE
    mbedtls_x509_crl_parse_der               0x0802602d   Thumb Code     0  ibl_symbol_mbedtls ABSOLUTE
    mbedtls_x509_crt_check_extended_key_usage 0x0802643d   Thumb Code     0  ibl_symbol_mbedtls ABSOLUTE
    mbedtls_x509_crt_check_key_usage         0x080264e5   Thumb Code     0  ibl_symbol_mbedtls ABSOLUTE
    mbedtls_x509_crt_free                    0x08026561   Thumb Code     0  ibl_symbol_mbedtls ABSOLUTE
    mbedtls_x509_crt_info                    0x080266a1   Thumb Code     0  ibl_symbol_mbedtls ABSOLUTE
    mbedtls_x509_crt_init                    0x08026e95   Thumb Code     0  ibl_symbol_mbedtls ABSOLUTE
    mbedtls_x509_crt_is_revoked              0x08026ead   Thumb Code     0  ibl_symbol_mbedtls ABSOLUTE
    mbedtls_x509_crt_parse                   0x08026f25   Thumb Code     0  ibl_symbol_mbedtls ABSOLUTE
    mbedtls_x509_crt_parse_der               0x080270a1   Thumb Code     0  ibl_symbol_mbedtls ABSOLUTE
    mbedtls_x509_crt_parse_der_nocopy        0x080271b5   Thumb Code     0  ibl_symbol_mbedtls ABSOLUTE
    mbedtls_x509_crt_verify                  0x080271d1   Thumb Code     0  ibl_symbol_mbedtls ABSOLUTE
    mbedtls_x509_crt_verify_info             0x08027221   Thumb Code     0  ibl_symbol_mbedtls ABSOLUTE
    mbedtls_x509_crt_verify_restartable      0x08027331   Thumb Code     0  ibl_symbol_mbedtls ABSOLUTE
    mbedtls_x509_crt_verify_with_profile     0x08027445   Thumb Code     0  ibl_symbol_mbedtls ABSOLUTE
    mbedtls_x509_csr_free                    0x08027495   Thumb Code     0  ibl_symbol_mbedtls ABSOLUTE
    mbedtls_x509_csr_info                    0x08027505   Thumb Code     0  ibl_symbol_mbedtls ABSOLUTE
    mbedtls_x509_csr_init                    0x08027755   Thumb Code     0  ibl_symbol_mbedtls ABSOLUTE
    mbedtls_x509_csr_parse                   0x08027769   Thumb Code     0  ibl_symbol_mbedtls ABSOLUTE
    mbedtls_x509_csr_parse_der               0x08027841   Thumb Code     0  ibl_symbol_mbedtls ABSOLUTE
    mbedtls_x509_dn_gets                     0x08027abd   Thumb Code     0  ibl_symbol_mbedtls ABSOLUTE
    mbedtls_x509_get_alg                     0x08027cd1   Thumb Code     0  ibl_symbol_mbedtls ABSOLUTE
    mbedtls_x509_get_alg_null                0x08027d05   Thumb Code     0  ibl_symbol_mbedtls ABSOLUTE
    mbedtls_x509_get_ext                     0x08027d35   Thumb Code     0  ibl_symbol_mbedtls ABSOLUTE
    mbedtls_x509_get_name                    0x08027dd5   Thumb Code     0  ibl_symbol_mbedtls ABSOLUTE
    mbedtls_x509_get_rsassa_pss_params       0x08027e99   Thumb Code     0  ibl_symbol_mbedtls ABSOLUTE
    mbedtls_x509_get_serial                  0x08028135   Thumb Code     0  ibl_symbol_mbedtls ABSOLUTE
    mbedtls_x509_get_sig                     0x080281c9   Thumb Code     0  ibl_symbol_mbedtls ABSOLUTE
    mbedtls_x509_get_sig_alg                 0x08028239   Thumb Code     0  ibl_symbol_mbedtls ABSOLUTE
    mbedtls_x509_get_time                    0x080282f9   Thumb Code     0  ibl_symbol_mbedtls ABSOLUTE
    mbedtls_x509_key_size_helper             0x08028391   Thumb Code     0  ibl_symbol_mbedtls ABSOLUTE
    mbedtls_x509_serial_gets                 0x08028401   Thumb Code     0  ibl_symbol_mbedtls ABSOLUTE
    mbedtls_x509_set_extension               0x08028545   Thumb Code     0  ibl_symbol_mbedtls ABSOLUTE
    mbedtls_x509_sig_alg_gets                0x080285a5   Thumb Code     0  ibl_symbol_mbedtls ABSOLUTE
    mbedtls_x509_string_to_names             0x08028721   Thumb Code     0  ibl_symbol_mbedtls ABSOLUTE
    mbedtls_x509_time_is_future              0x080288d9   Thumb Code     0  ibl_symbol_mbedtls ABSOLUTE
    mbedtls_x509_time_is_past                0x080288e5   Thumb Code     0  ibl_symbol_mbedtls ABSOLUTE
    mbedtls_x509_write_extensions            0x080288f1   Thumb Code     0  ibl_symbol_mbedtls ABSOLUTE
    mbedtls_x509_write_names                 0x08028949   Thumb Code     0  ibl_symbol_mbedtls ABSOLUTE
    mbedtls_x509_write_sig                   0x080289f1   Thumb Code     0  ibl_symbol_mbedtls ABSOLUTE
    mbedtls_x509write_crt_der                0x08028b01   Thumb Code     0  ibl_symbol_mbedtls ABSOLUTE
    mbedtls_x509write_crt_free               0x08029149   Thumb Code     0  ibl_symbol_mbedtls ABSOLUTE
    mbedtls_x509write_crt_init               0x0802917d   Thumb Code     0  ibl_symbol_mbedtls ABSOLUTE
    mbedtls_x509write_crt_pem                0x080291a1   Thumb Code     0  ibl_symbol_mbedtls ABSOLUTE
    mbedtls_x509write_crt_set_authority_key_identifier 0x08029261   Thumb Code     0  ibl_symbol_mbedtls ABSOLUTE
    mbedtls_x509write_crt_set_basic_constraints 0x080293dd   Thumb Code     0  ibl_symbol_mbedtls ABSOLUTE
    mbedtls_x509write_crt_set_extension      0x080294fd   Thumb Code     0  ibl_symbol_mbedtls ABSOLUTE
    mbedtls_x509write_crt_set_issuer_key     0x08029535   Thumb Code     0  ibl_symbol_mbedtls ABSOLUTE
    mbedtls_x509write_crt_set_issuer_name    0x08029545   Thumb Code     0  ibl_symbol_mbedtls ABSOLUTE
    mbedtls_x509write_crt_set_key_usage      0x0802955d   Thumb Code     0  ibl_symbol_mbedtls ABSOLUTE
    mbedtls_x509write_crt_set_md_alg         0x08029611   Thumb Code     0  ibl_symbol_mbedtls ABSOLUTE
    mbedtls_x509write_crt_set_ns_cert_type   0x08029621   Thumb Code     0  ibl_symbol_mbedtls ABSOLUTE
    mbedtls_x509write_crt_set_serial         0x0802968d   Thumb Code     0  ibl_symbol_mbedtls ABSOLUTE
    mbedtls_x509write_crt_set_subject_key    0x080296b9   Thumb Code     0  ibl_symbol_mbedtls ABSOLUTE
    mbedtls_x509write_crt_set_subject_key_identifier 0x080296c9   Thumb Code     0  ibl_symbol_mbedtls ABSOLUTE
    mbedtls_x509write_crt_set_subject_name   0x080297e5   Thumb Code     0  ibl_symbol_mbedtls ABSOLUTE
    mbedtls_x509write_crt_set_validity       0x080297fd   Thumb Code     0  ibl_symbol_mbedtls ABSOLUTE
    mbedtls_x509write_crt_set_version        0x08029861   Thumb Code     0  ibl_symbol_mbedtls ABSOLUTE
    mbedtls_x509write_csr_der                0x08029871   Thumb Code     0  ibl_symbol_mbedtls ABSOLUTE
    mbedtls_x509write_csr_free               0x08029d95   Thumb Code     0  ibl_symbol_mbedtls ABSOLUTE
    mbedtls_x509write_csr_init               0x08029db9   Thumb Code     0  ibl_symbol_mbedtls ABSOLUTE
    mbedtls_x509write_csr_pem                0x08029dcd   Thumb Code     0  ibl_symbol_mbedtls ABSOLUTE
    mbedtls_x509write_csr_set_extension      0x08029e8d   Thumb Code     0  ibl_symbol_mbedtls ABSOLUTE
    mbedtls_x509write_csr_set_key            0x08029ec1   Thumb Code     0  ibl_symbol_mbedtls ABSOLUTE
    mbedtls_x509write_csr_set_key_usage      0x08029ed1   Thumb Code     0  ibl_symbol_mbedtls ABSOLUTE
    mbedtls_x509write_csr_set_md_alg         0x08029f39   Thumb Code     0  ibl_symbol_mbedtls ABSOLUTE
    mbedtls_x509write_csr_set_ns_cert_type   0x08029f49   Thumb Code     0  ibl_symbol_mbedtls ABSOLUTE
    mbedtls_x509write_csr_set_subject_name   0x08029fb1   Thumb Code     0  ibl_symbol_mbedtls ABSOLUTE
    mbedtls_xtea_crypt_cbc                   0x08029fc9   Thumb Code     0  ibl_symbol_mbedtls ABSOLUTE
    mbedtls_xtea_crypt_ecb                   0x0802a0c1   Thumb Code     0  ibl_symbol_mbedtls ABSOLUTE
    mbedtls_xtea_free                        0x0802a209   Thumb Code     0  ibl_symbol_mbedtls ABSOLUTE
    mbedtls_xtea_init                        0x0802a225   Thumb Code     0  ibl_symbol_mbedtls ABSOLUTE
    mbedtls_xtea_setup                       0x0802a239   Thumb Code     0  ibl_symbol_mbedtls ABSOLUTE
    x25519_ge_add                            0x0802ef7d   Thumb Code     0  ibl_symbol_mbedtls ABSOLUTE
    x25519_ge_frombytes_vartime              0x0802f031   Thumb Code     0  ibl_symbol_mbedtls ABSOLUTE
    x25519_ge_p1p1_to_p2                     0x0802f171   Thumb Code     0  ibl_symbol_mbedtls ABSOLUTE
    x25519_ge_p1p1_to_p3                     0x0802f1a9   Thumb Code     0  ibl_symbol_mbedtls ABSOLUTE
    x25519_ge_p3_to_cached                   0x0802f1f1   Thumb Code     0  ibl_symbol_mbedtls ABSOLUTE
    x25519_ge_sub                            0x0802f239   Thumb Code     0  ibl_symbol_mbedtls ABSOLUTE
    x25519_ge_tobytes                        0x0802f2ed   Thumb Code     0  ibl_symbol_mbedtls ABSOLUTE
    x25519_sc_reduce                         0x0802f33d   Thumb Code     0  ibl_symbol_mbedtls ABSOLUTE
    ciphersuite_preference_default           0x08037581   Data           0  ibl_symbol_mbedtls ABSOLUTE
    mbedtls_cipher_definitions               0x08037c89   Data           0  ibl_symbol_mbedtls ABSOLUTE
    mbedtls_ecdsa_info                       0x08037e21   Data           0  ibl_symbol_mbedtls ABSOLUTE
    mbedtls_eckey_info                       0x08037e51   Data           0  ibl_symbol_mbedtls ABSOLUTE
    mbedtls_eckeydh_info                     0x08037e81   Data           0  ibl_symbol_mbedtls ABSOLUTE
    mbedtls_ed25519_info                     0x08037eb1   Data           0  ibl_symbol_mbedtls ABSOLUTE
    mbedtls_md5_info                         0x08037ee1   Data           0  ibl_symbol_mbedtls ABSOLUTE
    mbedtls_rsa_alt_info                     0x08037f11   Data           0  ibl_symbol_mbedtls ABSOLUTE
    mbedtls_rsa_info                         0x08037f41   Data           0  ibl_symbol_mbedtls ABSOLUTE
    mbedtls_sha1_info                        0x08037f71   Data           0  ibl_symbol_mbedtls ABSOLUTE
    mbedtls_sha224_info                      0x08037fa1   Data           0  ibl_symbol_mbedtls ABSOLUTE
    mbedtls_sha256_info                      0x08037fd1   Data           0  ibl_symbol_mbedtls ABSOLUTE
    mbedtls_sha384_info                      0x08038001   Data           0  ibl_symbol_mbedtls ABSOLUTE
    mbedtls_sha512_info                      0x08038031   Data           0  ibl_symbol_mbedtls ABSOLUTE
    mbedtls_x509_crt_profile_next            0x08038071   Data           0  ibl_symbol_mbedtls ABSOLUTE
    mbedtls_x509_crt_profile_suiteb          0x08038081   Data           0  ibl_symbol_mbedtls ABSOLUTE
    boot_write_image_ok                      0x080643f9   Thumb Code     0  mbl_symbol ABSOLUTE
    boot_write_magic                         0x08064455   Thumb Code     0  mbl_symbol ABSOLUTE
    flash_area_open                          0x08065aa1   Thumb Code     0  mbl_symbol ABSOLUTE
    __Vectors                                0x08080200   Data           4  startup_gd32f5xx.o(RESET)
    __Vectors_End                            0x080805cc   Data           0  startup_gd32f5xx.o(RESET)
    __main                                   0x080805cd   Thumb Code     0  entry.o(.ARM.Collect$$$$00000000)
    _main_stk                                0x080805cd   Thumb Code     0  entry2.o(.ARM.Collect$$$$00000001)
    _main_scatterload                        0x080805d1   Thumb Code     0  entry5.o(.ARM.Collect$$$$00000004)
    __main_after_scatterload                 0x080805d5   Thumb Code     0  entry5.o(.ARM.Collect$$$$00000004)
    _main_clock                              0x080805d5   Thumb Code     0  entry7b.o(.ARM.Collect$$$$00000008)
    _main_cpp_init                           0x080805d5   Thumb Code     0  entry8b.o(.ARM.Collect$$$$0000000A)
    _main_init                               0x080805d5   Thumb Code     0  entry9a.o(.ARM.Collect$$$$0000000B)
    __rt_final_cpp                           0x080805dd   Thumb Code     0  entry10a.o(.ARM.Collect$$$$0000000D)
    __rt_final_exit                          0x080805dd   Thumb Code     0  entry11a.o(.ARM.Collect$$$$0000000F)
    Reset_Handler                            0x080805e1   Thumb Code     8  startup_gd32f5xx.o(.text)
    ADC_IRQHandler                           0x080805fb   Thumb Code     0  startup_gd32f5xx.o(.text)
    CAN0_EWMC_IRQHandler                     0x080805fb   Thumb Code     0  startup_gd32f5xx.o(.text)
    CAN0_RX0_IRQHandler                      0x080805fb   Thumb Code     0  startup_gd32f5xx.o(.text)
    CAN0_RX1_IRQHandler                      0x080805fb   Thumb Code     0  startup_gd32f5xx.o(.text)
    CAN0_TX_IRQHandler                       0x080805fb   Thumb Code     0  startup_gd32f5xx.o(.text)
    CAN1_EWMC_IRQHandler                     0x080805fb   Thumb Code     0  startup_gd32f5xx.o(.text)
    CAN1_RX0_IRQHandler                      0x080805fb   Thumb Code     0  startup_gd32f5xx.o(.text)
    CAN1_RX1_IRQHandler                      0x080805fb   Thumb Code     0  startup_gd32f5xx.o(.text)
    CAN1_TX_IRQHandler                       0x080805fb   Thumb Code     0  startup_gd32f5xx.o(.text)
    CAU_IRQHandler                           0x080805fb   Thumb Code     0  startup_gd32f5xx.o(.text)
    DCI_IRQHandler                           0x080805fb   Thumb Code     0  startup_gd32f5xx.o(.text)
    DMA0_Channel0_IRQHandler                 0x080805fb   Thumb Code     0  startup_gd32f5xx.o(.text)
    DMA0_Channel1_IRQHandler                 0x080805fb   Thumb Code     0  startup_gd32f5xx.o(.text)
    DMA0_Channel2_IRQHandler                 0x080805fb   Thumb Code     0  startup_gd32f5xx.o(.text)
    DMA0_Channel3_IRQHandler                 0x080805fb   Thumb Code     0  startup_gd32f5xx.o(.text)
    DMA0_Channel4_IRQHandler                 0x080805fb   Thumb Code     0  startup_gd32f5xx.o(.text)
    DMA0_Channel5_IRQHandler                 0x080805fb   Thumb Code     0  startup_gd32f5xx.o(.text)
    DMA0_Channel6_IRQHandler                 0x080805fb   Thumb Code     0  startup_gd32f5xx.o(.text)
    DMA0_Channel7_IRQHandler                 0x080805fb   Thumb Code     0  startup_gd32f5xx.o(.text)
    DMA1_Channel0_IRQHandler                 0x080805fb   Thumb Code     0  startup_gd32f5xx.o(.text)
    DMA1_Channel1_IRQHandler                 0x080805fb   Thumb Code     0  startup_gd32f5xx.o(.text)
    DMA1_Channel2_IRQHandler                 0x080805fb   Thumb Code     0  startup_gd32f5xx.o(.text)
    DMA1_Channel3_IRQHandler                 0x080805fb   Thumb Code     0  startup_gd32f5xx.o(.text)
    DMA1_Channel4_IRQHandler                 0x080805fb   Thumb Code     0  startup_gd32f5xx.o(.text)
    DMA1_Channel5_IRQHandler                 0x080805fb   Thumb Code     0  startup_gd32f5xx.o(.text)
    DMA1_Channel6_IRQHandler                 0x080805fb   Thumb Code     0  startup_gd32f5xx.o(.text)
    DMA1_Channel7_IRQHandler                 0x080805fb   Thumb Code     0  startup_gd32f5xx.o(.text)
    ENET_IRQHandler                          0x080805fb   Thumb Code     0  startup_gd32f5xx.o(.text)
    ENET_WKUP_IRQHandler                     0x080805fb   Thumb Code     0  startup_gd32f5xx.o(.text)
    EXMC_IRQHandler                          0x080805fb   Thumb Code     0  startup_gd32f5xx.o(.text)
    EXTI0_IRQHandler                         0x080805fb   Thumb Code     0  startup_gd32f5xx.o(.text)
    EXTI10_15_IRQHandler                     0x080805fb   Thumb Code     0  startup_gd32f5xx.o(.text)
    EXTI1_IRQHandler                         0x080805fb   Thumb Code     0  startup_gd32f5xx.o(.text)
    EXTI2_IRQHandler                         0x080805fb   Thumb Code     0  startup_gd32f5xx.o(.text)
    EXTI3_IRQHandler                         0x080805fb   Thumb Code     0  startup_gd32f5xx.o(.text)
    EXTI4_IRQHandler                         0x080805fb   Thumb Code     0  startup_gd32f5xx.o(.text)
    EXTI5_9_IRQHandler                       0x080805fb   Thumb Code     0  startup_gd32f5xx.o(.text)
    FMC_IRQHandler                           0x080805fb   Thumb Code     0  startup_gd32f5xx.o(.text)
    FPU_IRQHandler                           0x080805fb   Thumb Code     0  startup_gd32f5xx.o(.text)
    HAU_IRQHandler                           0x080805fb   Thumb Code     0  startup_gd32f5xx.o(.text)
    I2C0_ER_IRQHandler                       0x080805fb   Thumb Code     0  startup_gd32f5xx.o(.text)
    I2C0_EV_IRQHandler                       0x080805fb   Thumb Code     0  startup_gd32f5xx.o(.text)
    I2C1_ER_IRQHandler                       0x080805fb   Thumb Code     0  startup_gd32f5xx.o(.text)
    I2C1_EV_IRQHandler                       0x080805fb   Thumb Code     0  startup_gd32f5xx.o(.text)
    I2C2_ER_IRQHandler                       0x080805fb   Thumb Code     0  startup_gd32f5xx.o(.text)
    I2C2_EV_IRQHandler                       0x080805fb   Thumb Code     0  startup_gd32f5xx.o(.text)
    I2C3_ER_IRQHandler                       0x080805fb   Thumb Code     0  startup_gd32f5xx.o(.text)
    I2C3_EV_IRQHandler                       0x080805fb   Thumb Code     0  startup_gd32f5xx.o(.text)
    I2C3_WKUP_IRQHandler                     0x080805fb   Thumb Code     0  startup_gd32f5xx.o(.text)
    I2C4_ER_IRQHandler                       0x080805fb   Thumb Code     0  startup_gd32f5xx.o(.text)
    I2C4_EV_IRQHandler                       0x080805fb   Thumb Code     0  startup_gd32f5xx.o(.text)
    I2C4_WKUP_IRQHandler                     0x080805fb   Thumb Code     0  startup_gd32f5xx.o(.text)
    I2C5_ER_IRQHandler                       0x080805fb   Thumb Code     0  startup_gd32f5xx.o(.text)
    I2C5_EV_IRQHandler                       0x080805fb   Thumb Code     0  startup_gd32f5xx.o(.text)
    I2C5_WKUP_IRQHandler                     0x080805fb   Thumb Code     0  startup_gd32f5xx.o(.text)
    IPA_IRQHandler                           0x080805fb   Thumb Code     0  startup_gd32f5xx.o(.text)
    LVD_IRQHandler                           0x080805fb   Thumb Code     0  startup_gd32f5xx.o(.text)
    PKCAU_IRQHandler                         0x080805fb   Thumb Code     0  startup_gd32f5xx.o(.text)
    RCU_CTC_IRQHandler                       0x080805fb   Thumb Code     0  startup_gd32f5xx.o(.text)
    RTC_Alarm_IRQHandler                     0x080805fb   Thumb Code     0  startup_gd32f5xx.o(.text)
    RTC_WKUP_IRQHandler                      0x080805fb   Thumb Code     0  startup_gd32f5xx.o(.text)
    SAI_IRQHandler                           0x080805fb   Thumb Code     0  startup_gd32f5xx.o(.text)
    SDIO_IRQHandler                          0x080805fb   Thumb Code     0  startup_gd32f5xx.o(.text)
    SPI0_IRQHandler                          0x080805fb   Thumb Code     0  startup_gd32f5xx.o(.text)
    SPI1_IRQHandler                          0x080805fb   Thumb Code     0  startup_gd32f5xx.o(.text)
    SPI2_IRQHandler                          0x080805fb   Thumb Code     0  startup_gd32f5xx.o(.text)
    SPI3_IRQHandler                          0x080805fb   Thumb Code     0  startup_gd32f5xx.o(.text)
    SPI4_IRQHandler                          0x080805fb   Thumb Code     0  startup_gd32f5xx.o(.text)
    SPI5_IRQHandler                          0x080805fb   Thumb Code     0  startup_gd32f5xx.o(.text)
    SYSCFG_SRAM_ECC_ER_IRQHandler            0x080805fb   Thumb Code     0  startup_gd32f5xx.o(.text)
    TAMPER_STAMP_IRQHandler                  0x080805fb   Thumb Code     0  startup_gd32f5xx.o(.text)
    TIMER0_BRK_TIMER8_IRQHandler             0x080805fb   Thumb Code     0  startup_gd32f5xx.o(.text)
    TIMER0_Channel_IRQHandler                0x080805fb   Thumb Code     0  startup_gd32f5xx.o(.text)
    TIMER0_TRG_CMT_TIMER10_IRQHandler        0x080805fb   Thumb Code     0  startup_gd32f5xx.o(.text)
    TIMER0_UP_TIMER9_IRQHandler              0x080805fb   Thumb Code     0  startup_gd32f5xx.o(.text)
    TIMER1_IRQHandler                        0x080805fb   Thumb Code     0  startup_gd32f5xx.o(.text)
    TIMER2_IRQHandler                        0x080805fb   Thumb Code     0  startup_gd32f5xx.o(.text)
    TIMER3_IRQHandler                        0x080805fb   Thumb Code     0  startup_gd32f5xx.o(.text)
    TIMER4_IRQHandler                        0x080805fb   Thumb Code     0  startup_gd32f5xx.o(.text)
    TIMER5_DAC_IRQHandler                    0x080805fb   Thumb Code     0  startup_gd32f5xx.o(.text)
    TIMER6_IRQHandler                        0x080805fb   Thumb Code     0  startup_gd32f5xx.o(.text)
    TIMER7_BRK_TIMER11_IRQHandler            0x080805fb   Thumb Code     0  startup_gd32f5xx.o(.text)
    TIMER7_Channel_IRQHandler                0x080805fb   Thumb Code     0  startup_gd32f5xx.o(.text)
    TIMER7_TRG_CMT_TIMER13_IRQHandler        0x080805fb   Thumb Code     0  startup_gd32f5xx.o(.text)
    TIMER7_UP_TIMER12_IRQHandler             0x080805fb   Thumb Code     0  startup_gd32f5xx.o(.text)
    TLI_ER_IRQHandler                        0x080805fb   Thumb Code     0  startup_gd32f5xx.o(.text)
    TLI_IRQHandler                           0x080805fb   Thumb Code     0  startup_gd32f5xx.o(.text)
    TRNG_IRQHandler                          0x080805fb   Thumb Code     0  startup_gd32f5xx.o(.text)
    UART3_IRQHandler                         0x080805fb   Thumb Code     0  startup_gd32f5xx.o(.text)
    UART4_IRQHandler                         0x080805fb   Thumb Code     0  startup_gd32f5xx.o(.text)
    UART7_IRQHandler                         0x080805fb   Thumb Code     0  startup_gd32f5xx.o(.text)
    USART0_IRQHandler                        0x080805fb   Thumb Code     0  startup_gd32f5xx.o(.text)
    USART1_IRQHandler                        0x080805fb   Thumb Code     0  startup_gd32f5xx.o(.text)
    USART2_IRQHandler                        0x080805fb   Thumb Code     0  startup_gd32f5xx.o(.text)
    USART5_IRQHandler                        0x080805fb   Thumb Code     0  startup_gd32f5xx.o(.text)
    USBFS_IRQHandler                         0x080805fb   Thumb Code     0  startup_gd32f5xx.o(.text)
    USBFS_WKUP_IRQHandler                    0x080805fb   Thumb Code     0  startup_gd32f5xx.o(.text)
    USBHS_EP1_In_IRQHandler                  0x080805fb   Thumb Code     0  startup_gd32f5xx.o(.text)
    USBHS_EP1_Out_IRQHandler                 0x080805fb   Thumb Code     0  startup_gd32f5xx.o(.text)
    USBHS_IRQHandler                         0x080805fb   Thumb Code     0  startup_gd32f5xx.o(.text)
    USBHS_WKUP_IRQHandler                    0x080805fb   Thumb Code     0  startup_gd32f5xx.o(.text)
    WWDGT_IRQHandler                         0x080805fb   Thumb Code     0  startup_gd32f5xx.o(.text)
    strcmp                                   0x08080605   Thumb Code    28  strcmp.o(.text)
    __scatterload                            0x08080621   Thumb Code    38  init.o(.text)
    __scatterload_rt2                        0x08080621   Thumb Code     0  init.o(.text)
    BusFault_Handler                         0x08080651   Thumb Code     4  gd32f5xx_it.o(.text.BusFault_Handler)
    DebugMon_Handler                         0x08080655   Thumb Code     4  gd32f5xx_it.o(.text.DebugMon_Handler)
    HardFault_Handler                        0x08080659   Thumb Code     4  gd32f5xx_it.o(.text.HardFault_Handler)
    MemManage_Handler                        0x0808065d   Thumb Code     4  gd32f5xx_it.o(.text.MemManage_Handler)
    NMI_Handler                              0x08080661   Thumb Code   218  gd32f5xx_it.o(.text.NMI_Handler)
    PendSV_Handler                           0x0808073d   Thumb Code     4  gd32f5xx_it.o(.text.PendSV_Handler)
    SVC_Handler                              0x08080741   Thumb Code     4  gd32f5xx_it.o(.text.SVC_Handler)
    SysTick_Handler                          0x08080799   Thumb Code     8  gd32f5xx_it.o(.text.SysTick_Handler)
    SystemInit                               0x080807a1   Thumb Code   250  system_gd32f5xx.o(.text.SystemInit)
    UART6_IRQHandler                         0x0808089d   Thumb Code   342  gd32f5xx_it.o(.text.UART6_IRQHandler)
    UsageFault_Handler                       0x080809f5   Thumb Code     4  gd32f5xx_it.o(.text.UsageFault_Handler)
    delay_1ms                                0x08080a85   Thumb Code    38  systick.o(.text.delay_1ms)
    delay_decrement                          0x08080aad   Thumb Code    32  systick.o(.text.delay_decrement)
    gd_eval_led_init                         0x08080acd   Thumb Code   106  gd32f527_eval.o(.text.gd_eval_led_init)
    gd_eval_led_off                          0x08080b39   Thumb Code    36  gd32f527_eval.o(.text.gd_eval_led_off)
    gd_eval_led_on                           0x08080b5d   Thumb Code    36  gd32f527_eval.o(.text.gd_eval_led_on)
    gpio_mode_set                            0x08080b81   Thumb Code   156  gd32f5xx_gpio.o(.text.gpio_mode_set)
    gpio_output_options_set                  0x08080c1d   Thumb Code   146  gd32f5xx_gpio.o(.text.gpio_output_options_set)
    main                                     0x08080cb1   Thumb Code   206  main.o(.text.main)
    rcu_periph_clock_enable                  0x08080d81   Thumb Code    36  gd32f5xx_rcu.o(.text.rcu_periph_clock_enable)
    reboot_system                            0x08080da5   Thumb Code    28  reboot.o(.text.reboot_system)
    shellAnsi                                0x08080e11   Thumb Code   218  shell.o(.text.shellAnsi)
    shellClear                               0x0808101d   Thumb Code    38  shell.o(.text.shellClear)
    shellDisplay                             0x080810b5   Thumb Code    88  shell.o(.text.shellDisplay)
    shellGetCurrent                          0x08081591   Thumb Code   114  shell.o(.text.shellGetCurrent)
    shellHandler                             0x08081605   Thumb Code   328  shell.o(.text.shellHandler)
    shellHelp                                0x0808174d   Thumb Code   326  shell.o(.text.shellHelp)
    shellInit                                0x08081a3d   Thumb Code   154  shell.o(.text.shellInit)
    shell_com_init                           0x08081e69   Thumb Code    44  drv_uart.o(.text.shell_com_init)
    shell_task                               0x08081e95   Thumb Code    42  task.o(.text.shell_task)
    syscfg_interrupt_flag_get                0x08081ee1   Thumb Code    40  gd32f5xx_syscfg.o(.text.syscfg_interrupt_flag_get)
    systick_config                           0x08082071   Thumb Code    50  systick.o(.text.systick_config)
    usart_data_receive                       0x080820a5   Thumb Code    16  gd32f5xx_usart.o(.text.usart_data_receive)
    usart_flag_clear                         0x080820b5   Thumb Code    70  gd32f5xx_usart.o(.text.usart_flag_clear)
    usart_flag_get                           0x080820fd   Thumb Code    48  gd32f5xx_usart.o(.text.usart_flag_get)
    usart_interrupt_enable                   0x0808212d   Thumb Code    34  gd32f5xx_usart.o(.text.usart_interrupt_enable)
    usart_interrupt_flag_get                 0x08082151   Thumb Code    88  gd32f5xx_usart.o(.text.usart_interrupt_flag_get)
    ymodem_update                            0x08082221   Thumb Code   264  ymodem_update.o(.text.ymodem_update)
    ymodem_update_set                        0x08082329   Thumb Code    18  ymodem_update.o(.text.ymodem_update_set)
    __scatterload_copy                       0x0808233b   Thumb Code    14  handlers.o(i.__scatterload_copy)
    __scatterload_null                       0x08082349   Thumb Code     2  handlers.o(i.__scatterload_null)
    __scatterload_zeroinit                   0x0808234b   Thumb Code    14  handlers.o(i.__scatterload_zeroinit)
    shellCmdcls                              0x08082358   Data           4  shell.o(.rodata.shellCmdcls)
    shellCmdhelp                             0x0808235c   Data           5  shell.o(.rodata.shellCmdhelp)
    shellCmdreboot                           0x08082361   Data           7  reboot.o(.rodata.shellCmdreboot)
    shellCmdymodem_update                    0x08082368   Data          14  ymodem_update.o(.rodata.shellCmdymodem_update)
    shellDefaultKeyFunctionList              0x08082378   Data          48  shell.o(.rodata.shellDefaultKeyFunctionList)
    shellDesccls                             0x080823a8   Data          19  shell.o(.rodata.shellDesccls)
    shellDeschelp                            0x080823bb   Data          13  shell.o(.rodata.shellDeschelp)
    shellDescreboot                          0x080823c8   Data          14  reboot.o(.rodata.shellDescreboot)
    shellDescymodem_update                   0x080823d6   Data          20  ymodem_update.o(.rodata.shellDescymodem_update)
    shellHelphelp                            0x080823ea   Data          43  shell.o(.rodata.shellHelphelp)
    Region$$Table$$Base                      0x080826c0   Number         0  anon$$obj.o(Region$$Table)
    Region$$Table$$Limit                     0x080826e0   Number         0  anon$$obj.o(Region$$Table)
    shellCommand$$Base                       0x080826e0   Number         0  shell.o(shellCommand)
    shellCommandhelp                         0x080826e0   Data          16  shell.o(shellCommand)
    shellCommandcls                          0x080826f0   Data          16  shell.o(shellCommand)
    shellCommandreboot                       0x08082700   Data          16  reboot.o(shellCommand)
    shellCommandymodem_update                0x08082710   Data          16  ymodem_update.o(shellCommand)
    shellCommand$$Limit                      0x08082720   Number         0  ymodem_update.o(shellCommand)
    Image$$RW_IRAM1$$RW$$Base                0x2000e000   Number         0  anon$$obj.o ABSOLUTE
    SystemCoreClock                          0x2000e024   Data           4  system_gd32f5xx.o(.data.SystemCoreClock)
    p_ibl_api                                0x2000e028   Data           4  main.o(.data.p_ibl_api)
    shell                                    0x20011058   Data         376  drv_uart.o(.bss.shell)
    shell_task_flag                          0x200111e4   Data           4  task.o(.bss.shell_task_flag)
    ymodem_packet                            0x200111e8   Data        1092  ymodem_update.o(.bss.ymodem_packet)
    __initial_sp                             0x20012a30   Data           0  startup_gd32f5xx.o(STACK)



==============================================================================

Memory Map of the image

  Image Entry point : 0x080805e1

  Load Region LR_IROM1 (Base: 0x08080200, Size: 0x00002570, Max: 0x000ffe00, ABSOLUTE)

    Execution Region ER_IROM1 (Exec base: 0x08080200, Load base: 0x08080200, Size: 0x00002520, Max: 0x000ffe00, ABSOLUTE)

    Exec Addr    Load Addr    Size         Type   Attr      Idx    E Section Name        Object

    0x08080200   0x08080200   0x000003cc   Data   RO         2558    RESET               startup_gd32f5xx.o
    0x080805cc   0x080805cc   0x00000000   Code   RO         2744  * .ARM.Collect$$$$00000000  mc_w.l(entry.o)
    0x080805cc   0x080805cc   0x00000004   Code   RO         2783    .ARM.Collect$$$$00000001  mc_w.l(entry2.o)
    0x080805d0   0x080805d0   0x00000004   Code   RO         2786    .ARM.Collect$$$$00000004  mc_w.l(entry5.o)
    0x080805d4   0x080805d4   0x00000000   Code   RO         2788    .ARM.Collect$$$$00000008  mc_w.l(entry7b.o)
    0x080805d4   0x080805d4   0x00000000   Code   RO         2790    .ARM.Collect$$$$0000000A  mc_w.l(entry8b.o)
    0x080805d4   0x080805d4   0x00000008   Code   RO         2791    .ARM.Collect$$$$0000000B  mc_w.l(entry9a.o)
    0x080805dc   0x080805dc   0x00000000   Code   RO         2793    .ARM.Collect$$$$0000000D  mc_w.l(entry10a.o)
    0x080805dc   0x080805dc   0x00000000   Code   RO         2795    .ARM.Collect$$$$0000000F  mc_w.l(entry11a.o)
    0x080805dc   0x080805dc   0x00000004   Code   RO         2784    .ARM.Collect$$$$00002712  mc_w.l(entry2.o)
    0x080805e0   0x080805e0   0x00000024   Code   RO         2559  * .text               startup_gd32f5xx.o
    0x08080604   0x08080604   0x0000001c   Code   RO         2751    .text               mc_w.l(strcmp.o)
    0x08080620   0x08080620   0x00000030   Code   RO         2828    .text               mc_w.l(init.o)
    0x08080650   0x08080650   0x00000004   Code   RO           20    .text.BusFault_Handler  gd32f5xx_it.o
    0x08080654   0x08080654   0x00000004   Code   RO           26    .text.DebugMon_Handler  gd32f5xx_it.o
    0x08080658   0x08080658   0x00000004   Code   RO           16    .text.HardFault_Handler  gd32f5xx_it.o
    0x0808065c   0x0808065c   0x00000004   Code   RO           18    .text.MemManage_Handler  gd32f5xx_it.o
    0x08080660   0x08080660   0x000000da   Code   RO           14    .text.NMI_Handler   gd32f5xx_it.o
    0x0808073a   0x0808073a   0x00000002   PAD
    0x0808073c   0x0808073c   0x00000004   Code   RO           28    .text.PendSV_Handler  gd32f5xx_it.o
    0x08080740   0x08080740   0x00000004   Code   RO           24    .text.SVC_Handler   gd32f5xx_it.o
    0x08080744   0x08080744   0x00000052   Code   RO           44    .text.SysTick_Config  systick.o
    0x08080796   0x08080796   0x00000002   PAD
    0x08080798   0x08080798   0x00000008   Code   RO           30    .text.SysTick_Handler  gd32f5xx_it.o
    0x080807a0   0x080807a0   0x000000fa   Code   RO           60    .text.SystemInit    system_gd32f5xx.o
    0x0808089a   0x0808089a   0x00000002   PAD
    0x0808089c   0x0808089c   0x00000156   Code   RO           32    .text.UART6_IRQHandler  gd32f5xx_it.o
    0x080809f2   0x080809f2   0x00000002   PAD
    0x080809f4   0x080809f4   0x00000004   Code   RO           22    .text.UsageFault_Handler  gd32f5xx_it.o
    0x080809f8   0x080809f8   0x0000003a   Code   RO           46    .text.__NVIC_SetPriority  systick.o
    0x08080a32   0x08080a32   0x00000002   PAD
    0x08080a34   0x08080a34   0x00000026   Code   RO         2711    .text.__NVIC_SystemReset  reboot.o
    0x08080a5a   0x08080a5a   0x00000002   PAD
    0x08080a5c   0x08080a5c   0x00000026   Code   RO         2728    .text.__NVIC_SystemReset  ymodem_update.o
    0x08080a82   0x08080a82   0x00000002   PAD
    0x08080a84   0x08080a84   0x00000026   Code   RO           48    .text.delay_1ms     systick.o
    0x08080aaa   0x08080aaa   0x00000002   PAD
    0x08080aac   0x08080aac   0x00000020   Code   RO           50    .text.delay_decrement  systick.o
    0x08080acc   0x08080acc   0x0000006a   Code   RO         2566    .text.gd_eval_led_init  gd32f527_eval.o
    0x08080b36   0x08080b36   0x00000002   PAD
    0x08080b38   0x08080b38   0x00000024   Code   RO         2570    .text.gd_eval_led_off  gd32f527_eval.o
    0x08080b5c   0x08080b5c   0x00000024   Code   RO         2568    .text.gd_eval_led_on  gd32f527_eval.o
    0x08080b80   0x08080b80   0x0000009c   Code   RO         1122    .text.gpio_mode_set  gd32f5xx_gpio.o
    0x08080c1c   0x08080c1c   0x00000092   Code   RO         1124    .text.gpio_output_options_set  gd32f5xx_gpio.o
    0x08080cae   0x08080cae   0x00000002   PAD
    0x08080cb0   0x08080cb0   0x000000ce   Code   RO            2    .text.main          main.o
    0x08080d7e   0x08080d7e   0x00000002   PAD
    0x08080d80   0x08080d80   0x00000024   Code   RO         1688    .text.rcu_periph_clock_enable  gd32f5xx_rcu.o
    0x08080da4   0x08080da4   0x0000001c   Code   RO         2709    .text.reboot_system  reboot.o
    0x08080dc0   0x08080dc0   0x00000050   Code   RO         2610    .text.shellAdd      shell.o
    0x08080e10   0x08080e10   0x000000da   Code   RO         2620    .text.shellAnsi     shell.o
    0x08080eea   0x08080eea   0x00000002   PAD
    0x08080eec   0x08080eec   0x00000018   Code   RO         2606    .text.shellAnsiStart  shell.o
    0x08080f04   0x08080f04   0x00000118   Code   RO         2604    .text.shellBackspace  shell.o
    0x0808101c   0x0808101c   0x00000026   Code   RO         2634    .text.shellClear    shell.o
    0x08081042   0x08081042   0x00000002   PAD
    0x08081044   0x08081044   0x00000040   Code   RO         2648    .text.shellClearLine  shell.o
    0x08081084   0x08081084   0x0000002e   Code   RO         2644    .text.shellDelete   shell.o
    0x080810b2   0x080810b2   0x00000002   PAD
    0x080810b4   0x080810b4   0x00000058   Code   RO         2612    .text.shellDisplay  shell.o
    0x0808110c   0x0808110c   0x00000028   Code   RO         2624    .text.shellDisplayByte  shell.o
    0x08081134   0x08081134   0x0000009e   Code   RO         2632    .text.shellDisplayItem  shell.o
    0x080811d2   0x080811d2   0x00000002   PAD
    0x080811d4   0x080811d4   0x00000022   Code   RO         2638    .text.shellDisplayReturn  shell.o
    0x080811f6   0x080811f6   0x00000002   PAD
    0x080811f8   0x080811f8   0x00000130   Code   RO         2642    .text.shellDisplayValue  shell.o
    0x08081328   0x08081328   0x00000266   Code   RO         2600    .text.shellEnter    shell.o
    0x0808158e   0x0808158e   0x00000002   PAD
    0x08081590   0x08081590   0x00000072   Code   RO         2616    .text.shellGetCurrent  shell.o
    0x08081602   0x08081602   0x00000002   PAD
    0x08081604   0x08081604   0x00000148   Code   RO         2626    .text.shellHandler  shell.o
    0x0808174c   0x0808174c   0x00000146   Code   RO         2630    .text.shellHelp     shell.o
    0x08081892   0x08081892   0x00000002   PAD
    0x08081894   0x08081894   0x00000120   Code   RO         2622    .text.shellHistory  shell.o
    0x080819b4   0x080819b4   0x00000086   Code   RO         2636    .text.shellHistoryAdd  shell.o
    0x08081a3a   0x08081a3a   0x00000002   PAD
    0x08081a3c   0x08081a3c   0x0000009a   Code   RO         2608    .text.shellInit     shell.o
    0x08081ad6   0x08081ad6   0x00000002   PAD
    0x08081ad8   0x08081ad8   0x00000138   Code   RO         2628    .text.shellNormal   shell.o
    0x08081c10   0x08081c10   0x0000006e   Code   RO         2646    .text.shellStringCompare  shell.o
    0x08081c7e   0x08081c7e   0x00000002   PAD
    0x08081c80   0x08081c80   0x00000044   Code   RO         2640    .text.shellStringCopy  shell.o
    0x08081cc4   0x08081cc4   0x000001a2   Code   RO         2602    .text.shellTab      shell.o
    0x08081e66   0x08081e66   0x00000002   PAD
    0x08081e68   0x08081e68   0x0000002c   Code   RO         2688    .text.shell_com_init  drv_uart.o
    0x08081e94   0x08081e94   0x0000002a   Code   RO         2700    .text.shell_task    task.o
    0x08081ebe   0x08081ebe   0x00000002   PAD
    0x08081ec0   0x08081ec0   0x0000001e   Code   RO         2690    .text.shell_uart_write  drv_uart.o
    0x08081ede   0x08081ede   0x00000002   PAD
    0x08081ee0   0x08081ee0   0x00000028   Code   RO         2163    .text.syscfg_interrupt_flag_get  gd32f5xx_syscfg.o
    0x08081f08   0x08081f08   0x0000015e   Code   RO           66    .text.system_clock_200m_25m_hxtal  system_gd32f5xx.o
    0x08082066   0x08082066   0x00000002   PAD
    0x08082068   0x08082068   0x00000008   Code   RO           62    .text.system_clock_config  system_gd32f5xx.o
    0x08082070   0x08082070   0x00000032   Code   RO           42    .text.systick_config  systick.o
    0x080820a2   0x080820a2   0x00000002   PAD
    0x080820a4   0x080820a4   0x00000010   Code   RO         2453    .text.usart_data_receive  gd32f5xx_usart.o
    0x080820b4   0x080820b4   0x00000046   Code   RO         2519    .text.usart_flag_clear  gd32f5xx_usart.o
    0x080820fa   0x080820fa   0x00000002   PAD
    0x080820fc   0x080820fc   0x00000030   Code   RO         2517    .text.usart_flag_get  gd32f5xx_usart.o
    0x0808212c   0x0808212c   0x00000022   Code   RO         2521    .text.usart_interrupt_enable  gd32f5xx_usart.o
    0x0808214e   0x0808214e   0x00000002   PAD
    0x08082150   0x08082150   0x00000058   Code   RO         2525    .text.usart_interrupt_flag_get  gd32f5xx_usart.o
    0x080821a8   0x080821a8   0x00000078   Code   RO         2726    .text.ymodem_packet_init  ymodem_update.o
    0x08082220   0x08082220   0x00000108   Code   RO         2724    .text.ymodem_update  ymodem_update.o
    0x08082328   0x08082328   0x00000012   Code   RO         2730    .text.ymodem_update_set  ymodem_update.o
    0x0808233a   0x0808233a   0x0000000e   Code   RO         2838    i.__scatterload_copy  mc_w.l(handlers.o)
    0x08082348   0x08082348   0x00000002   Code   RO         2839    i.__scatterload_null  mc_w.l(handlers.o)
    0x0808234a   0x0808234a   0x0000000e   Code   RO         2840    i.__scatterload_zeroinit  mc_w.l(handlers.o)
    0x08082358   0x08082358   0x00000004   Data   RO         2658    .rodata.shellCmdcls  shell.o
    0x0808235c   0x0808235c   0x00000005   Data   RO         2654    .rodata.shellCmdhelp  shell.o
    0x08082361   0x08082361   0x00000007   Data   RO         2714    .rodata.shellCmdreboot  reboot.o
    0x08082368   0x08082368   0x0000000e   Data   RO         2734    .rodata.shellCmdymodem_update  ymodem_update.o
    0x08082376   0x08082376   0x00000002   PAD
    0x08082378   0x08082378   0x00000030   Data   RO         2650    .rodata.shellDefaultKeyFunctionList  shell.o
    0x080823a8   0x080823a8   0x00000013   Data   RO         2659    .rodata.shellDesccls  shell.o
    0x080823bb   0x080823bb   0x0000000d   Data   RO         2655    .rodata.shellDeschelp  shell.o
    0x080823c8   0x080823c8   0x0000000e   Data   RO         2715    .rodata.shellDescreboot  reboot.o
    0x080823d6   0x080823d6   0x00000014   Data   RO         2735    .rodata.shellDescymodem_update  ymodem_update.o
    0x080823ea   0x080823ea   0x0000002b   Data   RO         2656    .rodata.shellHelphelp  shell.o
    0x08082415   0x08082415   0x00000020   Data   RO            5    .rodata.str1.1      main.o
    0x08082435   0x08082435   0x00000245   Data   RO         2651    .rodata.str1.1      shell.o
    0x0808267a   0x0808267a   0x00000044   Data   RO         2732    .rodata.str1.1      ymodem_update.o
    0x080826be   0x080826be   0x00000002   PAD
    0x080826c0   0x080826c0   0x00000020   Data   RO         2837    Region$$Table       anon$$obj.o
    0x080826e0   0x080826e0   0x00000020   Data   RO         2657    shellCommand        shell.o
    0x08082700   0x08082700   0x00000010   Data   RO         2716    shellCommand        reboot.o
    0x08082710   0x08082710   0x00000010   Data   RO         2736    shellCommand        ymodem_update.o


    Execution Region RW_IRAM1 (Exec base: 0x2000e000, Load base: 0x08082720, Size: 0x00004a30, Max: 0x00062000, ABSOLUTE)

    Exec Addr    Load Addr    Size         Type   Attr      Idx    E Section Name        Object

    0x2000e000   0x08082720   0x0000000c   Data   RW         2580    .data.GPIO_CLK      gd32f527_eval.o
    0x2000e00c   0x0808272c   0x0000000c   Data   RW         2582    .data.GPIO_PIN      gd32f527_eval.o
    0x2000e018   0x08082738   0x0000000c   Data   RW         2581    .data.GPIO_PORT     gd32f527_eval.o
    0x2000e024   0x08082744   0x00000004   Data   RW           68    .data.SystemCoreClock  system_gd32f5xx.o
    0x2000e028   0x08082748   0x00000004   Data   RW            4    .data.p_ibl_api     main.o
    0x2000e02c   0x0808274c   0x00000024   Data   RW         2652    .data.shellText     shell.o
    0x2000e050        -       0x00000004   Zero   RW           34    .bss.UART6_IRQHandler.flag_cnt  gd32f5xx_it.o
    0x2000e054        -       0x00003000   Zero   RW            6    .bss.alloc_buf      main.o
    0x20011054        -       0x00000004   Zero   RW           52    .bss.delay          systick.o
    0x20011058        -       0x00000178   Zero   RW         2692    .bss.shell          drv_uart.o
    0x200111d0        -       0x00000014   Zero   RW         2653    .bss.shellList      shell.o
    0x200111e4        -       0x00000004   Zero   RW         2702    .bss.shell_task_flag  task.o
    0x200111e8        -       0x00000444   Zero   RW         2733    .bss.ymodem_packet  ymodem_update.o
    0x2001162c   0x08082770   0x00000004   PAD
    0x20011630        -       0x00001400   Zero   RW         2556    STACK               startup_gd32f5xx.o


==============================================================================

Image component sizes


      Code (inc. data)   RO Data    RW Data    ZI Data      Debug   Object Name

        74          0          0          0        376       2385   drv_uart.o
       178          0          0         36          0       4646   gd32f527_eval.o
       302          0          0          0          0       5273   gd32f5xx_gpio.o
       596          0          0          0          4       3998   gd32f5xx_it.o
        36          0          0          0          0      16607   gd32f5xx_rcu.o
        40          0          0          0          0       6798   gd32f5xx_syscfg.o
       256          0          0          0          0      12361   gd32f5xx_usart.o
       206          0         32          4      12288       6545   main.o
        66          0         37          0          0       2571   reboot.o
      4240          4        745         36         20      10880   shell.o
        36          8        972          0       5120       1008   startup_gd32f5xx.o
       608          0          0          4          0       3266   system_gd32f5xx.o
       260          0          0          0          4       5577   systick.o
        42          0          0          0          4        806   task.o
       440          0        118          0       1092       5817   ymodem_update.o

    ----------------------------------------------------------------------
      7438         12       1940         80      18912      88538   Object Totals
         0          0         32          0          0          0   (incl. Generated)
        58          0          4          0          4          0   (incl. Padding)

    ----------------------------------------------------------------------

      Code (inc. data)   RO Data    RW Data    ZI Data      Debug   Library Member Name

         0          0          0          0          0          0   entry.o
         0          0          0          0          0          0   entry10a.o
         0          0          0          0          0          0   entry11a.o
         8          4          0          0          0          0   entry2.o
         4          0          0          0          0          0   entry5.o
         0          0          0          0          0          0   entry7b.o
         0          0          0          0          0          0   entry8b.o
         8          4          0          0          0          0   entry9a.o
        30          0          0          0          0          0   handlers.o
        48         10          0          0          0         68   init.o
        28          0          0          0          0         76   strcmp.o

    ----------------------------------------------------------------------
       126         18          0          0          0        144   Library Totals
         0          0          0          0          0          0   (incl. Padding)

    ----------------------------------------------------------------------

      Code (inc. data)   RO Data    RW Data    ZI Data      Debug   Library Name

       126         18          0          0          0        144   mc_w.l

    ----------------------------------------------------------------------
       126         18          0          0          0        144   Library Totals

    ----------------------------------------------------------------------

==============================================================================


      Code (inc. data)   RO Data    RW Data    ZI Data      Debug   

      7564         30       1940         80      18912      88626   Grand Totals
      7564         30       1940         80      18912      88626   ELF Image Totals
      7564         30       1940         80          0          0   ROM Totals

==============================================================================

    Total RO  Size (Code + RO Data)                 9504 (   9.28kB)
    Total RW  Size (RW Data + ZI Data)             18992 (  18.55kB)
    Total ROM Size (Code + RO Data + RW Data)       9584 (   9.36kB)

==============================================================================

