<!doctype html public "-//w3c//dtd html 4.0 transitional//en">
<html><head>
<title>Static Call Graph - [.\mbl\Objects\mbl.axf]</title></head>
<body><HR>
<H1>Static Call Graph for image .\mbl\Objects\mbl.axf</H1><HR>
<BR><P>#&#060CALLGRAPH&#062# ARM Linker, 6240002: Last Updated: Fri Aug 22 09:16:25 2025
<BR><P>
<H3>Maximum Stack Usage =       1744 bytes + Unknown(Cycles, Untraceable Function Pointers)</H3><H3>
Call chain for Maximum Stack Depth:</H3>
main &rArr; boot_go &rArr; context_boot_go &rArr; boot_prepare_image_for_update &rArr; boot_validated_swap_type &rArr; boot_validate_slot &rArr; boot_image_check &rArr; bootutil_img_validate &rArr; bootutil_img_hash &rArr; boot_encrypt &rArr; bootutil_aes_ctr_encrypt
<P>
<H3>
Mutually Recursive functions
</H3> <LI><a href="#[1c]">ADC_IRQHandler</a>&nbsp;&nbsp;&nbsp;&rArr;&nbsp;&nbsp;&nbsp;<a href="#[1c]">ADC_IRQHandler</a><BR>
</UL>
<P>
<H3>
Function Pointers
</H3><UL>
 <LI><a href="#[1c]">ADC_IRQHandler</a> from startup_gd32f5xx_mbl.o(.text) referenced from startup_gd32f5xx_mbl.o(RESET)
 <LI><a href="#[4]">BusFault_Handler</a> from mbl_gd32f5xx_it.o(.text.BusFault_Handler) referenced from startup_gd32f5xx_mbl.o(RESET)
 <LI><a href="#[20]">CAN0_EWMC_IRQHandler</a> from startup_gd32f5xx_mbl.o(.text) referenced from startup_gd32f5xx_mbl.o(RESET)
 <LI><a href="#[1e]">CAN0_RX0_IRQHandler</a> from startup_gd32f5xx_mbl.o(.text) referenced from startup_gd32f5xx_mbl.o(RESET)
 <LI><a href="#[1f]">CAN0_RX1_IRQHandler</a> from startup_gd32f5xx_mbl.o(.text) referenced from startup_gd32f5xx_mbl.o(RESET)
 <LI><a href="#[1d]">CAN0_TX_IRQHandler</a> from startup_gd32f5xx_mbl.o(.text) referenced from startup_gd32f5xx_mbl.o(RESET)
 <LI><a href="#[4c]">CAN1_EWMC_IRQHandler</a> from startup_gd32f5xx_mbl.o(.text) referenced from startup_gd32f5xx_mbl.o(RESET)
 <LI><a href="#[4a]">CAN1_RX0_IRQHandler</a> from startup_gd32f5xx_mbl.o(.text) referenced from startup_gd32f5xx_mbl.o(RESET)
 <LI><a href="#[4b]">CAN1_RX1_IRQHandler</a> from startup_gd32f5xx_mbl.o(.text) referenced from startup_gd32f5xx_mbl.o(RESET)
 <LI><a href="#[49]">CAN1_TX_IRQHandler</a> from startup_gd32f5xx_mbl.o(.text) referenced from startup_gd32f5xx_mbl.o(RESET)
 <LI><a href="#[70]">CAU_IRQHandler</a> from startup_gd32f5xx_mbl.o(.text) referenced from startup_gd32f5xx_mbl.o(RESET)
 <LI><a href="#[58]">DCI_IRQHandler</a> from startup_gd32f5xx_mbl.o(.text) referenced from startup_gd32f5xx_mbl.o(RESET)
 <LI><a href="#[15]">DMA0_Channel0_IRQHandler</a> from startup_gd32f5xx_mbl.o(.text) referenced from startup_gd32f5xx_mbl.o(RESET)
 <LI><a href="#[16]">DMA0_Channel1_IRQHandler</a> from startup_gd32f5xx_mbl.o(.text) referenced from startup_gd32f5xx_mbl.o(RESET)
 <LI><a href="#[17]">DMA0_Channel2_IRQHandler</a> from startup_gd32f5xx_mbl.o(.text) referenced from startup_gd32f5xx_mbl.o(RESET)
 <LI><a href="#[18]">DMA0_Channel3_IRQHandler</a> from startup_gd32f5xx_mbl.o(.text) referenced from startup_gd32f5xx_mbl.o(RESET)
 <LI><a href="#[19]">DMA0_Channel4_IRQHandler</a> from startup_gd32f5xx_mbl.o(.text) referenced from startup_gd32f5xx_mbl.o(RESET)
 <LI><a href="#[1a]">DMA0_Channel5_IRQHandler</a> from startup_gd32f5xx_mbl.o(.text) referenced from startup_gd32f5xx_mbl.o(RESET)
 <LI><a href="#[1b]">DMA0_Channel6_IRQHandler</a> from startup_gd32f5xx_mbl.o(.text) referenced from startup_gd32f5xx_mbl.o(RESET)
 <LI><a href="#[39]">DMA0_Channel7_IRQHandler</a> from startup_gd32f5xx_mbl.o(.text) referenced from startup_gd32f5xx_mbl.o(RESET)
 <LI><a href="#[42]">DMA1_Channel0_IRQHandler</a> from startup_gd32f5xx_mbl.o(.text) referenced from startup_gd32f5xx_mbl.o(RESET)
 <LI><a href="#[43]">DMA1_Channel1_IRQHandler</a> from startup_gd32f5xx_mbl.o(.text) referenced from startup_gd32f5xx_mbl.o(RESET)
 <LI><a href="#[44]">DMA1_Channel2_IRQHandler</a> from startup_gd32f5xx_mbl.o(.text) referenced from startup_gd32f5xx_mbl.o(RESET)
 <LI><a href="#[45]">DMA1_Channel3_IRQHandler</a> from startup_gd32f5xx_mbl.o(.text) referenced from startup_gd32f5xx_mbl.o(RESET)
 <LI><a href="#[46]">DMA1_Channel4_IRQHandler</a> from startup_gd32f5xx_mbl.o(.text) referenced from startup_gd32f5xx_mbl.o(RESET)
 <LI><a href="#[4e]">DMA1_Channel5_IRQHandler</a> from startup_gd32f5xx_mbl.o(.text) referenced from startup_gd32f5xx_mbl.o(RESET)
 <LI><a href="#[4f]">DMA1_Channel6_IRQHandler</a> from startup_gd32f5xx_mbl.o(.text) referenced from startup_gd32f5xx_mbl.o(RESET)
 <LI><a href="#[50]">DMA1_Channel7_IRQHandler</a> from startup_gd32f5xx_mbl.o(.text) referenced from startup_gd32f5xx_mbl.o(RESET)
 <LI><a href="#[7]">DebugMon_Handler</a> from mbl_gd32f5xx_it.o(.text.DebugMon_Handler) referenced from startup_gd32f5xx_mbl.o(RESET)
 <LI><a href="#[47]">ENET_IRQHandler</a> from startup_gd32f5xx_mbl.o(.text) referenced from startup_gd32f5xx_mbl.o(RESET)
 <LI><a href="#[48]">ENET_WKUP_IRQHandler</a> from startup_gd32f5xx_mbl.o(.text) referenced from startup_gd32f5xx_mbl.o(RESET)
 <LI><a href="#[3a]">EXMC_IRQHandler</a> from startup_gd32f5xx_mbl.o(.text) referenced from startup_gd32f5xx_mbl.o(RESET)
 <LI><a href="#[10]">EXTI0_IRQHandler</a> from startup_gd32f5xx_mbl.o(.text) referenced from startup_gd32f5xx_mbl.o(RESET)
 <LI><a href="#[32]">EXTI10_15_IRQHandler</a> from startup_gd32f5xx_mbl.o(.text) referenced from startup_gd32f5xx_mbl.o(RESET)
 <LI><a href="#[11]">EXTI1_IRQHandler</a> from startup_gd32f5xx_mbl.o(.text) referenced from startup_gd32f5xx_mbl.o(RESET)
 <LI><a href="#[12]">EXTI2_IRQHandler</a> from startup_gd32f5xx_mbl.o(.text) referenced from startup_gd32f5xx_mbl.o(RESET)
 <LI><a href="#[13]">EXTI3_IRQHandler</a> from startup_gd32f5xx_mbl.o(.text) referenced from startup_gd32f5xx_mbl.o(RESET)
 <LI><a href="#[14]">EXTI4_IRQHandler</a> from startup_gd32f5xx_mbl.o(.text) referenced from startup_gd32f5xx_mbl.o(RESET)
 <LI><a href="#[21]">EXTI5_9_IRQHandler</a> from startup_gd32f5xx_mbl.o(.text) referenced from startup_gd32f5xx_mbl.o(RESET)
 <LI><a href="#[e]">FMC_IRQHandler</a> from startup_gd32f5xx_mbl.o(.text) referenced from startup_gd32f5xx_mbl.o(RESET)
 <LI><a href="#[5a]">FPU_IRQHandler</a> from startup_gd32f5xx_mbl.o(.text) referenced from startup_gd32f5xx_mbl.o(RESET)
 <LI><a href="#[6f]">HAU_IRQHandler</a> from startup_gd32f5xx_mbl.o(.text) referenced from startup_gd32f5xx_mbl.o(RESET)
 <LI><a href="#[2]">HardFault_Handler</a> from mbl_gd32f5xx_it.o(.text.HardFault_Handler) referenced from startup_gd32f5xx_mbl.o(RESET)
 <LI><a href="#[2a]">I2C0_ER_IRQHandler</a> from startup_gd32f5xx_mbl.o(.text) referenced from startup_gd32f5xx_mbl.o(RESET)
 <LI><a href="#[29]">I2C0_EV_IRQHandler</a> from startup_gd32f5xx_mbl.o(.text) referenced from startup_gd32f5xx_mbl.o(RESET)
 <LI><a href="#[2c]">I2C1_ER_IRQHandler</a> from startup_gd32f5xx_mbl.o(.text) referenced from startup_gd32f5xx_mbl.o(RESET)
 <LI><a href="#[2b]">I2C1_EV_IRQHandler</a> from startup_gd32f5xx_mbl.o(.text) referenced from startup_gd32f5xx_mbl.o(RESET)
 <LI><a href="#[53]">I2C2_ER_IRQHandler</a> from startup_gd32f5xx_mbl.o(.text) referenced from startup_gd32f5xx_mbl.o(RESET)
 <LI><a href="#[52]">I2C2_EV_IRQHandler</a> from startup_gd32f5xx_mbl.o(.text) referenced from startup_gd32f5xx_mbl.o(RESET)
 <LI><a href="#[66]">I2C3_ER_IRQHandler</a> from startup_gd32f5xx_mbl.o(.text) referenced from startup_gd32f5xx_mbl.o(RESET)
 <LI><a href="#[65]">I2C3_EV_IRQHandler</a> from startup_gd32f5xx_mbl.o(.text) referenced from startup_gd32f5xx_mbl.o(RESET)
 <LI><a href="#[6b]">I2C3_WKUP_IRQHandler</a> from startup_gd32f5xx_mbl.o(.text) referenced from startup_gd32f5xx_mbl.o(RESET)
 <LI><a href="#[68]">I2C4_ER_IRQHandler</a> from startup_gd32f5xx_mbl.o(.text) referenced from startup_gd32f5xx_mbl.o(RESET)
 <LI><a href="#[67]">I2C4_EV_IRQHandler</a> from startup_gd32f5xx_mbl.o(.text) referenced from startup_gd32f5xx_mbl.o(RESET)
 <LI><a href="#[6c]">I2C4_WKUP_IRQHandler</a> from startup_gd32f5xx_mbl.o(.text) referenced from startup_gd32f5xx_mbl.o(RESET)
 <LI><a href="#[6a]">I2C5_ER_IRQHandler</a> from startup_gd32f5xx_mbl.o(.text) referenced from startup_gd32f5xx_mbl.o(RESET)
 <LI><a href="#[69]">I2C5_EV_IRQHandler</a> from startup_gd32f5xx_mbl.o(.text) referenced from startup_gd32f5xx_mbl.o(RESET)
 <LI><a href="#[6d]">I2C5_WKUP_IRQHandler</a> from startup_gd32f5xx_mbl.o(.text) referenced from startup_gd32f5xx_mbl.o(RESET)
 <LI><a href="#[63]">IPA_IRQHandler</a> from startup_gd32f5xx_mbl.o(.text) referenced from startup_gd32f5xx_mbl.o(RESET)
 <LI><a href="#[b]">LVD_IRQHandler</a> from startup_gd32f5xx_mbl.o(.text) referenced from startup_gd32f5xx_mbl.o(RESET)
 <LI><a href="#[3]">MemManage_Handler</a> from mbl_gd32f5xx_it.o(.text.MemManage_Handler) referenced from startup_gd32f5xx_mbl.o(RESET)
 <LI><a href="#[1]">NMI_Handler</a> from mbl_gd32f5xx_it.o(.text.NMI_Handler) referenced from startup_gd32f5xx_mbl.o(RESET)
 <LI><a href="#[64]">PKCAU_IRQHandler</a> from startup_gd32f5xx_mbl.o(.text) referenced from startup_gd32f5xx_mbl.o(RESET)
 <LI><a href="#[8]">PendSV_Handler</a> from mbl_gd32f5xx_it.o(.text.PendSV_Handler) referenced from startup_gd32f5xx_mbl.o(RESET)
 <LI><a href="#[f]">RCU_CTC_IRQHandler</a> from startup_gd32f5xx_mbl.o(.text) referenced from startup_gd32f5xx_mbl.o(RESET)
 <LI><a href="#[33]">RTC_Alarm_IRQHandler</a> from startup_gd32f5xx_mbl.o(.text) referenced from startup_gd32f5xx_mbl.o(RESET)
 <LI><a href="#[d]">RTC_WKUP_IRQHandler</a> from startup_gd32f5xx_mbl.o(.text) referenced from startup_gd32f5xx_mbl.o(RESET)
 <LI><a href="#[0]">Reset_Handler</a> from startup_gd32f5xx_mbl.o(.text) referenced from startup_gd32f5xx_mbl.o(RESET)
 <LI><a href="#[60]">SAI_IRQHandler</a> from startup_gd32f5xx_mbl.o(.text) referenced from startup_gd32f5xx_mbl.o(RESET)
 <LI><a href="#[3b]">SDIO_IRQHandler</a> from startup_gd32f5xx_mbl.o(.text) referenced from startup_gd32f5xx_mbl.o(RESET)
 <LI><a href="#[2d]">SPI0_IRQHandler</a> from startup_gd32f5xx_mbl.o(.text) referenced from startup_gd32f5xx_mbl.o(RESET)
 <LI><a href="#[2e]">SPI1_IRQHandler</a> from startup_gd32f5xx_mbl.o(.text) referenced from startup_gd32f5xx_mbl.o(RESET)
 <LI><a href="#[3d]">SPI2_IRQHandler</a> from startup_gd32f5xx_mbl.o(.text) referenced from startup_gd32f5xx_mbl.o(RESET)
 <LI><a href="#[5d]">SPI3_IRQHandler</a> from startup_gd32f5xx_mbl.o(.text) referenced from startup_gd32f5xx_mbl.o(RESET)
 <LI><a href="#[5e]">SPI4_IRQHandler</a> from startup_gd32f5xx_mbl.o(.text) referenced from startup_gd32f5xx_mbl.o(RESET)
 <LI><a href="#[5f]">SPI5_IRQHandler</a> from startup_gd32f5xx_mbl.o(.text) referenced from startup_gd32f5xx_mbl.o(RESET)
 <LI><a href="#[6]">SVC_Handler</a> from mbl_gd32f5xx_it.o(.text.SVC_Handler) referenced from startup_gd32f5xx_mbl.o(RESET)
 <LI><a href="#[6e]">SYSCFG_SRAM_ECC_ER_IRQHandler</a> from startup_gd32f5xx_mbl.o(.text) referenced from startup_gd32f5xx_mbl.o(RESET)
 <LI><a href="#[9]">SysTick_Handler</a> from mbl_gd32f5xx_it.o(.text.SysTick_Handler) referenced from startup_gd32f5xx_mbl.o(RESET)
 <LI><a href="#[72]">SystemInit</a> from system_gd32f5xx.o(.text.SystemInit) referenced from startup_gd32f5xx_mbl.o(.text)
 <LI><a href="#[c]">TAMPER_STAMP_IRQHandler</a> from startup_gd32f5xx_mbl.o(.text) referenced from startup_gd32f5xx_mbl.o(RESET)
 <LI><a href="#[22]">TIMER0_BRK_TIMER8_IRQHandler</a> from startup_gd32f5xx_mbl.o(.text) referenced from startup_gd32f5xx_mbl.o(RESET)
 <LI><a href="#[25]">TIMER0_Channel_IRQHandler</a> from startup_gd32f5xx_mbl.o(.text) referenced from startup_gd32f5xx_mbl.o(RESET)
 <LI><a href="#[24]">TIMER0_TRG_CMT_TIMER10_IRQHandler</a> from startup_gd32f5xx_mbl.o(.text) referenced from startup_gd32f5xx_mbl.o(RESET)
 <LI><a href="#[23]">TIMER0_UP_TIMER9_IRQHandler</a> from startup_gd32f5xx_mbl.o(.text) referenced from startup_gd32f5xx_mbl.o(RESET)
 <LI><a href="#[26]">TIMER1_IRQHandler</a> from startup_gd32f5xx_mbl.o(.text) referenced from startup_gd32f5xx_mbl.o(RESET)
 <LI><a href="#[27]">TIMER2_IRQHandler</a> from startup_gd32f5xx_mbl.o(.text) referenced from startup_gd32f5xx_mbl.o(RESET)
 <LI><a href="#[28]">TIMER3_IRQHandler</a> from startup_gd32f5xx_mbl.o(.text) referenced from startup_gd32f5xx_mbl.o(RESET)
 <LI><a href="#[3c]">TIMER4_IRQHandler</a> from startup_gd32f5xx_mbl.o(.text) referenced from startup_gd32f5xx_mbl.o(RESET)
 <LI><a href="#[40]">TIMER5_DAC_IRQHandler</a> from startup_gd32f5xx_mbl.o(.text) referenced from startup_gd32f5xx_mbl.o(RESET)
 <LI><a href="#[41]">TIMER6_IRQHandler</a> from startup_gd32f5xx_mbl.o(.text) referenced from startup_gd32f5xx_mbl.o(RESET)
 <LI><a href="#[35]">TIMER7_BRK_TIMER11_IRQHandler</a> from startup_gd32f5xx_mbl.o(.text) referenced from startup_gd32f5xx_mbl.o(RESET)
 <LI><a href="#[38]">TIMER7_Channel_IRQHandler</a> from startup_gd32f5xx_mbl.o(.text) referenced from startup_gd32f5xx_mbl.o(RESET)
 <LI><a href="#[37]">TIMER7_TRG_CMT_TIMER13_IRQHandler</a> from startup_gd32f5xx_mbl.o(.text) referenced from startup_gd32f5xx_mbl.o(RESET)
 <LI><a href="#[36]">TIMER7_UP_TIMER12_IRQHandler</a> from startup_gd32f5xx_mbl.o(.text) referenced from startup_gd32f5xx_mbl.o(RESET)
 <LI><a href="#[62]">TLI_ER_IRQHandler</a> from startup_gd32f5xx_mbl.o(.text) referenced from startup_gd32f5xx_mbl.o(RESET)
 <LI><a href="#[61]">TLI_IRQHandler</a> from startup_gd32f5xx_mbl.o(.text) referenced from startup_gd32f5xx_mbl.o(RESET)
 <LI><a href="#[59]">TRNG_IRQHandler</a> from startup_gd32f5xx_mbl.o(.text) referenced from startup_gd32f5xx_mbl.o(RESET)
 <LI><a href="#[3e]">UART3_IRQHandler</a> from startup_gd32f5xx_mbl.o(.text) referenced from startup_gd32f5xx_mbl.o(RESET)
 <LI><a href="#[3f]">UART4_IRQHandler</a> from startup_gd32f5xx_mbl.o(.text) referenced from startup_gd32f5xx_mbl.o(RESET)
 <LI><a href="#[5b]">UART6_IRQHandler</a> from mbl_gd32f5xx_it.o(.text.UART6_IRQHandler) referenced from startup_gd32f5xx_mbl.o(RESET)
 <LI><a href="#[5c]">UART7_IRQHandler</a> from startup_gd32f5xx_mbl.o(.text) referenced from startup_gd32f5xx_mbl.o(RESET)
 <LI><a href="#[2f]">USART0_IRQHandler</a> from startup_gd32f5xx_mbl.o(.text) referenced from startup_gd32f5xx_mbl.o(RESET)
 <LI><a href="#[30]">USART1_IRQHandler</a> from startup_gd32f5xx_mbl.o(.text) referenced from startup_gd32f5xx_mbl.o(RESET)
 <LI><a href="#[31]">USART2_IRQHandler</a> from startup_gd32f5xx_mbl.o(.text) referenced from startup_gd32f5xx_mbl.o(RESET)
 <LI><a href="#[51]">USART5_IRQHandler</a> from startup_gd32f5xx_mbl.o(.text) referenced from startup_gd32f5xx_mbl.o(RESET)
 <LI><a href="#[4d]">USBFS_IRQHandler</a> from startup_gd32f5xx_mbl.o(.text) referenced from startup_gd32f5xx_mbl.o(RESET)
 <LI><a href="#[34]">USBFS_WKUP_IRQHandler</a> from startup_gd32f5xx_mbl.o(.text) referenced from startup_gd32f5xx_mbl.o(RESET)
 <LI><a href="#[55]">USBHS_EP1_In_IRQHandler</a> from startup_gd32f5xx_mbl.o(.text) referenced from startup_gd32f5xx_mbl.o(RESET)
 <LI><a href="#[54]">USBHS_EP1_Out_IRQHandler</a> from startup_gd32f5xx_mbl.o(.text) referenced from startup_gd32f5xx_mbl.o(RESET)
 <LI><a href="#[57]">USBHS_IRQHandler</a> from startup_gd32f5xx_mbl.o(.text) referenced from startup_gd32f5xx_mbl.o(RESET)
 <LI><a href="#[56]">USBHS_WKUP_IRQHandler</a> from startup_gd32f5xx_mbl.o(.text) referenced from startup_gd32f5xx_mbl.o(RESET)
 <LI><a href="#[5]">UsageFault_Handler</a> from mbl_gd32f5xx_it.o(.text.UsageFault_Handler) referenced from startup_gd32f5xx_mbl.o(RESET)
 <LI><a href="#[a]">WWDGT_IRQHandler</a> from startup_gd32f5xx_mbl.o(.text) referenced from startup_gd32f5xx_mbl.o(RESET)
 <LI><a href="#[73]">__main</a> from entry.o(.ARM.Collect$$$$00000000) referenced from startup_gd32f5xx_mbl.o(.text)
 <LI><a href="#[74]">delay_1ms</a> from mbl_systick.o(.text.delay_1ms) referenced 2 times from mbl.o(.text.main)
 <LI><a href="#[71]">main</a> from mbl.o(.text.main) referenced from entry9a.o(.ARM.Collect$$$$0000000B)
</UL>
<P>
<H3>
Global Symbols
</H3>
<P><STRONG><a name="[102]"></a>mbedtls_aes_crypt_ctr</STRONG> (Thumb, 0 bytes, Stack size 0 bytes, ibl_symbol_mbedtls(ABSOLUTE))
<BR><BR>[Called By]<UL><LI><a href="#[ac]">&gt;&gt;</a>&nbsp;&nbsp;&nbsp;bootutil_aes_ctr_encrypt
</UL>

<P><STRONG><a name="[103]"></a>mbedtls_aes_init</STRONG> (Thumb, 0 bytes, Stack size 0 bytes, ibl_symbol_mbedtls(ABSOLUTE))
<BR><BR>[Called By]<UL><LI><a href="#[a1]">&gt;&gt;</a>&nbsp;&nbsp;&nbsp;bootutil_aes_ctr_init
</UL>

<P><STRONG><a name="[104]"></a>mbedtls_aes_setkey_enc</STRONG> (Thumb, 0 bytes, Stack size 0 bytes, ibl_symbol_mbedtls(ABSOLUTE))
<BR><BR>[Called By]<UL><LI><a href="#[aa]">&gt;&gt;</a>&nbsp;&nbsp;&nbsp;bootutil_aes_ctr_set_key
</UL>

<P><STRONG><a name="[112]"></a>mbedtls_asn1_get_int</STRONG> (Thumb, 0 bytes, Stack size 0 bytes, ibl_symbol_mbedtls(ABSOLUTE))
<BR><BR>[Called By]<UL><LI><a href="#[9b]">&gt;&gt;</a>&nbsp;&nbsp;&nbsp;bootutil_rsa_parse_private_key
</UL>

<P><STRONG><a name="[113]"></a>mbedtls_asn1_get_mpi</STRONG> (Thumb, 0 bytes, Stack size 0 bytes, ibl_symbol_mbedtls(ABSOLUTE))
<BR><BR>[Called By]<UL><LI><a href="#[9b]">&gt;&gt;</a>&nbsp;&nbsp;&nbsp;bootutil_rsa_parse_private_key
</UL>

<P><STRONG><a name="[111]"></a>mbedtls_asn1_get_tag</STRONG> (Thumb, 0 bytes, Stack size 0 bytes, ibl_symbol_mbedtls(ABSOLUTE))
<BR><BR>[Called By]<UL><LI><a href="#[9b]">&gt;&gt;</a>&nbsp;&nbsp;&nbsp;bootutil_rsa_parse_private_key
</UL>

<P><STRONG><a name="[127]"></a>mbedtls_memory_buffer_alloc_init</STRONG> (Thumb, 0 bytes, Stack size 0 bytes, ibl_symbol_mbedtls(ABSOLUTE))
<BR><BR>[Called By]<UL><LI><a href="#[71]">&gt;&gt;</a>&nbsp;&nbsp;&nbsp;main
</UL>

<P><STRONG><a name="[115]"></a>mbedtls_mpi_size</STRONG> (Thumb, 0 bytes, Stack size 0 bytes, ibl_symbol_mbedtls(ABSOLUTE))
<BR><BR>[Called By]<UL><LI><a href="#[9b]">&gt;&gt;</a>&nbsp;&nbsp;&nbsp;bootutil_rsa_parse_private_key
</UL>

<P><STRONG><a name="[116]"></a>mbedtls_rsa_check_privkey</STRONG> (Thumb, 0 bytes, Stack size 0 bytes, ibl_symbol_mbedtls(ABSOLUTE))
<BR><BR>[Called By]<UL><LI><a href="#[9b]">&gt;&gt;</a>&nbsp;&nbsp;&nbsp;bootutil_rsa_parse_private_key
</UL>

<P><STRONG><a name="[114]"></a>mbedtls_rsa_deduce_crt</STRONG> (Thumb, 0 bytes, Stack size 0 bytes, ibl_symbol_mbedtls(ABSOLUTE))
<BR><BR>[Called By]<UL><LI><a href="#[9b]">&gt;&gt;</a>&nbsp;&nbsp;&nbsp;bootutil_rsa_parse_private_key
</UL>

<P><STRONG><a name="[10e]"></a>mbedtls_rsa_free</STRONG> (Thumb, 0 bytes, Stack size 0 bytes, ibl_symbol_mbedtls(ABSOLUTE))
<BR><BR>[Called By]<UL><LI><a href="#[9c]">&gt;&gt;</a>&nbsp;&nbsp;&nbsp;bootutil_rsa_drop
</UL>

<P><STRONG><a name="[10f]"></a>mbedtls_rsa_init</STRONG> (Thumb, 0 bytes, Stack size 0 bytes, ibl_symbol_mbedtls(ABSOLUTE))
<BR><BR>[Called By]<UL><LI><a href="#[9a]">&gt;&gt;</a>&nbsp;&nbsp;&nbsp;bootutil_rsa_init
</UL>

<P><STRONG><a name="[110]"></a>mbedtls_rsa_rsaes_oaep_decrypt</STRONG> (Thumb, 0 bytes, Stack size 0 bytes, ibl_symbol_mbedtls(ABSOLUTE))
<BR><BR>[Called By]<UL><LI><a href="#[9d]">&gt;&gt;</a>&nbsp;&nbsp;&nbsp;bootutil_rsa_oaep_decrypt
</UL>

<P><STRONG><a name="[117]"></a>mbedtls_sha256_finish_ret</STRONG> (Thumb, 0 bytes, Stack size 0 bytes, ibl_symbol_mbedtls(ABSOLUTE))
<BR><BR>[Called By]<UL><LI><a href="#[108]">&gt;&gt;</a>&nbsp;&nbsp;&nbsp;bootutil_sha_finish
</UL>

<P><STRONG><a name="[118]"></a>mbedtls_sha256_init</STRONG> (Thumb, 0 bytes, Stack size 0 bytes, ibl_symbol_mbedtls(ABSOLUTE))
<BR><BR>[Called By]<UL><LI><a href="#[106]">&gt;&gt;</a>&nbsp;&nbsp;&nbsp;bootutil_sha_init
</UL>

<P><STRONG><a name="[119]"></a>mbedtls_sha256_starts_ret</STRONG> (Thumb, 0 bytes, Stack size 0 bytes, ibl_symbol_mbedtls(ABSOLUTE))
<BR><BR>[Called By]<UL><LI><a href="#[106]">&gt;&gt;</a>&nbsp;&nbsp;&nbsp;bootutil_sha_init
</UL>

<P><STRONG><a name="[11a]"></a>mbedtls_sha256_update_ret</STRONG> (Thumb, 0 bytes, Stack size 0 bytes, ibl_symbol_mbedtls(ABSOLUTE))
<BR><BR>[Called By]<UL><LI><a href="#[107]">&gt;&gt;</a>&nbsp;&nbsp;&nbsp;bootutil_sha_update
</UL>

<P><STRONG><a name="[73]"></a>__main</STRONG> (Thumb, 0 bytes, Stack size unknown bytes, entry.o(.ARM.Collect$$$$00000000))
<BR>[Address Reference Count : 1]<UL><LI> startup_gd32f5xx_mbl.o(.text)
</UL>
<P><STRONG><a name="[131]"></a>_main_stk</STRONG> (Thumb, 0 bytes, Stack size unknown bytes, entry3.o(.ARM.Collect$$$$00000002))

<P><STRONG><a name="[75]"></a>_main_scatterload</STRONG> (Thumb, 0 bytes, Stack size unknown bytes, entry5.o(.ARM.Collect$$$$00000004))
<BR><BR>[Calls]<UL><LI><a href="#[76]">&gt;&gt;</a>&nbsp;&nbsp;&nbsp;__scatterload
</UL>

<P><STRONG><a name="[7a]"></a>__main_after_scatterload</STRONG> (Thumb, 0 bytes, Stack size unknown bytes, entry5.o(.ARM.Collect$$$$00000004))
<BR><BR>[Called By]<UL><LI><a href="#[76]">&gt;&gt;</a>&nbsp;&nbsp;&nbsp;__scatterload
</UL>

<P><STRONG><a name="[132]"></a>_main_clock</STRONG> (Thumb, 0 bytes, Stack size unknown bytes, entry7b.o(.ARM.Collect$$$$00000008))

<P><STRONG><a name="[133]"></a>_main_cpp_init</STRONG> (Thumb, 0 bytes, Stack size unknown bytes, entry8b.o(.ARM.Collect$$$$0000000A))

<P><STRONG><a name="[134]"></a>_main_init</STRONG> (Thumb, 0 bytes, Stack size unknown bytes, entry9a.o(.ARM.Collect$$$$0000000B))

<P><STRONG><a name="[135]"></a>__rt_final_cpp</STRONG> (Thumb, 0 bytes, Stack size unknown bytes, entry10a.o(.ARM.Collect$$$$0000000D))

<P><STRONG><a name="[136]"></a>__rt_final_exit</STRONG> (Thumb, 0 bytes, Stack size unknown bytes, entry11a.o(.ARM.Collect$$$$0000000F))

<P><STRONG><a name="[0]"></a>Reset_Handler</STRONG> (Thumb, 8 bytes, Stack size 0 bytes, startup_gd32f5xx_mbl.o(.text))
<BR>[Address Reference Count : 1]<UL><LI> startup_gd32f5xx_mbl.o(RESET)
</UL>
<P><STRONG><a name="[1c]"></a>ADC_IRQHandler</STRONG> (Thumb, 0 bytes, Stack size 0 bytes, startup_gd32f5xx_mbl.o(.text))
<BR><BR>[Calls]<UL><LI><a href="#[1c]">&gt;&gt;</a>&nbsp;&nbsp;&nbsp;ADC_IRQHandler
</UL>
<BR>[Called By]<UL><LI><a href="#[1c]">&gt;&gt;</a>&nbsp;&nbsp;&nbsp;ADC_IRQHandler
</UL>
<BR>[Address Reference Count : 1]<UL><LI> startup_gd32f5xx_mbl.o(RESET)
</UL>
<P><STRONG><a name="[20]"></a>CAN0_EWMC_IRQHandler</STRONG> (Thumb, 0 bytes, Stack size 0 bytes, startup_gd32f5xx_mbl.o(.text))
<BR>[Address Reference Count : 1]<UL><LI> startup_gd32f5xx_mbl.o(RESET)
</UL>
<P><STRONG><a name="[1e]"></a>CAN0_RX0_IRQHandler</STRONG> (Thumb, 0 bytes, Stack size 0 bytes, startup_gd32f5xx_mbl.o(.text))
<BR>[Address Reference Count : 1]<UL><LI> startup_gd32f5xx_mbl.o(RESET)
</UL>
<P><STRONG><a name="[1f]"></a>CAN0_RX1_IRQHandler</STRONG> (Thumb, 0 bytes, Stack size 0 bytes, startup_gd32f5xx_mbl.o(.text))
<BR>[Address Reference Count : 1]<UL><LI> startup_gd32f5xx_mbl.o(RESET)
</UL>
<P><STRONG><a name="[1d]"></a>CAN0_TX_IRQHandler</STRONG> (Thumb, 0 bytes, Stack size 0 bytes, startup_gd32f5xx_mbl.o(.text))
<BR>[Address Reference Count : 1]<UL><LI> startup_gd32f5xx_mbl.o(RESET)
</UL>
<P><STRONG><a name="[4c]"></a>CAN1_EWMC_IRQHandler</STRONG> (Thumb, 0 bytes, Stack size 0 bytes, startup_gd32f5xx_mbl.o(.text))
<BR>[Address Reference Count : 1]<UL><LI> startup_gd32f5xx_mbl.o(RESET)
</UL>
<P><STRONG><a name="[4a]"></a>CAN1_RX0_IRQHandler</STRONG> (Thumb, 0 bytes, Stack size 0 bytes, startup_gd32f5xx_mbl.o(.text))
<BR>[Address Reference Count : 1]<UL><LI> startup_gd32f5xx_mbl.o(RESET)
</UL>
<P><STRONG><a name="[4b]"></a>CAN1_RX1_IRQHandler</STRONG> (Thumb, 0 bytes, Stack size 0 bytes, startup_gd32f5xx_mbl.o(.text))
<BR>[Address Reference Count : 1]<UL><LI> startup_gd32f5xx_mbl.o(RESET)
</UL>
<P><STRONG><a name="[49]"></a>CAN1_TX_IRQHandler</STRONG> (Thumb, 0 bytes, Stack size 0 bytes, startup_gd32f5xx_mbl.o(.text))
<BR>[Address Reference Count : 1]<UL><LI> startup_gd32f5xx_mbl.o(RESET)
</UL>
<P><STRONG><a name="[70]"></a>CAU_IRQHandler</STRONG> (Thumb, 0 bytes, Stack size 0 bytes, startup_gd32f5xx_mbl.o(.text))
<BR>[Address Reference Count : 1]<UL><LI> startup_gd32f5xx_mbl.o(RESET)
</UL>
<P><STRONG><a name="[58]"></a>DCI_IRQHandler</STRONG> (Thumb, 0 bytes, Stack size 0 bytes, startup_gd32f5xx_mbl.o(.text))
<BR>[Address Reference Count : 1]<UL><LI> startup_gd32f5xx_mbl.o(RESET)
</UL>
<P><STRONG><a name="[15]"></a>DMA0_Channel0_IRQHandler</STRONG> (Thumb, 0 bytes, Stack size 0 bytes, startup_gd32f5xx_mbl.o(.text))
<BR>[Address Reference Count : 1]<UL><LI> startup_gd32f5xx_mbl.o(RESET)
</UL>
<P><STRONG><a name="[16]"></a>DMA0_Channel1_IRQHandler</STRONG> (Thumb, 0 bytes, Stack size 0 bytes, startup_gd32f5xx_mbl.o(.text))
<BR>[Address Reference Count : 1]<UL><LI> startup_gd32f5xx_mbl.o(RESET)
</UL>
<P><STRONG><a name="[17]"></a>DMA0_Channel2_IRQHandler</STRONG> (Thumb, 0 bytes, Stack size 0 bytes, startup_gd32f5xx_mbl.o(.text))
<BR>[Address Reference Count : 1]<UL><LI> startup_gd32f5xx_mbl.o(RESET)
</UL>
<P><STRONG><a name="[18]"></a>DMA0_Channel3_IRQHandler</STRONG> (Thumb, 0 bytes, Stack size 0 bytes, startup_gd32f5xx_mbl.o(.text))
<BR>[Address Reference Count : 1]<UL><LI> startup_gd32f5xx_mbl.o(RESET)
</UL>
<P><STRONG><a name="[19]"></a>DMA0_Channel4_IRQHandler</STRONG> (Thumb, 0 bytes, Stack size 0 bytes, startup_gd32f5xx_mbl.o(.text))
<BR>[Address Reference Count : 1]<UL><LI> startup_gd32f5xx_mbl.o(RESET)
</UL>
<P><STRONG><a name="[1a]"></a>DMA0_Channel5_IRQHandler</STRONG> (Thumb, 0 bytes, Stack size 0 bytes, startup_gd32f5xx_mbl.o(.text))
<BR>[Address Reference Count : 1]<UL><LI> startup_gd32f5xx_mbl.o(RESET)
</UL>
<P><STRONG><a name="[1b]"></a>DMA0_Channel6_IRQHandler</STRONG> (Thumb, 0 bytes, Stack size 0 bytes, startup_gd32f5xx_mbl.o(.text))
<BR>[Address Reference Count : 1]<UL><LI> startup_gd32f5xx_mbl.o(RESET)
</UL>
<P><STRONG><a name="[39]"></a>DMA0_Channel7_IRQHandler</STRONG> (Thumb, 0 bytes, Stack size 0 bytes, startup_gd32f5xx_mbl.o(.text))
<BR>[Address Reference Count : 1]<UL><LI> startup_gd32f5xx_mbl.o(RESET)
</UL>
<P><STRONG><a name="[42]"></a>DMA1_Channel0_IRQHandler</STRONG> (Thumb, 0 bytes, Stack size 0 bytes, startup_gd32f5xx_mbl.o(.text))
<BR>[Address Reference Count : 1]<UL><LI> startup_gd32f5xx_mbl.o(RESET)
</UL>
<P><STRONG><a name="[43]"></a>DMA1_Channel1_IRQHandler</STRONG> (Thumb, 0 bytes, Stack size 0 bytes, startup_gd32f5xx_mbl.o(.text))
<BR>[Address Reference Count : 1]<UL><LI> startup_gd32f5xx_mbl.o(RESET)
</UL>
<P><STRONG><a name="[44]"></a>DMA1_Channel2_IRQHandler</STRONG> (Thumb, 0 bytes, Stack size 0 bytes, startup_gd32f5xx_mbl.o(.text))
<BR>[Address Reference Count : 1]<UL><LI> startup_gd32f5xx_mbl.o(RESET)
</UL>
<P><STRONG><a name="[45]"></a>DMA1_Channel3_IRQHandler</STRONG> (Thumb, 0 bytes, Stack size 0 bytes, startup_gd32f5xx_mbl.o(.text))
<BR>[Address Reference Count : 1]<UL><LI> startup_gd32f5xx_mbl.o(RESET)
</UL>
<P><STRONG><a name="[46]"></a>DMA1_Channel4_IRQHandler</STRONG> (Thumb, 0 bytes, Stack size 0 bytes, startup_gd32f5xx_mbl.o(.text))
<BR>[Address Reference Count : 1]<UL><LI> startup_gd32f5xx_mbl.o(RESET)
</UL>
<P><STRONG><a name="[4e]"></a>DMA1_Channel5_IRQHandler</STRONG> (Thumb, 0 bytes, Stack size 0 bytes, startup_gd32f5xx_mbl.o(.text))
<BR>[Address Reference Count : 1]<UL><LI> startup_gd32f5xx_mbl.o(RESET)
</UL>
<P><STRONG><a name="[4f]"></a>DMA1_Channel6_IRQHandler</STRONG> (Thumb, 0 bytes, Stack size 0 bytes, startup_gd32f5xx_mbl.o(.text))
<BR>[Address Reference Count : 1]<UL><LI> startup_gd32f5xx_mbl.o(RESET)
</UL>
<P><STRONG><a name="[50]"></a>DMA1_Channel7_IRQHandler</STRONG> (Thumb, 0 bytes, Stack size 0 bytes, startup_gd32f5xx_mbl.o(.text))
<BR>[Address Reference Count : 1]<UL><LI> startup_gd32f5xx_mbl.o(RESET)
</UL>
<P><STRONG><a name="[47]"></a>ENET_IRQHandler</STRONG> (Thumb, 0 bytes, Stack size 0 bytes, startup_gd32f5xx_mbl.o(.text))
<BR>[Address Reference Count : 1]<UL><LI> startup_gd32f5xx_mbl.o(RESET)
</UL>
<P><STRONG><a name="[48]"></a>ENET_WKUP_IRQHandler</STRONG> (Thumb, 0 bytes, Stack size 0 bytes, startup_gd32f5xx_mbl.o(.text))
<BR>[Address Reference Count : 1]<UL><LI> startup_gd32f5xx_mbl.o(RESET)
</UL>
<P><STRONG><a name="[3a]"></a>EXMC_IRQHandler</STRONG> (Thumb, 0 bytes, Stack size 0 bytes, startup_gd32f5xx_mbl.o(.text))
<BR>[Address Reference Count : 1]<UL><LI> startup_gd32f5xx_mbl.o(RESET)
</UL>
<P><STRONG><a name="[10]"></a>EXTI0_IRQHandler</STRONG> (Thumb, 0 bytes, Stack size 0 bytes, startup_gd32f5xx_mbl.o(.text))
<BR>[Address Reference Count : 1]<UL><LI> startup_gd32f5xx_mbl.o(RESET)
</UL>
<P><STRONG><a name="[32]"></a>EXTI10_15_IRQHandler</STRONG> (Thumb, 0 bytes, Stack size 0 bytes, startup_gd32f5xx_mbl.o(.text))
<BR>[Address Reference Count : 1]<UL><LI> startup_gd32f5xx_mbl.o(RESET)
</UL>
<P><STRONG><a name="[11]"></a>EXTI1_IRQHandler</STRONG> (Thumb, 0 bytes, Stack size 0 bytes, startup_gd32f5xx_mbl.o(.text))
<BR>[Address Reference Count : 1]<UL><LI> startup_gd32f5xx_mbl.o(RESET)
</UL>
<P><STRONG><a name="[12]"></a>EXTI2_IRQHandler</STRONG> (Thumb, 0 bytes, Stack size 0 bytes, startup_gd32f5xx_mbl.o(.text))
<BR>[Address Reference Count : 1]<UL><LI> startup_gd32f5xx_mbl.o(RESET)
</UL>
<P><STRONG><a name="[13]"></a>EXTI3_IRQHandler</STRONG> (Thumb, 0 bytes, Stack size 0 bytes, startup_gd32f5xx_mbl.o(.text))
<BR>[Address Reference Count : 1]<UL><LI> startup_gd32f5xx_mbl.o(RESET)
</UL>
<P><STRONG><a name="[14]"></a>EXTI4_IRQHandler</STRONG> (Thumb, 0 bytes, Stack size 0 bytes, startup_gd32f5xx_mbl.o(.text))
<BR>[Address Reference Count : 1]<UL><LI> startup_gd32f5xx_mbl.o(RESET)
</UL>
<P><STRONG><a name="[21]"></a>EXTI5_9_IRQHandler</STRONG> (Thumb, 0 bytes, Stack size 0 bytes, startup_gd32f5xx_mbl.o(.text))
<BR>[Address Reference Count : 1]<UL><LI> startup_gd32f5xx_mbl.o(RESET)
</UL>
<P><STRONG><a name="[e]"></a>FMC_IRQHandler</STRONG> (Thumb, 0 bytes, Stack size 0 bytes, startup_gd32f5xx_mbl.o(.text))
<BR>[Address Reference Count : 1]<UL><LI> startup_gd32f5xx_mbl.o(RESET)
</UL>
<P><STRONG><a name="[5a]"></a>FPU_IRQHandler</STRONG> (Thumb, 0 bytes, Stack size 0 bytes, startup_gd32f5xx_mbl.o(.text))
<BR>[Address Reference Count : 1]<UL><LI> startup_gd32f5xx_mbl.o(RESET)
</UL>
<P><STRONG><a name="[6f]"></a>HAU_IRQHandler</STRONG> (Thumb, 0 bytes, Stack size 0 bytes, startup_gd32f5xx_mbl.o(.text))
<BR>[Address Reference Count : 1]<UL><LI> startup_gd32f5xx_mbl.o(RESET)
</UL>
<P><STRONG><a name="[2a]"></a>I2C0_ER_IRQHandler</STRONG> (Thumb, 0 bytes, Stack size 0 bytes, startup_gd32f5xx_mbl.o(.text))
<BR>[Address Reference Count : 1]<UL><LI> startup_gd32f5xx_mbl.o(RESET)
</UL>
<P><STRONG><a name="[29]"></a>I2C0_EV_IRQHandler</STRONG> (Thumb, 0 bytes, Stack size 0 bytes, startup_gd32f5xx_mbl.o(.text))
<BR>[Address Reference Count : 1]<UL><LI> startup_gd32f5xx_mbl.o(RESET)
</UL>
<P><STRONG><a name="[2c]"></a>I2C1_ER_IRQHandler</STRONG> (Thumb, 0 bytes, Stack size 0 bytes, startup_gd32f5xx_mbl.o(.text))
<BR>[Address Reference Count : 1]<UL><LI> startup_gd32f5xx_mbl.o(RESET)
</UL>
<P><STRONG><a name="[2b]"></a>I2C1_EV_IRQHandler</STRONG> (Thumb, 0 bytes, Stack size 0 bytes, startup_gd32f5xx_mbl.o(.text))
<BR>[Address Reference Count : 1]<UL><LI> startup_gd32f5xx_mbl.o(RESET)
</UL>
<P><STRONG><a name="[53]"></a>I2C2_ER_IRQHandler</STRONG> (Thumb, 0 bytes, Stack size 0 bytes, startup_gd32f5xx_mbl.o(.text))
<BR>[Address Reference Count : 1]<UL><LI> startup_gd32f5xx_mbl.o(RESET)
</UL>
<P><STRONG><a name="[52]"></a>I2C2_EV_IRQHandler</STRONG> (Thumb, 0 bytes, Stack size 0 bytes, startup_gd32f5xx_mbl.o(.text))
<BR>[Address Reference Count : 1]<UL><LI> startup_gd32f5xx_mbl.o(RESET)
</UL>
<P><STRONG><a name="[66]"></a>I2C3_ER_IRQHandler</STRONG> (Thumb, 0 bytes, Stack size 0 bytes, startup_gd32f5xx_mbl.o(.text))
<BR>[Address Reference Count : 1]<UL><LI> startup_gd32f5xx_mbl.o(RESET)
</UL>
<P><STRONG><a name="[65]"></a>I2C3_EV_IRQHandler</STRONG> (Thumb, 0 bytes, Stack size 0 bytes, startup_gd32f5xx_mbl.o(.text))
<BR>[Address Reference Count : 1]<UL><LI> startup_gd32f5xx_mbl.o(RESET)
</UL>
<P><STRONG><a name="[6b]"></a>I2C3_WKUP_IRQHandler</STRONG> (Thumb, 0 bytes, Stack size 0 bytes, startup_gd32f5xx_mbl.o(.text))
<BR>[Address Reference Count : 1]<UL><LI> startup_gd32f5xx_mbl.o(RESET)
</UL>
<P><STRONG><a name="[68]"></a>I2C4_ER_IRQHandler</STRONG> (Thumb, 0 bytes, Stack size 0 bytes, startup_gd32f5xx_mbl.o(.text))
<BR>[Address Reference Count : 1]<UL><LI> startup_gd32f5xx_mbl.o(RESET)
</UL>
<P><STRONG><a name="[67]"></a>I2C4_EV_IRQHandler</STRONG> (Thumb, 0 bytes, Stack size 0 bytes, startup_gd32f5xx_mbl.o(.text))
<BR>[Address Reference Count : 1]<UL><LI> startup_gd32f5xx_mbl.o(RESET)
</UL>
<P><STRONG><a name="[6c]"></a>I2C4_WKUP_IRQHandler</STRONG> (Thumb, 0 bytes, Stack size 0 bytes, startup_gd32f5xx_mbl.o(.text))
<BR>[Address Reference Count : 1]<UL><LI> startup_gd32f5xx_mbl.o(RESET)
</UL>
<P><STRONG><a name="[6a]"></a>I2C5_ER_IRQHandler</STRONG> (Thumb, 0 bytes, Stack size 0 bytes, startup_gd32f5xx_mbl.o(.text))
<BR>[Address Reference Count : 1]<UL><LI> startup_gd32f5xx_mbl.o(RESET)
</UL>
<P><STRONG><a name="[69]"></a>I2C5_EV_IRQHandler</STRONG> (Thumb, 0 bytes, Stack size 0 bytes, startup_gd32f5xx_mbl.o(.text))
<BR>[Address Reference Count : 1]<UL><LI> startup_gd32f5xx_mbl.o(RESET)
</UL>
<P><STRONG><a name="[6d]"></a>I2C5_WKUP_IRQHandler</STRONG> (Thumb, 0 bytes, Stack size 0 bytes, startup_gd32f5xx_mbl.o(.text))
<BR>[Address Reference Count : 1]<UL><LI> startup_gd32f5xx_mbl.o(RESET)
</UL>
<P><STRONG><a name="[63]"></a>IPA_IRQHandler</STRONG> (Thumb, 0 bytes, Stack size 0 bytes, startup_gd32f5xx_mbl.o(.text))
<BR>[Address Reference Count : 1]<UL><LI> startup_gd32f5xx_mbl.o(RESET)
</UL>
<P><STRONG><a name="[b]"></a>LVD_IRQHandler</STRONG> (Thumb, 0 bytes, Stack size 0 bytes, startup_gd32f5xx_mbl.o(.text))
<BR>[Address Reference Count : 1]<UL><LI> startup_gd32f5xx_mbl.o(RESET)
</UL>
<P><STRONG><a name="[64]"></a>PKCAU_IRQHandler</STRONG> (Thumb, 0 bytes, Stack size 0 bytes, startup_gd32f5xx_mbl.o(.text))
<BR>[Address Reference Count : 1]<UL><LI> startup_gd32f5xx_mbl.o(RESET)
</UL>
<P><STRONG><a name="[f]"></a>RCU_CTC_IRQHandler</STRONG> (Thumb, 0 bytes, Stack size 0 bytes, startup_gd32f5xx_mbl.o(.text))
<BR>[Address Reference Count : 1]<UL><LI> startup_gd32f5xx_mbl.o(RESET)
</UL>
<P><STRONG><a name="[33]"></a>RTC_Alarm_IRQHandler</STRONG> (Thumb, 0 bytes, Stack size 0 bytes, startup_gd32f5xx_mbl.o(.text))
<BR>[Address Reference Count : 1]<UL><LI> startup_gd32f5xx_mbl.o(RESET)
</UL>
<P><STRONG><a name="[d]"></a>RTC_WKUP_IRQHandler</STRONG> (Thumb, 0 bytes, Stack size 0 bytes, startup_gd32f5xx_mbl.o(.text))
<BR>[Address Reference Count : 1]<UL><LI> startup_gd32f5xx_mbl.o(RESET)
</UL>
<P><STRONG><a name="[60]"></a>SAI_IRQHandler</STRONG> (Thumb, 0 bytes, Stack size 0 bytes, startup_gd32f5xx_mbl.o(.text))
<BR>[Address Reference Count : 1]<UL><LI> startup_gd32f5xx_mbl.o(RESET)
</UL>
<P><STRONG><a name="[3b]"></a>SDIO_IRQHandler</STRONG> (Thumb, 0 bytes, Stack size 0 bytes, startup_gd32f5xx_mbl.o(.text))
<BR>[Address Reference Count : 1]<UL><LI> startup_gd32f5xx_mbl.o(RESET)
</UL>
<P><STRONG><a name="[2d]"></a>SPI0_IRQHandler</STRONG> (Thumb, 0 bytes, Stack size 0 bytes, startup_gd32f5xx_mbl.o(.text))
<BR>[Address Reference Count : 1]<UL><LI> startup_gd32f5xx_mbl.o(RESET)
</UL>
<P><STRONG><a name="[2e]"></a>SPI1_IRQHandler</STRONG> (Thumb, 0 bytes, Stack size 0 bytes, startup_gd32f5xx_mbl.o(.text))
<BR>[Address Reference Count : 1]<UL><LI> startup_gd32f5xx_mbl.o(RESET)
</UL>
<P><STRONG><a name="[3d]"></a>SPI2_IRQHandler</STRONG> (Thumb, 0 bytes, Stack size 0 bytes, startup_gd32f5xx_mbl.o(.text))
<BR>[Address Reference Count : 1]<UL><LI> startup_gd32f5xx_mbl.o(RESET)
</UL>
<P><STRONG><a name="[5d]"></a>SPI3_IRQHandler</STRONG> (Thumb, 0 bytes, Stack size 0 bytes, startup_gd32f5xx_mbl.o(.text))
<BR>[Address Reference Count : 1]<UL><LI> startup_gd32f5xx_mbl.o(RESET)
</UL>
<P><STRONG><a name="[5e]"></a>SPI4_IRQHandler</STRONG> (Thumb, 0 bytes, Stack size 0 bytes, startup_gd32f5xx_mbl.o(.text))
<BR>[Address Reference Count : 1]<UL><LI> startup_gd32f5xx_mbl.o(RESET)
</UL>
<P><STRONG><a name="[5f]"></a>SPI5_IRQHandler</STRONG> (Thumb, 0 bytes, Stack size 0 bytes, startup_gd32f5xx_mbl.o(.text))
<BR>[Address Reference Count : 1]<UL><LI> startup_gd32f5xx_mbl.o(RESET)
</UL>
<P><STRONG><a name="[6e]"></a>SYSCFG_SRAM_ECC_ER_IRQHandler</STRONG> (Thumb, 0 bytes, Stack size 0 bytes, startup_gd32f5xx_mbl.o(.text))
<BR>[Address Reference Count : 1]<UL><LI> startup_gd32f5xx_mbl.o(RESET)
</UL>
<P><STRONG><a name="[c]"></a>TAMPER_STAMP_IRQHandler</STRONG> (Thumb, 0 bytes, Stack size 0 bytes, startup_gd32f5xx_mbl.o(.text))
<BR>[Address Reference Count : 1]<UL><LI> startup_gd32f5xx_mbl.o(RESET)
</UL>
<P><STRONG><a name="[22]"></a>TIMER0_BRK_TIMER8_IRQHandler</STRONG> (Thumb, 0 bytes, Stack size 0 bytes, startup_gd32f5xx_mbl.o(.text))
<BR>[Address Reference Count : 1]<UL><LI> startup_gd32f5xx_mbl.o(RESET)
</UL>
<P><STRONG><a name="[25]"></a>TIMER0_Channel_IRQHandler</STRONG> (Thumb, 0 bytes, Stack size 0 bytes, startup_gd32f5xx_mbl.o(.text))
<BR>[Address Reference Count : 1]<UL><LI> startup_gd32f5xx_mbl.o(RESET)
</UL>
<P><STRONG><a name="[24]"></a>TIMER0_TRG_CMT_TIMER10_IRQHandler</STRONG> (Thumb, 0 bytes, Stack size 0 bytes, startup_gd32f5xx_mbl.o(.text))
<BR>[Address Reference Count : 1]<UL><LI> startup_gd32f5xx_mbl.o(RESET)
</UL>
<P><STRONG><a name="[23]"></a>TIMER0_UP_TIMER9_IRQHandler</STRONG> (Thumb, 0 bytes, Stack size 0 bytes, startup_gd32f5xx_mbl.o(.text))
<BR>[Address Reference Count : 1]<UL><LI> startup_gd32f5xx_mbl.o(RESET)
</UL>
<P><STRONG><a name="[26]"></a>TIMER1_IRQHandler</STRONG> (Thumb, 0 bytes, Stack size 0 bytes, startup_gd32f5xx_mbl.o(.text))
<BR>[Address Reference Count : 1]<UL><LI> startup_gd32f5xx_mbl.o(RESET)
</UL>
<P><STRONG><a name="[27]"></a>TIMER2_IRQHandler</STRONG> (Thumb, 0 bytes, Stack size 0 bytes, startup_gd32f5xx_mbl.o(.text))
<BR>[Address Reference Count : 1]<UL><LI> startup_gd32f5xx_mbl.o(RESET)
</UL>
<P><STRONG><a name="[28]"></a>TIMER3_IRQHandler</STRONG> (Thumb, 0 bytes, Stack size 0 bytes, startup_gd32f5xx_mbl.o(.text))
<BR>[Address Reference Count : 1]<UL><LI> startup_gd32f5xx_mbl.o(RESET)
</UL>
<P><STRONG><a name="[3c]"></a>TIMER4_IRQHandler</STRONG> (Thumb, 0 bytes, Stack size 0 bytes, startup_gd32f5xx_mbl.o(.text))
<BR>[Address Reference Count : 1]<UL><LI> startup_gd32f5xx_mbl.o(RESET)
</UL>
<P><STRONG><a name="[40]"></a>TIMER5_DAC_IRQHandler</STRONG> (Thumb, 0 bytes, Stack size 0 bytes, startup_gd32f5xx_mbl.o(.text))
<BR>[Address Reference Count : 1]<UL><LI> startup_gd32f5xx_mbl.o(RESET)
</UL>
<P><STRONG><a name="[41]"></a>TIMER6_IRQHandler</STRONG> (Thumb, 0 bytes, Stack size 0 bytes, startup_gd32f5xx_mbl.o(.text))
<BR>[Address Reference Count : 1]<UL><LI> startup_gd32f5xx_mbl.o(RESET)
</UL>
<P><STRONG><a name="[35]"></a>TIMER7_BRK_TIMER11_IRQHandler</STRONG> (Thumb, 0 bytes, Stack size 0 bytes, startup_gd32f5xx_mbl.o(.text))
<BR>[Address Reference Count : 1]<UL><LI> startup_gd32f5xx_mbl.o(RESET)
</UL>
<P><STRONG><a name="[38]"></a>TIMER7_Channel_IRQHandler</STRONG> (Thumb, 0 bytes, Stack size 0 bytes, startup_gd32f5xx_mbl.o(.text))
<BR>[Address Reference Count : 1]<UL><LI> startup_gd32f5xx_mbl.o(RESET)
</UL>
<P><STRONG><a name="[37]"></a>TIMER7_TRG_CMT_TIMER13_IRQHandler</STRONG> (Thumb, 0 bytes, Stack size 0 bytes, startup_gd32f5xx_mbl.o(.text))
<BR>[Address Reference Count : 1]<UL><LI> startup_gd32f5xx_mbl.o(RESET)
</UL>
<P><STRONG><a name="[36]"></a>TIMER7_UP_TIMER12_IRQHandler</STRONG> (Thumb, 0 bytes, Stack size 0 bytes, startup_gd32f5xx_mbl.o(.text))
<BR>[Address Reference Count : 1]<UL><LI> startup_gd32f5xx_mbl.o(RESET)
</UL>
<P><STRONG><a name="[62]"></a>TLI_ER_IRQHandler</STRONG> (Thumb, 0 bytes, Stack size 0 bytes, startup_gd32f5xx_mbl.o(.text))
<BR>[Address Reference Count : 1]<UL><LI> startup_gd32f5xx_mbl.o(RESET)
</UL>
<P><STRONG><a name="[61]"></a>TLI_IRQHandler</STRONG> (Thumb, 0 bytes, Stack size 0 bytes, startup_gd32f5xx_mbl.o(.text))
<BR>[Address Reference Count : 1]<UL><LI> startup_gd32f5xx_mbl.o(RESET)
</UL>
<P><STRONG><a name="[59]"></a>TRNG_IRQHandler</STRONG> (Thumb, 0 bytes, Stack size 0 bytes, startup_gd32f5xx_mbl.o(.text))
<BR>[Address Reference Count : 1]<UL><LI> startup_gd32f5xx_mbl.o(RESET)
</UL>
<P><STRONG><a name="[3e]"></a>UART3_IRQHandler</STRONG> (Thumb, 0 bytes, Stack size 0 bytes, startup_gd32f5xx_mbl.o(.text))
<BR>[Address Reference Count : 1]<UL><LI> startup_gd32f5xx_mbl.o(RESET)
</UL>
<P><STRONG><a name="[3f]"></a>UART4_IRQHandler</STRONG> (Thumb, 0 bytes, Stack size 0 bytes, startup_gd32f5xx_mbl.o(.text))
<BR>[Address Reference Count : 1]<UL><LI> startup_gd32f5xx_mbl.o(RESET)
</UL>
<P><STRONG><a name="[5c]"></a>UART7_IRQHandler</STRONG> (Thumb, 0 bytes, Stack size 0 bytes, startup_gd32f5xx_mbl.o(.text))
<BR>[Address Reference Count : 1]<UL><LI> startup_gd32f5xx_mbl.o(RESET)
</UL>
<P><STRONG><a name="[2f]"></a>USART0_IRQHandler</STRONG> (Thumb, 0 bytes, Stack size 0 bytes, startup_gd32f5xx_mbl.o(.text))
<BR>[Address Reference Count : 1]<UL><LI> startup_gd32f5xx_mbl.o(RESET)
</UL>
<P><STRONG><a name="[30]"></a>USART1_IRQHandler</STRONG> (Thumb, 0 bytes, Stack size 0 bytes, startup_gd32f5xx_mbl.o(.text))
<BR>[Address Reference Count : 1]<UL><LI> startup_gd32f5xx_mbl.o(RESET)
</UL>
<P><STRONG><a name="[31]"></a>USART2_IRQHandler</STRONG> (Thumb, 0 bytes, Stack size 0 bytes, startup_gd32f5xx_mbl.o(.text))
<BR>[Address Reference Count : 1]<UL><LI> startup_gd32f5xx_mbl.o(RESET)
</UL>
<P><STRONG><a name="[51]"></a>USART5_IRQHandler</STRONG> (Thumb, 0 bytes, Stack size 0 bytes, startup_gd32f5xx_mbl.o(.text))
<BR>[Address Reference Count : 1]<UL><LI> startup_gd32f5xx_mbl.o(RESET)
</UL>
<P><STRONG><a name="[4d]"></a>USBFS_IRQHandler</STRONG> (Thumb, 0 bytes, Stack size 0 bytes, startup_gd32f5xx_mbl.o(.text))
<BR>[Address Reference Count : 1]<UL><LI> startup_gd32f5xx_mbl.o(RESET)
</UL>
<P><STRONG><a name="[34]"></a>USBFS_WKUP_IRQHandler</STRONG> (Thumb, 0 bytes, Stack size 0 bytes, startup_gd32f5xx_mbl.o(.text))
<BR>[Address Reference Count : 1]<UL><LI> startup_gd32f5xx_mbl.o(RESET)
</UL>
<P><STRONG><a name="[55]"></a>USBHS_EP1_In_IRQHandler</STRONG> (Thumb, 0 bytes, Stack size 0 bytes, startup_gd32f5xx_mbl.o(.text))
<BR>[Address Reference Count : 1]<UL><LI> startup_gd32f5xx_mbl.o(RESET)
</UL>
<P><STRONG><a name="[54]"></a>USBHS_EP1_Out_IRQHandler</STRONG> (Thumb, 0 bytes, Stack size 0 bytes, startup_gd32f5xx_mbl.o(.text))
<BR>[Address Reference Count : 1]<UL><LI> startup_gd32f5xx_mbl.o(RESET)
</UL>
<P><STRONG><a name="[57]"></a>USBHS_IRQHandler</STRONG> (Thumb, 0 bytes, Stack size 0 bytes, startup_gd32f5xx_mbl.o(.text))
<BR>[Address Reference Count : 1]<UL><LI> startup_gd32f5xx_mbl.o(RESET)
</UL>
<P><STRONG><a name="[56]"></a>USBHS_WKUP_IRQHandler</STRONG> (Thumb, 0 bytes, Stack size 0 bytes, startup_gd32f5xx_mbl.o(.text))
<BR>[Address Reference Count : 1]<UL><LI> startup_gd32f5xx_mbl.o(RESET)
</UL>
<P><STRONG><a name="[a]"></a>WWDGT_IRQHandler</STRONG> (Thumb, 0 bytes, Stack size 0 bytes, startup_gd32f5xx_mbl.o(.text))
<BR>[Address Reference Count : 1]<UL><LI> startup_gd32f5xx_mbl.o(RESET)
</UL>
<P><STRONG><a name="[101]"></a>__aeabi_memcpy</STRONG> (Thumb, 36 bytes, Stack size 0 bytes, memcpya.o(.text))
<BR><BR>[Called By]<UL><LI><a href="#[b8]">&gt;&gt;</a>&nbsp;&nbsp;&nbsp;bootutil_img_validate
<LI><a href="#[100]">&gt;&gt;</a>&nbsp;&nbsp;&nbsp;boot_write_trailer
<LI><a href="#[71]">&gt;&gt;</a>&nbsp;&nbsp;&nbsp;main
</UL>

<P><STRONG><a name="[137]"></a>__aeabi_memcpy4</STRONG> (Thumb, 0 bytes, Stack size 0 bytes, memcpya.o(.text), UNUSED)

<P><STRONG><a name="[138]"></a>__aeabi_memcpy8</STRONG> (Thumb, 0 bytes, Stack size 0 bytes, memcpya.o(.text), UNUSED)

<P><STRONG><a name="[78]"></a>__aeabi_memset</STRONG> (Thumb, 14 bytes, Stack size 0 bytes, memseta.o(.text))
<BR><BR>[Called By]<UL><LI><a href="#[100]">&gt;&gt;</a>&nbsp;&nbsp;&nbsp;boot_write_trailer
<LI><a href="#[79]">&gt;&gt;</a>&nbsp;&nbsp;&nbsp;_memset$wrapper
<LI><a href="#[77]">&gt;&gt;</a>&nbsp;&nbsp;&nbsp;__aeabi_memclr
</UL>

<P><STRONG><a name="[139]"></a>__aeabi_memset4</STRONG> (Thumb, 0 bytes, Stack size 0 bytes, memseta.o(.text), UNUSED)

<P><STRONG><a name="[13a]"></a>__aeabi_memset8</STRONG> (Thumb, 0 bytes, Stack size 0 bytes, memseta.o(.text), UNUSED)

<P><STRONG><a name="[77]"></a>__aeabi_memclr</STRONG> (Thumb, 4 bytes, Stack size 0 bytes, memseta.o(.text), UNUSED)
<BR><BR>[Calls]<UL><LI><a href="#[78]">&gt;&gt;</a>&nbsp;&nbsp;&nbsp;__aeabi_memset
</UL>

<P><STRONG><a name="[e7]"></a>__aeabi_memclr4</STRONG> (Thumb, 0 bytes, Stack size 0 bytes, memseta.o(.text))
<BR><BR>[Called By]<UL><LI><a href="#[b5]">&gt;&gt;</a>&nbsp;&nbsp;&nbsp;boot_state_clear
</UL>

<P><STRONG><a name="[13b]"></a>__aeabi_memclr8</STRONG> (Thumb, 0 bytes, Stack size 0 bytes, memseta.o(.text), UNUSED)

<P><STRONG><a name="[79]"></a>_memset$wrapper</STRONG> (Thumb, 18 bytes, Stack size 8 bytes, memseta.o(.text), UNUSED)
<BR><BR>[Calls]<UL><LI><a href="#[78]">&gt;&gt;</a>&nbsp;&nbsp;&nbsp;__aeabi_memset
</UL>

<P><STRONG><a name="[b0]"></a>memcmp</STRONG> (Thumb, 26 bytes, Stack size 12 bytes, memcmp.o(.text))
<BR><BR>[Stack]<UL><LI>Max Depth = 12<LI>Call Chain = memcmp
</UL>
<BR>[Called By]<UL><LI><a href="#[105]">&gt;&gt;</a>&nbsp;&nbsp;&nbsp;bootutil_find_key
<LI><a href="#[c8]">&gt;&gt;</a>&nbsp;&nbsp;&nbsp;boot_magic_decode
<LI><a href="#[af]">&gt;&gt;</a>&nbsp;&nbsp;&nbsp;boot_fih_memequal
<LI><a href="#[b3]">&gt;&gt;</a>&nbsp;&nbsp;&nbsp;boot_magic_decode
</UL>

<P><STRONG><a name="[76]"></a>__scatterload</STRONG> (Thumb, 38 bytes, Stack size 0 bytes, init.o(.text))
<BR><BR>[Calls]<UL><LI><a href="#[7a]">&gt;&gt;</a>&nbsp;&nbsp;&nbsp;__main_after_scatterload
</UL>
<BR>[Called By]<UL><LI><a href="#[75]">&gt;&gt;</a>&nbsp;&nbsp;&nbsp;_main_scatterload
</UL>

<P><STRONG><a name="[13c]"></a>__scatterload_rt2</STRONG> (Thumb, 0 bytes, Stack size 0 bytes, init.o(.text), UNUSED)

<P><STRONG><a name="[4]"></a>BusFault_Handler</STRONG> (Thumb, 4 bytes, Stack size 0 bytes, mbl_gd32f5xx_it.o(.text.BusFault_Handler))
<BR>[Address Reference Count : 1]<UL><LI> startup_gd32f5xx_mbl.o(RESET)
</UL>
<P><STRONG><a name="[7]"></a>DebugMon_Handler</STRONG> (Thumb, 4 bytes, Stack size 0 bytes, mbl_gd32f5xx_it.o(.text.DebugMon_Handler))
<BR>[Address Reference Count : 1]<UL><LI> startup_gd32f5xx_mbl.o(RESET)
</UL>
<P><STRONG><a name="[2]"></a>HardFault_Handler</STRONG> (Thumb, 20 bytes, Stack size 0 bytes, mbl_gd32f5xx_it.o(.text.HardFault_Handler))
<BR><BR>[Stack]<UL><LI>Max Depth = 24<LI>Call Chain = HardFault_Handler &rArr; HardFault_Handler_c
</UL>
<BR>[Calls]<UL><LI><a href="#[7b]">&gt;&gt;</a>&nbsp;&nbsp;&nbsp;HardFault_Handler_c
</UL>
<BR>[Address Reference Count : 1]<UL><LI> startup_gd32f5xx_mbl.o(RESET)
</UL>
<P><STRONG><a name="[7b]"></a>HardFault_Handler_c</STRONG> (Thumb, 356 bytes, Stack size 24 bytes, mbl_gd32f5xx_it.o(.text.HardFault_Handler_c))
<BR><BR>[Stack]<UL><LI>Max Depth = 24<LI>Call Chain = HardFault_Handler_c
</UL>
<BR>[Called By]<UL><LI><a href="#[2]">&gt;&gt;</a>&nbsp;&nbsp;&nbsp;HardFault_Handler
</UL>

<P><STRONG><a name="[3]"></a>MemManage_Handler</STRONG> (Thumb, 4 bytes, Stack size 0 bytes, mbl_gd32f5xx_it.o(.text.MemManage_Handler))
<BR>[Address Reference Count : 1]<UL><LI> startup_gd32f5xx_mbl.o(RESET)
</UL>
<P><STRONG><a name="[1]"></a>NMI_Handler</STRONG> (Thumb, 266 bytes, Stack size 8 bytes, mbl_gd32f5xx_it.o(.text.NMI_Handler))
<BR><BR>[Stack]<UL><LI>Max Depth = 16<LI>Call Chain = NMI_Handler &rArr; syscfg_interrupt_flag_get
</UL>
<BR>[Calls]<UL><LI><a href="#[7c]">&gt;&gt;</a>&nbsp;&nbsp;&nbsp;syscfg_interrupt_flag_get
</UL>
<BR>[Address Reference Count : 1]<UL><LI> startup_gd32f5xx_mbl.o(RESET)
</UL>
<P><STRONG><a name="[8]"></a>PendSV_Handler</STRONG> (Thumb, 4 bytes, Stack size 0 bytes, mbl_gd32f5xx_it.o(.text.PendSV_Handler))
<BR>[Address Reference Count : 1]<UL><LI> startup_gd32f5xx_mbl.o(RESET)
</UL>
<P><STRONG><a name="[6]"></a>SVC_Handler</STRONG> (Thumb, 4 bytes, Stack size 0 bytes, mbl_gd32f5xx_it.o(.text.SVC_Handler))
<BR>[Address Reference Count : 1]<UL><LI> startup_gd32f5xx_mbl.o(RESET)
</UL>
<P><STRONG><a name="[9]"></a>SysTick_Handler</STRONG> (Thumb, 8 bytes, Stack size 8 bytes, mbl_gd32f5xx_it.o(.text.SysTick_Handler))
<BR><BR>[Stack]<UL><LI>Max Depth = 8<LI>Call Chain = SysTick_Handler
</UL>
<BR>[Calls]<UL><LI><a href="#[7f]">&gt;&gt;</a>&nbsp;&nbsp;&nbsp;delay_decrement
</UL>
<BR>[Address Reference Count : 1]<UL><LI> startup_gd32f5xx_mbl.o(RESET)
</UL>
<P><STRONG><a name="[72]"></a>SystemInit</STRONG> (Thumb, 250 bytes, Stack size 16 bytes, system_gd32f5xx.o(.text.SystemInit))
<BR><BR>[Stack]<UL><LI>Max Depth = 36<LI>Call Chain = SystemInit &rArr; system_clock_config &rArr; system_clock_200m_25m_hxtal
</UL>
<BR>[Calls]<UL><LI><a href="#[80]">&gt;&gt;</a>&nbsp;&nbsp;&nbsp;system_clock_config
</UL>
<BR>[Address Reference Count : 1]<UL><LI> startup_gd32f5xx_mbl.o(.text)
</UL>
<P><STRONG><a name="[5b]"></a>UART6_IRQHandler</STRONG> (Thumb, 266 bytes, Stack size 8 bytes, mbl_gd32f5xx_it.o(.text.UART6_IRQHandler))
<BR><BR>[Stack]<UL><LI>Max Depth = 28<LI>Call Chain = UART6_IRQHandler &rArr; usart_interrupt_flag_get
</UL>
<BR>[Calls]<UL><LI><a href="#[82]">&gt;&gt;</a>&nbsp;&nbsp;&nbsp;usart_data_receive
<LI><a href="#[81]">&gt;&gt;</a>&nbsp;&nbsp;&nbsp;usart_interrupt_flag_get
</UL>
<BR>[Address Reference Count : 1]<UL><LI> startup_gd32f5xx_mbl.o(RESET)
</UL>
<P><STRONG><a name="[5]"></a>UsageFault_Handler</STRONG> (Thumb, 4 bytes, Stack size 0 bytes, mbl_gd32f5xx_it.o(.text.UsageFault_Handler))
<BR>[Address Reference Count : 1]<UL><LI> startup_gd32f5xx_mbl.o(RESET)
</UL>
<P><STRONG><a name="[8c]"></a>__aeabi_assert</STRONG> (Thumb, 54 bytes, Stack size 24 bytes, boot_hal.o(.text.__aeabi_assert))
<BR><BR>[Stack]<UL><LI>Max Depth = 24<LI>Call Chain = __aeabi_assert
</UL>
<BR>[Called By]<UL><LI><a href="#[ef]">&gt;&gt;</a>&nbsp;&nbsp;&nbsp;boot_swap_sectors
<LI><a href="#[12e]">&gt;&gt;</a>&nbsp;&nbsp;&nbsp;swap_status_source
<LI><a href="#[f0]">&gt;&gt;</a>&nbsp;&nbsp;&nbsp;swap_status_init
<LI><a href="#[f1]">&gt;&gt;</a>&nbsp;&nbsp;&nbsp;swap_erase_trailer_sectors
<LI><a href="#[d1]">&gt;&gt;</a>&nbsp;&nbsp;&nbsp;swap_read_status
<LI><a href="#[b6]">&gt;&gt;</a>&nbsp;&nbsp;&nbsp;context_boot_go
<LI><a href="#[8b]">&gt;&gt;</a>&nbsp;&nbsp;&nbsp;boot_swap_image
<LI><a href="#[8a]">&gt;&gt;</a>&nbsp;&nbsp;&nbsp;boot_complete_partial_swap
<LI><a href="#[cb]">&gt;&gt;</a>&nbsp;&nbsp;&nbsp;boot_perform_update
<LI><a href="#[cc]">&gt;&gt;</a>&nbsp;&nbsp;&nbsp;boot_prepare_image_for_update
<LI><a href="#[94]">&gt;&gt;</a>&nbsp;&nbsp;&nbsp;boot_encrypt
<LI><a href="#[f4]">&gt;&gt;</a>&nbsp;&nbsp;&nbsp;boot_write_swap_info
<LI><a href="#[ea]">&gt;&gt;</a>&nbsp;&nbsp;&nbsp;boot_status_off
<LI><a href="#[122]">&gt;&gt;</a>&nbsp;&nbsp;&nbsp;do_boot
</UL>

<P><STRONG><a name="[91]"></a>boot_copy_region</STRONG> (Thumb, 588 bytes, Stack size 96 bytes, loader.o(.text.boot_copy_region))
<BR><BR>[Stack]<UL><LI>Max Depth = 216<LI>Call Chain = boot_copy_region &rArr; boot_encrypt &rArr; bootutil_aes_ctr_encrypt
</UL>
<BR>[Calls]<UL><LI><a href="#[88]">&gt;&gt;</a>&nbsp;&nbsp;&nbsp;boot_img_hdr
<LI><a href="#[93]">&gt;&gt;</a>&nbsp;&nbsp;&nbsp;flash_area_get_id
<LI><a href="#[94]">&gt;&gt;</a>&nbsp;&nbsp;&nbsp;boot_encrypt
<LI><a href="#[95]">&gt;&gt;</a>&nbsp;&nbsp;&nbsp;flash_area_write
<LI><a href="#[92]">&gt;&gt;</a>&nbsp;&nbsp;&nbsp;flash_area_read
</UL>
<BR>[Called By]<UL><LI><a href="#[ef]">&gt;&gt;</a>&nbsp;&nbsp;&nbsp;boot_swap_sectors
</UL>

<P><STRONG><a name="[99]"></a>boot_enc_decrypt</STRONG> (Thumb, 128 bytes, Stack size 224 bytes, encrypted.o(.text.boot_enc_decrypt))
<BR><BR>[Stack]<UL><LI>Max Depth = 280<LI>Call Chain = boot_enc_decrypt &rArr; bootutil_rsa_oaep_decrypt
</UL>
<BR>[Calls]<UL><LI><a href="#[9d]">&gt;&gt;</a>&nbsp;&nbsp;&nbsp;bootutil_rsa_oaep_decrypt
<LI><a href="#[9c]">&gt;&gt;</a>&nbsp;&nbsp;&nbsp;bootutil_rsa_drop
<LI><a href="#[9b]">&gt;&gt;</a>&nbsp;&nbsp;&nbsp;bootutil_rsa_parse_private_key
<LI><a href="#[9a]">&gt;&gt;</a>&nbsp;&nbsp;&nbsp;bootutil_rsa_init
</UL>
<BR>[Called By]<UL><LI><a href="#[a4]">&gt;&gt;</a>&nbsp;&nbsp;&nbsp;boot_enc_load
</UL>

<P><STRONG><a name="[9e]"></a>boot_enc_drop</STRONG> (Thumb, 36 bytes, Stack size 16 bytes, encrypted.o(.text.boot_enc_drop))
<BR><BR>[Stack]<UL><LI>Max Depth = 20<LI>Call Chain = boot_enc_drop &rArr; bootutil_aes_ctr_drop
</UL>
<BR>[Calls]<UL><LI><a href="#[9f]">&gt;&gt;</a>&nbsp;&nbsp;&nbsp;bootutil_aes_ctr_drop
</UL>
<BR>[Called By]<UL><LI><a href="#[a9]">&gt;&gt;</a>&nbsp;&nbsp;&nbsp;boot_enc_set_key
</UL>

<P><STRONG><a name="[a0]"></a>boot_enc_init</STRONG> (Thumb, 36 bytes, Stack size 16 bytes, encrypted.o(.text.boot_enc_init))
<BR><BR>[Stack]<UL><LI>Max Depth = 32<LI>Call Chain = boot_enc_init &rArr; bootutil_aes_ctr_init
</UL>
<BR>[Calls]<UL><LI><a href="#[a1]">&gt;&gt;</a>&nbsp;&nbsp;&nbsp;bootutil_aes_ctr_init
</UL>
<BR>[Called By]<UL><LI><a href="#[a4]">&gt;&gt;</a>&nbsp;&nbsp;&nbsp;boot_enc_load
</UL>

<P><STRONG><a name="[a4]"></a>boot_enc_load</STRONG> (Thumb, 234 bytes, Stack size 336 bytes, encrypted.o(.text.boot_enc_load))
<BR><BR>[Stack]<UL><LI>Max Depth = 616<LI>Call Chain = boot_enc_load &rArr; boot_enc_decrypt &rArr; bootutil_rsa_oaep_decrypt
</UL>
<BR>[Calls]<UL><LI><a href="#[a8]">&gt;&gt;</a>&nbsp;&nbsp;&nbsp;bootutil_tlv_iter_next
<LI><a href="#[a7]">&gt;&gt;</a>&nbsp;&nbsp;&nbsp;bootutil_tlv_iter_begin
<LI><a href="#[99]">&gt;&gt;</a>&nbsp;&nbsp;&nbsp;boot_enc_decrypt
<LI><a href="#[a0]">&gt;&gt;</a>&nbsp;&nbsp;&nbsp;boot_enc_init
<LI><a href="#[a5]">&gt;&gt;</a>&nbsp;&nbsp;&nbsp;flash_area_get_id
<LI><a href="#[a6]">&gt;&gt;</a>&nbsp;&nbsp;&nbsp;flash_area_id_to_multi_image_slot
<LI><a href="#[92]">&gt;&gt;</a>&nbsp;&nbsp;&nbsp;flash_area_read
</UL>
<BR>[Called By]<UL><LI><a href="#[b7]">&gt;&gt;</a>&nbsp;&nbsp;&nbsp;boot_image_check
<LI><a href="#[8b]">&gt;&gt;</a>&nbsp;&nbsp;&nbsp;boot_swap_image
</UL>

<P><STRONG><a name="[a9]"></a>boot_enc_set_key</STRONG> (Thumb, 110 bytes, Stack size 32 bytes, encrypted.o(.text.boot_enc_set_key))
<BR><BR>[Stack]<UL><LI>Max Depth = 52<LI>Call Chain = boot_enc_set_key &rArr; boot_enc_drop &rArr; bootutil_aes_ctr_drop
</UL>
<BR>[Calls]<UL><LI><a href="#[9e]">&gt;&gt;</a>&nbsp;&nbsp;&nbsp;boot_enc_drop
<LI><a href="#[aa]">&gt;&gt;</a>&nbsp;&nbsp;&nbsp;bootutil_aes_ctr_set_key
</UL>
<BR>[Called By]<UL><LI><a href="#[b7]">&gt;&gt;</a>&nbsp;&nbsp;&nbsp;boot_image_check
<LI><a href="#[8b]">&gt;&gt;</a>&nbsp;&nbsp;&nbsp;boot_swap_image
</UL>

<P><STRONG><a name="[ab]"></a>boot_enc_valid</STRONG> (Thumb, 80 bytes, Stack size 32 bytes, encrypted.o(.text.boot_enc_valid))
<BR><BR>[Stack]<UL><LI>Max Depth = 44<LI>Call Chain = boot_enc_valid &rArr; flash_area_id_to_multi_image_slot
</UL>
<BR>[Calls]<UL><LI><a href="#[a5]">&gt;&gt;</a>&nbsp;&nbsp;&nbsp;flash_area_get_id
<LI><a href="#[a6]">&gt;&gt;</a>&nbsp;&nbsp;&nbsp;flash_area_id_to_multi_image_slot
</UL>
<BR>[Called By]<UL><LI><a href="#[10a]">&gt;&gt;</a>&nbsp;&nbsp;&nbsp;bootutil_img_hash
</UL>

<P><STRONG><a name="[94]"></a>boot_encrypt</STRONG> (Thumb, 212 bytes, Stack size 64 bytes, encrypted.o(.text.boot_encrypt))
<BR><BR>[Stack]<UL><LI>Max Depth = 120<LI>Call Chain = boot_encrypt &rArr; bootutil_aes_ctr_encrypt
</UL>
<BR>[Calls]<UL><LI><a href="#[ac]">&gt;&gt;</a>&nbsp;&nbsp;&nbsp;bootutil_aes_ctr_encrypt
<LI><a href="#[a5]">&gt;&gt;</a>&nbsp;&nbsp;&nbsp;flash_area_get_id
<LI><a href="#[a6]">&gt;&gt;</a>&nbsp;&nbsp;&nbsp;flash_area_id_to_multi_image_slot
<LI><a href="#[8c]">&gt;&gt;</a>&nbsp;&nbsp;&nbsp;__aeabi_assert
</UL>
<BR>[Called By]<UL><LI><a href="#[91]">&gt;&gt;</a>&nbsp;&nbsp;&nbsp;boot_copy_region
<LI><a href="#[10a]">&gt;&gt;</a>&nbsp;&nbsp;&nbsp;bootutil_img_hash
</UL>

<P><STRONG><a name="[ad]"></a>boot_erase_region</STRONG> (Thumb, 24 bytes, Stack size 24 bytes, loader.o(.text.boot_erase_region))
<BR><BR>[Stack]<UL><LI>Max Depth = 48<LI>Call Chain = boot_erase_region &rArr; flash_area_erase
</UL>
<BR>[Calls]<UL><LI><a href="#[ae]">&gt;&gt;</a>&nbsp;&nbsp;&nbsp;flash_area_erase
</UL>
<BR>[Called By]<UL><LI><a href="#[ef]">&gt;&gt;</a>&nbsp;&nbsp;&nbsp;boot_swap_sectors
<LI><a href="#[f1]">&gt;&gt;</a>&nbsp;&nbsp;&nbsp;swap_erase_trailer_sectors
</UL>

<P><STRONG><a name="[af]"></a>boot_fih_memequal</STRONG> (Thumb, 24 bytes, Stack size 24 bytes, bootutil_misc.o(.text.boot_fih_memequal))
<BR><BR>[Stack]<UL><LI>Max Depth = 36<LI>Call Chain = boot_fih_memequal &rArr; memcmp
</UL>
<BR>[Calls]<UL><LI><a href="#[b0]">&gt;&gt;</a>&nbsp;&nbsp;&nbsp;memcmp
</UL>
<BR>[Called By]<UL><LI><a href="#[b8]">&gt;&gt;</a>&nbsp;&nbsp;&nbsp;bootutil_img_validate
</UL>

<P><STRONG><a name="[b1]"></a>boot_find_status</STRONG> (Thumb, 150 bytes, Stack size 48 bytes, bootutil_misc.o(.text.boot_find_status))
<BR><BR>[Stack]<UL><LI>Max Depth = 76<LI>Call Chain = boot_find_status &rArr; boot_magic_decode &rArr; memcmp
</UL>
<BR>[Calls]<UL><LI><a href="#[b3]">&gt;&gt;</a>&nbsp;&nbsp;&nbsp;boot_magic_decode
<LI><a href="#[b2]">&gt;&gt;</a>&nbsp;&nbsp;&nbsp;boot_magic_off
<LI><a href="#[92]">&gt;&gt;</a>&nbsp;&nbsp;&nbsp;flash_area_read
<LI><a href="#[87]">&gt;&gt;</a>&nbsp;&nbsp;&nbsp;flash_area_close
<LI><a href="#[85]">&gt;&gt;</a>&nbsp;&nbsp;&nbsp;flash_area_open
</UL>
<BR>[Called By]<UL><LI><a href="#[8b]">&gt;&gt;</a>&nbsp;&nbsp;&nbsp;boot_swap_image
</UL>

<P><STRONG><a name="[b4]"></a>boot_go</STRONG> (Thumb, 78 bytes, Stack size 24 bytes, loader.o(.text.boot_go))
<BR><BR>[Stack]<UL><LI>Max Depth = 1016<LI>Call Chain = boot_go &rArr; context_boot_go &rArr; boot_prepare_image_for_update &rArr; boot_validated_swap_type &rArr; boot_validate_slot &rArr; boot_image_check &rArr; bootutil_img_validate &rArr; bootutil_img_hash &rArr; boot_encrypt &rArr; bootutil_aes_ctr_encrypt
</UL>
<BR>[Calls]<UL><LI><a href="#[b5]">&gt;&gt;</a>&nbsp;&nbsp;&nbsp;boot_state_clear
<LI><a href="#[b6]">&gt;&gt;</a>&nbsp;&nbsp;&nbsp;context_boot_go
</UL>
<BR>[Called By]<UL><LI><a href="#[71]">&gt;&gt;</a>&nbsp;&nbsp;&nbsp;main
</UL>

<P><STRONG><a name="[f9]"></a>boot_magic_compatible_check</STRONG> (Thumb, 78 bytes, Stack size 12 bytes, bootutil_public.o(.text.boot_magic_compatible_check))
<BR><BR>[Stack]<UL><LI>Max Depth = 12<LI>Call Chain = boot_magic_compatible_check
</UL>
<BR>[Called By]<UL><LI><a href="#[12e]">&gt;&gt;</a>&nbsp;&nbsp;&nbsp;swap_status_source
<LI><a href="#[f8]">&gt;&gt;</a>&nbsp;&nbsp;&nbsp;boot_swap_type_multi
</UL>

<P><STRONG><a name="[d7]"></a>boot_read_enc_key</STRONG> (Thumb, 54 bytes, Stack size 32 bytes, bootutil_misc.o(.text.boot_read_enc_key))
<BR><BR>[Stack]<UL><LI>Max Depth = 132<LI>Call Chain = boot_read_enc_key &rArr; boot_enc_key_off &rArr; boot_swap_size_off &rArr; boot_swap_info_off &rArr; boot_copy_done_off &rArr; boot_image_ok_off &rArr; boot_magic_off &rArr; flash_area_get_size
</UL>
<BR>[Calls]<UL><LI><a href="#[a2]">&gt;&gt;</a>&nbsp;&nbsp;&nbsp;boot_enc_key_off
<LI><a href="#[92]">&gt;&gt;</a>&nbsp;&nbsp;&nbsp;flash_area_read
</UL>
<BR>[Called By]<UL><LI><a href="#[8b]">&gt;&gt;</a>&nbsp;&nbsp;&nbsp;boot_swap_image
</UL>

<P><STRONG><a name="[da]"></a>boot_read_image_header</STRONG> (Thumb, 82 bytes, Stack size 40 bytes, swap_scratch.o(.text.boot_read_image_header))
<BR><BR>[Stack]<UL><LI>Max Depth = 64<LI>Call Chain = boot_read_image_header &rArr; flash_area_read
</UL>
<BR>[Calls]<UL><LI><a href="#[84]">&gt;&gt;</a>&nbsp;&nbsp;&nbsp;flash_area_id_from_multi_image_slot
<LI><a href="#[92]">&gt;&gt;</a>&nbsp;&nbsp;&nbsp;flash_area_read
<LI><a href="#[87]">&gt;&gt;</a>&nbsp;&nbsp;&nbsp;flash_area_close
<LI><a href="#[85]">&gt;&gt;</a>&nbsp;&nbsp;&nbsp;flash_area_open
</UL>
<BR>[Called By]<UL><LI><a href="#[ce]">&gt;&gt;</a>&nbsp;&nbsp;&nbsp;boot_read_image_headers
</UL>

<P><STRONG><a name="[db]"></a>boot_read_image_ok</STRONG> (Thumb, 34 bytes, Stack size 24 bytes, bootutil_public.o(.text.boot_read_image_ok))
<BR><BR>[Stack]<UL><LI>Max Depth = 100<LI>Call Chain = boot_read_image_ok &rArr; boot_read_flag &rArr; bootutil_buffer_is_erased &rArr; flash_area_erased_val
</UL>
<BR>[Calls]<UL><LI><a href="#[d6]">&gt;&gt;</a>&nbsp;&nbsp;&nbsp;boot_read_flag
<LI><a href="#[90]">&gt;&gt;</a>&nbsp;&nbsp;&nbsp;boot_image_ok_off
</UL>
<BR>[Called By]<UL><LI><a href="#[df]">&gt;&gt;</a>&nbsp;&nbsp;&nbsp;boot_read_swap_state
</UL>

<P><STRONG><a name="[de]"></a>boot_read_swap_size</STRONG> (Thumb, 36 bytes, Stack size 24 bytes, bootutil_misc.o(.text.boot_read_swap_size))
<BR><BR>[Stack]<UL><LI>Max Depth = 108<LI>Call Chain = boot_read_swap_size &rArr; boot_swap_size_off &rArr; boot_swap_info_off &rArr; boot_copy_done_off &rArr; boot_image_ok_off &rArr; boot_magic_off &rArr; flash_area_get_size
</UL>
<BR>[Calls]<UL><LI><a href="#[a3]">&gt;&gt;</a>&nbsp;&nbsp;&nbsp;boot_swap_size_off
<LI><a href="#[92]">&gt;&gt;</a>&nbsp;&nbsp;&nbsp;flash_area_read
</UL>
<BR>[Called By]<UL><LI><a href="#[8b]">&gt;&gt;</a>&nbsp;&nbsp;&nbsp;boot_swap_image
</UL>

<P><STRONG><a name="[df]"></a>boot_read_swap_state</STRONG> (Thumb, 226 bytes, Stack size 48 bytes, bootutil_public.o(.text.boot_read_swap_state))
<BR><BR>[Stack]<UL><LI>Max Depth = 148<LI>Call Chain = boot_read_swap_state &rArr; boot_read_image_ok &rArr; boot_read_flag &rArr; bootutil_buffer_is_erased &rArr; flash_area_erased_val
</UL>
<BR>[Calls]<UL><LI><a href="#[db]">&gt;&gt;</a>&nbsp;&nbsp;&nbsp;boot_read_image_ok
<LI><a href="#[d8]">&gt;&gt;</a>&nbsp;&nbsp;&nbsp;bootutil_buffer_is_erased
<LI><a href="#[d5]">&gt;&gt;</a>&nbsp;&nbsp;&nbsp;boot_read_copy_done
<LI><a href="#[c8]">&gt;&gt;</a>&nbsp;&nbsp;&nbsp;boot_magic_decode
<LI><a href="#[b9]">&gt;&gt;</a>&nbsp;&nbsp;&nbsp;boot_magic_off
<LI><a href="#[e0]">&gt;&gt;</a>&nbsp;&nbsp;&nbsp;boot_swap_info_off
<LI><a href="#[92]">&gt;&gt;</a>&nbsp;&nbsp;&nbsp;flash_area_read
</UL>
<BR>[Called By]<UL><LI><a href="#[ef]">&gt;&gt;</a>&nbsp;&nbsp;&nbsp;boot_swap_sectors
<LI><a href="#[8d]">&gt;&gt;</a>&nbsp;&nbsp;&nbsp;swap_set_image_ok
<LI><a href="#[e1]">&gt;&gt;</a>&nbsp;&nbsp;&nbsp;boot_read_swap_state_by_id
</UL>

<P><STRONG><a name="[e1]"></a>boot_read_swap_state_by_id</STRONG> (Thumb, 60 bytes, Stack size 32 bytes, bootutil_public.o(.text.boot_read_swap_state_by_id))
<BR><BR>[Stack]<UL><LI>Max Depth = 180<LI>Call Chain = boot_read_swap_state_by_id &rArr; boot_read_swap_state &rArr; boot_read_image_ok &rArr; boot_read_flag &rArr; bootutil_buffer_is_erased &rArr; flash_area_erased_val
</UL>
<BR>[Calls]<UL><LI><a href="#[df]">&gt;&gt;</a>&nbsp;&nbsp;&nbsp;boot_read_swap_state
<LI><a href="#[87]">&gt;&gt;</a>&nbsp;&nbsp;&nbsp;flash_area_close
<LI><a href="#[85]">&gt;&gt;</a>&nbsp;&nbsp;&nbsp;flash_area_open
</UL>
<BR>[Called By]<UL><LI><a href="#[12e]">&gt;&gt;</a>&nbsp;&nbsp;&nbsp;swap_status_source
<LI><a href="#[f0]">&gt;&gt;</a>&nbsp;&nbsp;&nbsp;swap_status_init
<LI><a href="#[f8]">&gt;&gt;</a>&nbsp;&nbsp;&nbsp;boot_swap_type_multi
</UL>

<P><STRONG><a name="[cf]"></a>boot_slots_compatible</STRONG> (Thumb, 544 bytes, Stack size 64 bytes, swap_scratch.o(.text.boot_slots_compatible))
<BR><BR>[Stack]<UL><LI>Max Depth = 92<LI>Call Chain = boot_slots_compatible &rArr; boot_img_sector_size &rArr; flash_sector_get_size
</UL>
<BR>[Calls]<UL><LI><a href="#[98]">&gt;&gt;</a>&nbsp;&nbsp;&nbsp;boot_img_sector_size
<LI><a href="#[97]">&gt;&gt;</a>&nbsp;&nbsp;&nbsp;boot_scratch_area_size
<LI><a href="#[e6]">&gt;&gt;</a>&nbsp;&nbsp;&nbsp;boot_img_num_sectors
</UL>
<BR>[Called By]<UL><LI><a href="#[cc]">&gt;&gt;</a>&nbsp;&nbsp;&nbsp;boot_prepare_image_for_update
</UL>

<P><STRONG><a name="[b5]"></a>boot_state_clear</STRONG> (Thumb, 42 bytes, Stack size 16 bytes, loader.o(.text.boot_state_clear))
<BR><BR>[Stack]<UL><LI>Max Depth = 16<LI>Call Chain = boot_state_clear
</UL>
<BR>[Calls]<UL><LI><a href="#[e7]">&gt;&gt;</a>&nbsp;&nbsp;&nbsp;__aeabi_memclr4
</UL>
<BR>[Called By]<UL><LI><a href="#[b4]">&gt;&gt;</a>&nbsp;&nbsp;&nbsp;boot_go
</UL>

<P><STRONG><a name="[e8]"></a>boot_status_entries</STRONG> (Thumb, 90 bytes, Stack size 24 bytes, bootutil_misc.o(.text.boot_status_entries))
<BR><BR>[Stack]<UL><LI>Max Depth = 28<LI>Call Chain = boot_status_entries &rArr; flash_area_get_id
</UL>
<BR>[Calls]<UL><LI><a href="#[e9]">&gt;&gt;</a>&nbsp;&nbsp;&nbsp;flash_area_get_id
</UL>
<BR>[Called By]<UL><LI><a href="#[12f]">&gt;&gt;</a>&nbsp;&nbsp;&nbsp;swap_read_status_bytes
</UL>

<P><STRONG><a name="[ff]"></a>boot_status_internal_off</STRONG> (Thumb, 40 bytes, Stack size 12 bytes, swap_scratch.o(.text.boot_status_internal_off))
<BR><BR>[Stack]<UL><LI>Max Depth = 12<LI>Call Chain = boot_status_internal_off
</UL>
<BR>[Called By]<UL><LI><a href="#[f2]">&gt;&gt;</a>&nbsp;&nbsp;&nbsp;boot_write_status
</UL>

<P><STRONG><a name="[d2]"></a>boot_status_is_reset</STRONG> (Thumb, 58 bytes, Stack size 8 bytes, loader.o(.text.boot_status_is_reset))
<BR><BR>[Stack]<UL><LI>Max Depth = 8<LI>Call Chain = boot_status_is_reset
</UL>
<BR>[Called By]<UL><LI><a href="#[8b]">&gt;&gt;</a>&nbsp;&nbsp;&nbsp;boot_swap_image
<LI><a href="#[cc]">&gt;&gt;</a>&nbsp;&nbsp;&nbsp;boot_prepare_image_for_update
</UL>

<P><STRONG><a name="[ea]"></a>boot_status_off</STRONG> (Thumb, 102 bytes, Stack size 24 bytes, bootutil_misc.o(.text.boot_status_off))
<BR><BR>[Stack]<UL><LI>Max Depth = 60<LI>Call Chain = boot_status_off &rArr; boot_trailer_sz &rArr; boot_status_sz &rArr; boot_status_entry_sz
</UL>
<BR>[Calls]<UL><LI><a href="#[ec]">&gt;&gt;</a>&nbsp;&nbsp;&nbsp;boot_trailer_sz
<LI><a href="#[c9]">&gt;&gt;</a>&nbsp;&nbsp;&nbsp;flash_area_get_size
<LI><a href="#[e3]">&gt;&gt;</a>&nbsp;&nbsp;&nbsp;boot_scratch_trailer_sz
<LI><a href="#[eb]">&gt;&gt;</a>&nbsp;&nbsp;&nbsp;flash_area_align
<LI><a href="#[8c]">&gt;&gt;</a>&nbsp;&nbsp;&nbsp;__aeabi_assert
</UL>
<BR>[Called By]<UL><LI><a href="#[ef]">&gt;&gt;</a>&nbsp;&nbsp;&nbsp;boot_swap_sectors
<LI><a href="#[12f]">&gt;&gt;</a>&nbsp;&nbsp;&nbsp;swap_read_status_bytes
<LI><a href="#[f2]">&gt;&gt;</a>&nbsp;&nbsp;&nbsp;boot_write_status
<LI><a href="#[10c]">&gt;&gt;</a>&nbsp;&nbsp;&nbsp;bootutil_max_image_size
</UL>

<P><STRONG><a name="[d0]"></a>boot_status_reset</STRONG> (Thumb, 62 bytes, Stack size 4 bytes, loader.o(.text.boot_status_reset))
<BR><BR>[Stack]<UL><LI>Max Depth = 4<LI>Call Chain = boot_status_reset
</UL>
<BR>[Called By]<UL><LI><a href="#[cc]">&gt;&gt;</a>&nbsp;&nbsp;&nbsp;boot_prepare_image_for_update
</UL>

<P><STRONG><a name="[ed]"></a>boot_status_sz</STRONG> (Thumb, 18 bytes, Stack size 16 bytes, bootutil_misc.o(.text.boot_status_sz))
<BR><BR>[Stack]<UL><LI>Max Depth = 20<LI>Call Chain = boot_status_sz &rArr; boot_status_entry_sz
</UL>
<BR>[Calls]<UL><LI><a href="#[e4]">&gt;&gt;</a>&nbsp;&nbsp;&nbsp;boot_status_entry_sz
</UL>
<BR>[Called By]<UL><LI><a href="#[ec]">&gt;&gt;</a>&nbsp;&nbsp;&nbsp;boot_trailer_sz
</UL>

<P><STRONG><a name="[e0]"></a>boot_swap_info_off</STRONG> (Thumb, 18 bytes, Stack size 16 bytes, bootutil_public.o(.text.boot_swap_info_off))
<BR><BR>[Stack]<UL><LI>Max Depth = 68<LI>Call Chain = boot_swap_info_off &rArr; boot_copy_done_off &rArr; boot_image_ok_off &rArr; boot_magic_off &rArr; flash_area_get_size
</UL>
<BR>[Calls]<UL><LI><a href="#[8f]">&gt;&gt;</a>&nbsp;&nbsp;&nbsp;boot_copy_done_off
</UL>
<BR>[Called By]<UL><LI><a href="#[d1]">&gt;&gt;</a>&nbsp;&nbsp;&nbsp;swap_read_status
<LI><a href="#[f4]">&gt;&gt;</a>&nbsp;&nbsp;&nbsp;boot_write_swap_info
<LI><a href="#[df]">&gt;&gt;</a>&nbsp;&nbsp;&nbsp;boot_read_swap_state
<LI><a href="#[a3]">&gt;&gt;</a>&nbsp;&nbsp;&nbsp;boot_swap_size_off
</UL>

<P><STRONG><a name="[f8]"></a>boot_swap_type_multi</STRONG> (Thumb, 512 bytes, Stack size 56 bytes, bootutil_public.o(.text.boot_swap_type_multi))
<BR><BR>[Stack]<UL><LI>Max Depth = 236<LI>Call Chain = boot_swap_type_multi &rArr; boot_read_swap_state_by_id &rArr; boot_read_swap_state &rArr; boot_read_image_ok &rArr; boot_read_flag &rArr; bootutil_buffer_is_erased &rArr; flash_area_erased_val
</UL>
<BR>[Calls]<UL><LI><a href="#[e1]">&gt;&gt;</a>&nbsp;&nbsp;&nbsp;boot_read_swap_state_by_id
<LI><a href="#[f9]">&gt;&gt;</a>&nbsp;&nbsp;&nbsp;boot_magic_compatible_check
</UL>
<BR>[Called By]<UL><LI><a href="#[d3]">&gt;&gt;</a>&nbsp;&nbsp;&nbsp;boot_validated_swap_type
</UL>

<P><STRONG><a name="[ec]"></a>boot_trailer_sz</STRONG> (Thumb, 28 bytes, Stack size 16 bytes, bootutil_misc.o(.text.boot_trailer_sz))
<BR><BR>[Stack]<UL><LI>Max Depth = 36<LI>Call Chain = boot_trailer_sz &rArr; boot_status_sz &rArr; boot_status_entry_sz
</UL>
<BR>[Calls]<UL><LI><a href="#[ed]">&gt;&gt;</a>&nbsp;&nbsp;&nbsp;boot_status_sz
<LI><a href="#[e5]">&gt;&gt;</a>&nbsp;&nbsp;&nbsp;boot_trailer_info_sz
</UL>
<BR>[Called By]<UL><LI><a href="#[ef]">&gt;&gt;</a>&nbsp;&nbsp;&nbsp;boot_swap_sectors
<LI><a href="#[f1]">&gt;&gt;</a>&nbsp;&nbsp;&nbsp;swap_erase_trailer_sectors
<LI><a href="#[ea]">&gt;&gt;</a>&nbsp;&nbsp;&nbsp;boot_status_off
</UL>

<P><STRONG><a name="[fa]"></a>boot_write_copy_done</STRONG> (Thumb, 92 bytes, Stack size 32 bytes, bootutil_public.o(.text.boot_write_copy_done))
<BR><BR>[Stack]<UL><LI>Max Depth = 128<LI>Call Chain = boot_write_copy_done &rArr; boot_write_trailer_flag &rArr; boot_write_trailer &rArr; flash_area_write
</UL>
<BR>[Calls]<UL><LI><a href="#[fd]">&gt;&gt;</a>&nbsp;&nbsp;&nbsp;boot_write_trailer_flag
<LI><a href="#[fc]">&gt;&gt;</a>&nbsp;&nbsp;&nbsp;flash_area_get_off
<LI><a href="#[fb]">&gt;&gt;</a>&nbsp;&nbsp;&nbsp;flash_area_get_id
<LI><a href="#[8f]">&gt;&gt;</a>&nbsp;&nbsp;&nbsp;boot_copy_done_off
</UL>
<BR>[Called By]<UL><LI><a href="#[8e]">&gt;&gt;</a>&nbsp;&nbsp;&nbsp;swap_set_copy_done
</UL>

<P><STRONG><a name="[f6]"></a>boot_write_enc_key</STRONG> (Thumb, 136 bytes, Stack size 48 bytes, bootutil_misc.o(.text.boot_write_enc_key))
<BR><BR>[Stack]<UL><LI>Max Depth = 148<LI>Call Chain = boot_write_enc_key &rArr; boot_enc_key_off &rArr; boot_swap_size_off &rArr; boot_swap_info_off &rArr; boot_copy_done_off &rArr; boot_image_ok_off &rArr; boot_magic_off &rArr; flash_area_get_size
</UL>
<BR>[Calls]<UL><LI><a href="#[fe]">&gt;&gt;</a>&nbsp;&nbsp;&nbsp;flash_area_get_off
<LI><a href="#[a2]">&gt;&gt;</a>&nbsp;&nbsp;&nbsp;boot_enc_key_off
<LI><a href="#[e9]">&gt;&gt;</a>&nbsp;&nbsp;&nbsp;flash_area_get_id
<LI><a href="#[95]">&gt;&gt;</a>&nbsp;&nbsp;&nbsp;flash_area_write
</UL>
<BR>[Called By]<UL><LI><a href="#[ef]">&gt;&gt;</a>&nbsp;&nbsp;&nbsp;boot_swap_sectors
<LI><a href="#[f0]">&gt;&gt;</a>&nbsp;&nbsp;&nbsp;swap_status_init
</UL>

<P><STRONG><a name="[f3]"></a>boot_write_image_ok</STRONG> (Thumb, 92 bytes, Stack size 32 bytes, bootutil_public.o(.text.boot_write_image_ok))
<BR><BR>[Stack]<UL><LI>Max Depth = 128<LI>Call Chain = boot_write_image_ok &rArr; boot_write_trailer_flag &rArr; boot_write_trailer &rArr; flash_area_write
</UL>
<BR>[Calls]<UL><LI><a href="#[fd]">&gt;&gt;</a>&nbsp;&nbsp;&nbsp;boot_write_trailer_flag
<LI><a href="#[fc]">&gt;&gt;</a>&nbsp;&nbsp;&nbsp;flash_area_get_off
<LI><a href="#[fb]">&gt;&gt;</a>&nbsp;&nbsp;&nbsp;flash_area_get_id
<LI><a href="#[90]">&gt;&gt;</a>&nbsp;&nbsp;&nbsp;boot_image_ok_off
</UL>
<BR>[Called By]<UL><LI><a href="#[ef]">&gt;&gt;</a>&nbsp;&nbsp;&nbsp;boot_swap_sectors
<LI><a href="#[f0]">&gt;&gt;</a>&nbsp;&nbsp;&nbsp;swap_status_init
<LI><a href="#[8d]">&gt;&gt;</a>&nbsp;&nbsp;&nbsp;swap_set_image_ok
</UL>

<P><STRONG><a name="[f7]"></a>boot_write_magic</STRONG> (Thumb, 194 bytes, Stack size 64 bytes, bootutil_public.o(.text.boot_write_magic))
<BR><BR>[Stack]<UL><LI>Max Depth = 88<LI>Call Chain = boot_write_magic &rArr; flash_area_write
</UL>
<BR>[Calls]<UL><LI><a href="#[fc]">&gt;&gt;</a>&nbsp;&nbsp;&nbsp;flash_area_get_off
<LI><a href="#[fb]">&gt;&gt;</a>&nbsp;&nbsp;&nbsp;flash_area_get_id
<LI><a href="#[b9]">&gt;&gt;</a>&nbsp;&nbsp;&nbsp;boot_magic_off
<LI><a href="#[86]">&gt;&gt;</a>&nbsp;&nbsp;&nbsp;flash_area_erased_val
<LI><a href="#[95]">&gt;&gt;</a>&nbsp;&nbsp;&nbsp;flash_area_write
</UL>
<BR>[Called By]<UL><LI><a href="#[ef]">&gt;&gt;</a>&nbsp;&nbsp;&nbsp;boot_swap_sectors
<LI><a href="#[f0]">&gt;&gt;</a>&nbsp;&nbsp;&nbsp;swap_status_init
<LI><a href="#[71]">&gt;&gt;</a>&nbsp;&nbsp;&nbsp;main
</UL>

<P><STRONG><a name="[f2]"></a>boot_write_status</STRONG> (Thumb, 168 bytes, Stack size 56 bytes, loader.o(.text.boot_write_status))
<BR><BR>[Stack]<UL><LI>Max Depth = 116<LI>Call Chain = boot_write_status &rArr; boot_status_off &rArr; boot_trailer_sz &rArr; boot_status_sz &rArr; boot_status_entry_sz
</UL>
<BR>[Calls]<UL><LI><a href="#[ff]">&gt;&gt;</a>&nbsp;&nbsp;&nbsp;boot_status_internal_off
<LI><a href="#[ea]">&gt;&gt;</a>&nbsp;&nbsp;&nbsp;boot_status_off
<LI><a href="#[86]">&gt;&gt;</a>&nbsp;&nbsp;&nbsp;flash_area_erased_val
<LI><a href="#[eb]">&gt;&gt;</a>&nbsp;&nbsp;&nbsp;flash_area_align
<LI><a href="#[95]">&gt;&gt;</a>&nbsp;&nbsp;&nbsp;flash_area_write
<LI><a href="#[87]">&gt;&gt;</a>&nbsp;&nbsp;&nbsp;flash_area_close
<LI><a href="#[85]">&gt;&gt;</a>&nbsp;&nbsp;&nbsp;flash_area_open
</UL>
<BR>[Called By]<UL><LI><a href="#[ef]">&gt;&gt;</a>&nbsp;&nbsp;&nbsp;boot_swap_sectors
</UL>

<P><STRONG><a name="[f4]"></a>boot_write_swap_info</STRONG> (Thumb, 206 bytes, Stack size 48 bytes, bootutil_public.o(.text.boot_write_swap_info))
<BR><BR>[Stack]<UL><LI>Max Depth = 120<LI>Call Chain = boot_write_swap_info &rArr; boot_write_trailer &rArr; flash_area_write
</UL>
<BR>[Calls]<UL><LI><a href="#[fc]">&gt;&gt;</a>&nbsp;&nbsp;&nbsp;flash_area_get_off
<LI><a href="#[fb]">&gt;&gt;</a>&nbsp;&nbsp;&nbsp;flash_area_get_id
<LI><a href="#[100]">&gt;&gt;</a>&nbsp;&nbsp;&nbsp;boot_write_trailer
<LI><a href="#[e0]">&gt;&gt;</a>&nbsp;&nbsp;&nbsp;boot_swap_info_off
<LI><a href="#[8c]">&gt;&gt;</a>&nbsp;&nbsp;&nbsp;__aeabi_assert
</UL>
<BR>[Called By]<UL><LI><a href="#[ef]">&gt;&gt;</a>&nbsp;&nbsp;&nbsp;boot_swap_sectors
<LI><a href="#[f0]">&gt;&gt;</a>&nbsp;&nbsp;&nbsp;swap_status_init
</UL>

<P><STRONG><a name="[f5]"></a>boot_write_swap_size</STRONG> (Thumb, 96 bytes, Stack size 40 bytes, bootutil_misc.o(.text.boot_write_swap_size))
<BR><BR>[Stack]<UL><LI>Max Depth = 124<LI>Call Chain = boot_write_swap_size &rArr; boot_swap_size_off &rArr; boot_swap_info_off &rArr; boot_copy_done_off &rArr; boot_image_ok_off &rArr; boot_magic_off &rArr; flash_area_get_size
</UL>
<BR>[Calls]<UL><LI><a href="#[100]">&gt;&gt;</a>&nbsp;&nbsp;&nbsp;boot_write_trailer
<LI><a href="#[fe]">&gt;&gt;</a>&nbsp;&nbsp;&nbsp;flash_area_get_off
<LI><a href="#[a3]">&gt;&gt;</a>&nbsp;&nbsp;&nbsp;boot_swap_size_off
<LI><a href="#[e9]">&gt;&gt;</a>&nbsp;&nbsp;&nbsp;flash_area_get_id
</UL>
<BR>[Called By]<UL><LI><a href="#[ef]">&gt;&gt;</a>&nbsp;&nbsp;&nbsp;boot_swap_sectors
<LI><a href="#[f0]">&gt;&gt;</a>&nbsp;&nbsp;&nbsp;swap_status_init
</UL>

<P><STRONG><a name="[100]"></a>boot_write_trailer</STRONG> (Thumb, 138 bytes, Stack size 48 bytes, bootutil_public.o(.text.boot_write_trailer))
<BR><BR>[Stack]<UL><LI>Max Depth = 72<LI>Call Chain = boot_write_trailer &rArr; flash_area_write
</UL>
<BR>[Calls]<UL><LI><a href="#[86]">&gt;&gt;</a>&nbsp;&nbsp;&nbsp;flash_area_erased_val
<LI><a href="#[eb]">&gt;&gt;</a>&nbsp;&nbsp;&nbsp;flash_area_align
<LI><a href="#[95]">&gt;&gt;</a>&nbsp;&nbsp;&nbsp;flash_area_write
<LI><a href="#[78]">&gt;&gt;</a>&nbsp;&nbsp;&nbsp;__aeabi_memset
<LI><a href="#[101]">&gt;&gt;</a>&nbsp;&nbsp;&nbsp;__aeabi_memcpy
</UL>
<BR>[Called By]<UL><LI><a href="#[f4]">&gt;&gt;</a>&nbsp;&nbsp;&nbsp;boot_write_swap_info
<LI><a href="#[fd]">&gt;&gt;</a>&nbsp;&nbsp;&nbsp;boot_write_trailer_flag
<LI><a href="#[f5]">&gt;&gt;</a>&nbsp;&nbsp;&nbsp;boot_write_swap_size
</UL>

<P><STRONG><a name="[fd]"></a>boot_write_trailer_flag</STRONG> (Thumb, 38 bytes, Stack size 24 bytes, bootutil_public.o(.text.boot_write_trailer_flag))
<BR><BR>[Stack]<UL><LI>Max Depth = 96<LI>Call Chain = boot_write_trailer_flag &rArr; boot_write_trailer &rArr; flash_area_write
</UL>
<BR>[Calls]<UL><LI><a href="#[100]">&gt;&gt;</a>&nbsp;&nbsp;&nbsp;boot_write_trailer
</UL>
<BR>[Called By]<UL><LI><a href="#[fa]">&gt;&gt;</a>&nbsp;&nbsp;&nbsp;boot_write_copy_done
<LI><a href="#[f3]">&gt;&gt;</a>&nbsp;&nbsp;&nbsp;boot_write_image_ok
</UL>

<P><STRONG><a name="[d8]"></a>bootutil_buffer_is_erased</STRONG> (Thumb, 110 bytes, Stack size 40 bytes, bootutil_public.o(.text.bootutil_buffer_is_erased))
<BR><BR>[Stack]<UL><LI>Max Depth = 44<LI>Call Chain = bootutil_buffer_is_erased &rArr; flash_area_erased_val
</UL>
<BR>[Calls]<UL><LI><a href="#[86]">&gt;&gt;</a>&nbsp;&nbsp;&nbsp;flash_area_erased_val
</UL>
<BR>[Called By]<UL><LI><a href="#[12f]">&gt;&gt;</a>&nbsp;&nbsp;&nbsp;swap_read_status_bytes
<LI><a href="#[d1]">&gt;&gt;</a>&nbsp;&nbsp;&nbsp;swap_read_status
<LI><a href="#[df]">&gt;&gt;</a>&nbsp;&nbsp;&nbsp;boot_read_swap_state
<LI><a href="#[d6]">&gt;&gt;</a>&nbsp;&nbsp;&nbsp;boot_read_flag
</UL>

<P><STRONG><a name="[b8]"></a>bootutil_img_validate</STRONG> (Thumb, 644 bytes, Stack size 400 bytes, image_validate.o(.text.bootutil_img_validate))
<BR><BR>[Stack]<UL><LI>Max Depth = 712<LI>Call Chain = bootutil_img_validate &rArr; bootutil_img_hash &rArr; boot_encrypt &rArr; bootutil_aes_ctr_encrypt
</UL>
<BR>[Calls]<UL><LI><a href="#[105]">&gt;&gt;</a>&nbsp;&nbsp;&nbsp;bootutil_find_key
<LI><a href="#[10a]">&gt;&gt;</a>&nbsp;&nbsp;&nbsp;bootutil_img_hash
<LI><a href="#[10d]">&gt;&gt;</a>&nbsp;&nbsp;&nbsp;bootutil_verify_sig
<LI><a href="#[a8]">&gt;&gt;</a>&nbsp;&nbsp;&nbsp;bootutil_tlv_iter_next
<LI><a href="#[a7]">&gt;&gt;</a>&nbsp;&nbsp;&nbsp;bootutil_tlv_iter_begin
<LI><a href="#[10c]">&gt;&gt;</a>&nbsp;&nbsp;&nbsp;bootutil_max_image_size
<LI><a href="#[af]">&gt;&gt;</a>&nbsp;&nbsp;&nbsp;boot_fih_memequal
<LI><a href="#[92]">&gt;&gt;</a>&nbsp;&nbsp;&nbsp;flash_area_read
<LI><a href="#[101]">&gt;&gt;</a>&nbsp;&nbsp;&nbsp;__aeabi_memcpy
</UL>
<BR>[Called By]<UL><LI><a href="#[b7]">&gt;&gt;</a>&nbsp;&nbsp;&nbsp;boot_image_check
</UL>

<P><STRONG><a name="[10c]"></a>bootutil_max_image_size</STRONG> (Thumb, 16 bytes, Stack size 16 bytes, bootutil_misc.o(.text.bootutil_max_image_size))
<BR><BR>[Stack]<UL><LI>Max Depth = 76<LI>Call Chain = bootutil_max_image_size &rArr; boot_status_off &rArr; boot_trailer_sz &rArr; boot_status_sz &rArr; boot_status_entry_sz
</UL>
<BR>[Calls]<UL><LI><a href="#[ea]">&gt;&gt;</a>&nbsp;&nbsp;&nbsp;boot_status_off
</UL>
<BR>[Called By]<UL><LI><a href="#[b8]">&gt;&gt;</a>&nbsp;&nbsp;&nbsp;bootutil_img_validate
</UL>

<P><STRONG><a name="[a7]"></a>bootutil_tlv_iter_begin</STRONG> (Thumb, 274 bytes, Stack size 40 bytes, tlv.o(.text.bootutil_tlv_iter_begin))
<BR><BR>[Stack]<UL><LI>Max Depth = 64<LI>Call Chain = bootutil_tlv_iter_begin &rArr; flash_area_read
</UL>
<BR>[Calls]<UL><LI><a href="#[92]">&gt;&gt;</a>&nbsp;&nbsp;&nbsp;flash_area_read
</UL>
<BR>[Called By]<UL><LI><a href="#[b8]">&gt;&gt;</a>&nbsp;&nbsp;&nbsp;bootutil_img_validate
<LI><a href="#[a4]">&gt;&gt;</a>&nbsp;&nbsp;&nbsp;boot_enc_load
</UL>

<P><STRONG><a name="[a8]"></a>bootutil_tlv_iter_next</STRONG> (Thumb, 258 bytes, Stack size 40 bytes, tlv.o(.text.bootutil_tlv_iter_next))
<BR><BR>[Stack]<UL><LI>Max Depth = 64<LI>Call Chain = bootutil_tlv_iter_next &rArr; flash_area_read
</UL>
<BR>[Calls]<UL><LI><a href="#[92]">&gt;&gt;</a>&nbsp;&nbsp;&nbsp;flash_area_read
</UL>
<BR>[Called By]<UL><LI><a href="#[b8]">&gt;&gt;</a>&nbsp;&nbsp;&nbsp;bootutil_img_validate
<LI><a href="#[a4]">&gt;&gt;</a>&nbsp;&nbsp;&nbsp;boot_enc_load
</UL>

<P><STRONG><a name="[10d]"></a>bootutil_verify_sig</STRONG> (Thumb, 126 bytes, Stack size 48 bytes, image_rsa.o(.text.bootutil_verify_sig))
<BR><BR>[Stack]<UL><LI>Max Depth = 48<LI>Call Chain = bootutil_verify_sig
</UL>
<BR>[Called By]<UL><LI><a href="#[b8]">&gt;&gt;</a>&nbsp;&nbsp;&nbsp;bootutil_img_validate
</UL>

<P><STRONG><a name="[b6]"></a>context_boot_go</STRONG> (Thumb, 900 bytes, Stack size 112 bytes, loader.o(.text.context_boot_go))
<BR><BR>[Stack]<UL><LI>Max Depth = 992<LI>Call Chain = context_boot_go &rArr; boot_prepare_image_for_update &rArr; boot_validated_swap_type &rArr; boot_validate_slot &rArr; boot_image_check &rArr; bootutil_img_validate &rArr; bootutil_img_hash &rArr; boot_encrypt &rArr; bootutil_aes_ctr_encrypt
</UL>
<BR>[Calls]<UL><LI><a href="#[8d]">&gt;&gt;</a>&nbsp;&nbsp;&nbsp;swap_set_image_ok
<LI><a href="#[11d]">&gt;&gt;</a>&nbsp;&nbsp;&nbsp;close_all_flash_areas
<LI><a href="#[121]">&gt;&gt;</a>&nbsp;&nbsp;&nbsp;like_mbedtls_zeroize
<LI><a href="#[120]">&gt;&gt;</a>&nbsp;&nbsp;&nbsp;fill_rsp
<LI><a href="#[11f]">&gt;&gt;</a>&nbsp;&nbsp;&nbsp;boot_add_shared_data
<LI><a href="#[11e]">&gt;&gt;</a>&nbsp;&nbsp;&nbsp;boot_update_hw_rollback_protection
<LI><a href="#[d4]">&gt;&gt;</a>&nbsp;&nbsp;&nbsp;boot_validate_slot
<LI><a href="#[ce]">&gt;&gt;</a>&nbsp;&nbsp;&nbsp;boot_read_image_headers
<LI><a href="#[cb]">&gt;&gt;</a>&nbsp;&nbsp;&nbsp;boot_perform_update
<LI><a href="#[11b]">&gt;&gt;</a>&nbsp;&nbsp;&nbsp;check_downgrade_prevention
<LI><a href="#[cc]">&gt;&gt;</a>&nbsp;&nbsp;&nbsp;boot_prepare_image_for_update
[...]
<LI><a href="#[ae]">&gt;&gt;</a>&nbsp;&nbsp;&nbsp;flash_area_erase
<LI><a href="#[87]">&gt;&gt;</a>&nbsp;&nbsp;&nbsp;flash_area_close
<LI><a href="#[85]">&gt;&gt;</a>&nbsp;&nbsp;&nbsp;flash_area_open
</UL>
<BR>[Called By]<UL><LI><a href="#[b6]">&gt;&gt;</a>&nbsp;&nbsp;&nbsp;context_boot_go
<LI><a href="#[d3]">&gt;&gt;</a>&nbsp;&nbsp;&nbsp;boot_validated_swap_type
<LI><a href="#[cc]">&gt;&gt;</a>&nbsp;&nbsp;&nbsp;boot_prepare_image_for_update
</UL>

<P><STRONG><a name="[11e]"></a>boot_update_hw_rollback_protection</STRONG> (Thumb, 10 bytes, Stack size 4 bytes, loader.o(.text.boot_update_hw_rollback_protection))
<BR><BR>[Stack]<UL><LI>Max Depth = 4<LI>Call Chain = boot_update_hw_rollback_protection
</UL>
<BR>[Called By]<UL><LI><a href="#[b6]">&gt;&gt;</a>&nbsp;&nbsp;&nbsp;context_boot_go
</UL>

<P><STRONG><a name="[11f]"></a>boot_add_shared_data</STRONG> (Thumb, 14 bytes, Stack size 8 bytes, loader.o(.text.boot_add_shared_data))
<BR><BR>[Stack]<UL><LI>Max Depth = 8<LI>Call Chain = boot_add_shared_data
</UL>
<BR>[Called By]<UL><LI><a href="#[b6]">&gt;&gt;</a>&nbsp;&nbsp;&nbsp;context_boot_go
</UL>

<P><STRONG><a name="[120]"></a>fill_rsp</STRONG> (Thumb, 60 bytes, Stack size 24 bytes, loader.o(.text.fill_rsp))
<BR><BR>[Stack]<UL><LI>Max Depth = 44<LI>Call Chain = fill_rsp &rArr; boot_img_slot_off &rArr; flash_area_get_off
</UL>
<BR>[Calls]<UL><LI><a href="#[c1]">&gt;&gt;</a>&nbsp;&nbsp;&nbsp;boot_img_slot_off
<LI><a href="#[124]">&gt;&gt;</a>&nbsp;&nbsp;&nbsp;flash_area_get_device_id
<LI><a href="#[88]">&gt;&gt;</a>&nbsp;&nbsp;&nbsp;boot_img_hdr
</UL>
<BR>[Called By]<UL><LI><a href="#[b6]">&gt;&gt;</a>&nbsp;&nbsp;&nbsp;context_boot_go
</UL>

<P><STRONG><a name="[121]"></a>like_mbedtls_zeroize</STRONG> (Thumb, 48 bytes, Stack size 16 bytes, loader.o(.text.like_mbedtls_zeroize))
<BR><BR>[Stack]<UL><LI>Max Depth = 16<LI>Call Chain = like_mbedtls_zeroize
</UL>
<BR>[Called By]<UL><LI><a href="#[b6]">&gt;&gt;</a>&nbsp;&nbsp;&nbsp;context_boot_go
</UL>

<P><STRONG><a name="[11d]"></a>close_all_flash_areas</STRONG> (Thumb, 62 bytes, Stack size 16 bytes, loader.o(.text.close_all_flash_areas))
<BR><BR>[Stack]<UL><LI>Max Depth = 20<LI>Call Chain = close_all_flash_areas &rArr; flash_area_close
</UL>
<BR>[Calls]<UL><LI><a href="#[87]">&gt;&gt;</a>&nbsp;&nbsp;&nbsp;flash_area_close
</UL>
<BR>[Called By]<UL><LI><a href="#[b6]">&gt;&gt;</a>&nbsp;&nbsp;&nbsp;context_boot_go
</UL>

<P><STRONG><a name="[cd]"></a>boot_read_sectors</STRONG> (Thumb, 116 bytes, Stack size 24 bytes, loader.o(.text.boot_read_sectors))
<BR><BR>[Stack]<UL><LI>Max Depth = 100<LI>Call Chain = boot_read_sectors &rArr; boot_initialize_area &rArr; flash_area_get_sectors
</UL>
<BR>[Calls]<UL><LI><a href="#[dd]">&gt;&gt;</a>&nbsp;&nbsp;&nbsp;boot_write_sz
<LI><a href="#[c3]">&gt;&gt;</a>&nbsp;&nbsp;&nbsp;boot_initialize_area
</UL>
<BR>[Called By]<UL><LI><a href="#[cc]">&gt;&gt;</a>&nbsp;&nbsp;&nbsp;boot_prepare_image_for_update
</UL>

<P><STRONG><a name="[8a]"></a>boot_complete_partial_swap</STRONG> (Thumb, 232 bytes, Stack size 24 bytes, loader.o(.text.boot_complete_partial_swap))
<BR><BR>[Stack]<UL><LI>Max Depth = 688<LI>Call Chain = boot_complete_partial_swap &rArr; boot_swap_image &rArr; boot_enc_load &rArr; boot_enc_decrypt &rArr; bootutil_rsa_oaep_decrypt
</UL>
<BR>[Calls]<UL><LI><a href="#[8e]">&gt;&gt;</a>&nbsp;&nbsp;&nbsp;swap_set_copy_done
<LI><a href="#[8d]">&gt;&gt;</a>&nbsp;&nbsp;&nbsp;swap_set_image_ok
<LI><a href="#[8b]">&gt;&gt;</a>&nbsp;&nbsp;&nbsp;boot_swap_image
<LI><a href="#[8c]">&gt;&gt;</a>&nbsp;&nbsp;&nbsp;__aeabi_assert
</UL>
<BR>[Called By]<UL><LI><a href="#[cc]">&gt;&gt;</a>&nbsp;&nbsp;&nbsp;boot_prepare_image_for_update
</UL>

<P><STRONG><a name="[d3]"></a>boot_validated_swap_type</STRONG> (Thumb, 146 bytes, Stack size 32 bytes, loader.o(.text.boot_validated_swap_type))
<BR><BR>[Stack]<UL><LI>Max Depth = 856<LI>Call Chain = boot_validated_swap_type &rArr; boot_validate_slot &rArr; boot_image_check &rArr; bootutil_img_validate &rArr; bootutil_img_hash &rArr; boot_encrypt &rArr; bootutil_aes_ctr_encrypt
</UL>
<BR>[Calls]<UL><LI><a href="#[d4]">&gt;&gt;</a>&nbsp;&nbsp;&nbsp;boot_validate_slot
<LI><a href="#[f8]">&gt;&gt;</a>&nbsp;&nbsp;&nbsp;boot_swap_type_multi
</UL>
<BR>[Called By]<UL><LI><a href="#[cc]">&gt;&gt;</a>&nbsp;&nbsp;&nbsp;boot_prepare_image_for_update
</UL>

<P><STRONG><a name="[11c]"></a>boot_version_cmp</STRONG> (Thumb, 144 bytes, Stack size 12 bytes, loader.o(.text.boot_version_cmp))
<BR><BR>[Stack]<UL><LI>Max Depth = 12<LI>Call Chain = boot_version_cmp
</UL>
<BR>[Called By]<UL><LI><a href="#[11b]">&gt;&gt;</a>&nbsp;&nbsp;&nbsp;check_downgrade_prevention
</UL>

<P><STRONG><a name="[c7]"></a>flash_area_get_size</STRONG> (Thumb, 12 bytes, Stack size 4 bytes, loader.o(.text.flash_area_get_size))
<BR><BR>[Stack]<UL><LI>Max Depth = 4<LI>Call Chain = flash_area_get_size
</UL>
<BR>[Called By]<UL><LI><a href="#[c5]">&gt;&gt;</a>&nbsp;&nbsp;&nbsp;boot_is_header_valid
<LI><a href="#[d4]">&gt;&gt;</a>&nbsp;&nbsp;&nbsp;boot_validate_slot
<LI><a href="#[11b]">&gt;&gt;</a>&nbsp;&nbsp;&nbsp;check_downgrade_prevention
</UL>

<P><STRONG><a name="[8b]"></a>boot_swap_image</STRONG> (Thumb, 892 bytes, Stack size 48 bytes, loader.o(.text.boot_swap_image))
<BR><BR>[Stack]<UL><LI>Max Depth = 664<LI>Call Chain = boot_swap_image &rArr; boot_enc_load &rArr; boot_enc_decrypt &rArr; bootutil_rsa_oaep_decrypt
</UL>
<BR>[Calls]<UL><LI><a href="#[ee]">&gt;&gt;</a>&nbsp;&nbsp;&nbsp;swap_run
<LI><a href="#[d2]">&gt;&gt;</a>&nbsp;&nbsp;&nbsp;boot_status_is_reset
<LI><a href="#[dc]">&gt;&gt;</a>&nbsp;&nbsp;&nbsp;boot_read_image_size
<LI><a href="#[88]">&gt;&gt;</a>&nbsp;&nbsp;&nbsp;boot_img_hdr
<LI><a href="#[a4]">&gt;&gt;</a>&nbsp;&nbsp;&nbsp;boot_enc_load
<LI><a href="#[a9]">&gt;&gt;</a>&nbsp;&nbsp;&nbsp;boot_enc_set_key
<LI><a href="#[d7]">&gt;&gt;</a>&nbsp;&nbsp;&nbsp;boot_read_enc_key
<LI><a href="#[de]">&gt;&gt;</a>&nbsp;&nbsp;&nbsp;boot_read_swap_size
<LI><a href="#[b1]">&gt;&gt;</a>&nbsp;&nbsp;&nbsp;boot_find_status
<LI><a href="#[87]">&gt;&gt;</a>&nbsp;&nbsp;&nbsp;flash_area_close
<LI><a href="#[8c]">&gt;&gt;</a>&nbsp;&nbsp;&nbsp;__aeabi_assert
</UL>
<BR>[Called By]<UL><LI><a href="#[8a]">&gt;&gt;</a>&nbsp;&nbsp;&nbsp;boot_complete_partial_swap
<LI><a href="#[cb]">&gt;&gt;</a>&nbsp;&nbsp;&nbsp;boot_perform_update
</UL>

<P><STRONG><a name="[83]"></a>boot_check_header_erased</STRONG> (Thumb, 106 bytes, Stack size 40 bytes, loader.o(.text.boot_check_header_erased))
<BR><BR>[Stack]<UL><LI>Max Depth = 60<LI>Call Chain = boot_check_header_erased &rArr; boot_data_is_set_to
</UL>
<BR>[Calls]<UL><LI><a href="#[89]">&gt;&gt;</a>&nbsp;&nbsp;&nbsp;boot_data_is_set_to
<LI><a href="#[88]">&gt;&gt;</a>&nbsp;&nbsp;&nbsp;boot_img_hdr
<LI><a href="#[84]">&gt;&gt;</a>&nbsp;&nbsp;&nbsp;flash_area_id_from_multi_image_slot
<LI><a href="#[86]">&gt;&gt;</a>&nbsp;&nbsp;&nbsp;flash_area_erased_val
<LI><a href="#[87]">&gt;&gt;</a>&nbsp;&nbsp;&nbsp;flash_area_close
<LI><a href="#[85]">&gt;&gt;</a>&nbsp;&nbsp;&nbsp;flash_area_open
</UL>
<BR>[Called By]<UL><LI><a href="#[d4]">&gt;&gt;</a>&nbsp;&nbsp;&nbsp;boot_validate_slot
</UL>

<P><STRONG><a name="[b7]"></a>boot_image_check</STRONG> (Thumb, 248 bytes, Stack size 64 bytes, loader.o(.text.boot_image_check))
<BR><BR>[Stack]<UL><LI>Max Depth = 776<LI>Call Chain = boot_image_check &rArr; bootutil_img_validate &rArr; bootutil_img_hash &rArr; boot_encrypt &rArr; bootutil_aes_ctr_encrypt
</UL>
<BR>[Calls]<UL><LI><a href="#[93]">&gt;&gt;</a>&nbsp;&nbsp;&nbsp;flash_area_get_id
<LI><a href="#[b8]">&gt;&gt;</a>&nbsp;&nbsp;&nbsp;bootutil_img_validate
<LI><a href="#[a4]">&gt;&gt;</a>&nbsp;&nbsp;&nbsp;boot_enc_load
<LI><a href="#[a9]">&gt;&gt;</a>&nbsp;&nbsp;&nbsp;boot_enc_set_key
</UL>
<BR>[Called By]<UL><LI><a href="#[d4]">&gt;&gt;</a>&nbsp;&nbsp;&nbsp;boot_validate_slot
</UL>

<P><STRONG><a name="[c5]"></a>boot_is_header_valid</STRONG> (Thumb, 102 bytes, Stack size 32 bytes, loader.o(.text.boot_is_header_valid))
<BR><BR>[Stack]<UL><LI>Max Depth = 48<LI>Call Chain = boot_is_header_valid &rArr; boot_u32_safe_add
</UL>
<BR>[Calls]<UL><LI><a href="#[c6]">&gt;&gt;</a>&nbsp;&nbsp;&nbsp;boot_u32_safe_add
<LI><a href="#[c7]">&gt;&gt;</a>&nbsp;&nbsp;&nbsp;flash_area_get_size
</UL>
<BR>[Called By]<UL><LI><a href="#[d4]">&gt;&gt;</a>&nbsp;&nbsp;&nbsp;boot_validate_slot
</UL>

<P><STRONG><a name="[124]"></a>flash_area_get_device_id</STRONG> (Thumb, 12 bytes, Stack size 4 bytes, loader.o(.text.flash_area_get_device_id))
<BR><BR>[Stack]<UL><LI>Max Depth = 4<LI>Call Chain = flash_area_get_device_id
</UL>
<BR>[Called By]<UL><LI><a href="#[120]">&gt;&gt;</a>&nbsp;&nbsp;&nbsp;fill_rsp
</UL>

<P><STRONG><a name="[c1]"></a>boot_img_slot_off</STRONG> (Thumb, 28 bytes, Stack size 16 bytes, loader.o(.text.boot_img_slot_off))
<BR><BR>[Stack]<UL><LI>Max Depth = 20<LI>Call Chain = boot_img_slot_off &rArr; flash_area_get_off
</UL>
<BR>[Calls]<UL><LI><a href="#[c2]">&gt;&gt;</a>&nbsp;&nbsp;&nbsp;flash_area_get_off
</UL>
<BR>[Called By]<UL><LI><a href="#[120]">&gt;&gt;</a>&nbsp;&nbsp;&nbsp;fill_rsp
</UL>

<P><STRONG><a name="[c3]"></a>boot_initialize_area</STRONG> (Thumb, 132 bytes, Stack size 40 bytes, loader.o(.text.boot_initialize_area))
<BR><BR>[Stack]<UL><LI>Max Depth = 76<LI>Call Chain = boot_initialize_area &rArr; flash_area_get_sectors
</UL>
<BR>[Calls]<UL><LI><a href="#[c4]">&gt;&gt;</a>&nbsp;&nbsp;&nbsp;flash_area_get_sectors
</UL>
<BR>[Called By]<UL><LI><a href="#[cd]">&gt;&gt;</a>&nbsp;&nbsp;&nbsp;boot_read_sectors
</UL>

<P><STRONG><a name="[dd]"></a>boot_write_sz</STRONG> (Thumb, 48 bytes, Stack size 24 bytes, loader.o(.text.boot_write_sz))
<BR><BR>[Stack]<UL><LI>Max Depth = 28<LI>Call Chain = boot_write_sz &rArr; flash_area_align
</UL>
<BR>[Calls]<UL><LI><a href="#[eb]">&gt;&gt;</a>&nbsp;&nbsp;&nbsp;flash_area_align
</UL>
<BR>[Called By]<UL><LI><a href="#[cd]">&gt;&gt;</a>&nbsp;&nbsp;&nbsp;boot_read_sectors
</UL>

<P><STRONG><a name="[c2]"></a>flash_area_get_off</STRONG> (Thumb, 12 bytes, Stack size 4 bytes, loader.o(.text.flash_area_get_off))
<BR><BR>[Stack]<UL><LI>Max Depth = 4<LI>Call Chain = flash_area_get_off
</UL>
<BR>[Called By]<UL><LI><a href="#[c1]">&gt;&gt;</a>&nbsp;&nbsp;&nbsp;boot_img_slot_off
</UL>

<P><STRONG><a name="[dc]"></a>boot_read_image_size</STRONG> (Thumb, 238 bytes, Stack size 48 bytes, loader.o(.text.boot_read_image_size))
<BR><BR>[Stack]<UL><LI>Max Depth = 72<LI>Call Chain = boot_read_image_size &rArr; flash_area_read
</UL>
<BR>[Calls]<UL><LI><a href="#[88]">&gt;&gt;</a>&nbsp;&nbsp;&nbsp;boot_img_hdr
<LI><a href="#[84]">&gt;&gt;</a>&nbsp;&nbsp;&nbsp;flash_area_id_from_multi_image_slot
<LI><a href="#[92]">&gt;&gt;</a>&nbsp;&nbsp;&nbsp;flash_area_read
<LI><a href="#[87]">&gt;&gt;</a>&nbsp;&nbsp;&nbsp;flash_area_close
<LI><a href="#[85]">&gt;&gt;</a>&nbsp;&nbsp;&nbsp;flash_area_open
</UL>
<BR>[Called By]<UL><LI><a href="#[8b]">&gt;&gt;</a>&nbsp;&nbsp;&nbsp;boot_swap_image
</UL>

<P><STRONG><a name="[89]"></a>boot_data_is_set_to</STRONG> (Thumb, 90 bytes, Stack size 20 bytes, loader.o(.text.boot_data_is_set_to))
<BR><BR>[Stack]<UL><LI>Max Depth = 20<LI>Call Chain = boot_data_is_set_to
</UL>
<BR>[Called By]<UL><LI><a href="#[83]">&gt;&gt;</a>&nbsp;&nbsp;&nbsp;boot_check_header_erased
</UL>

<P><STRONG><a name="[c6]"></a>boot_u32_safe_add</STRONG> (Thumb, 54 bytes, Stack size 16 bytes, loader.o(.text.boot_u32_safe_add))
<BR><BR>[Stack]<UL><LI>Max Depth = 16<LI>Call Chain = boot_u32_safe_add
</UL>
<BR>[Called By]<UL><LI><a href="#[c5]">&gt;&gt;</a>&nbsp;&nbsp;&nbsp;boot_is_header_valid
</UL>

<P><STRONG><a name="[12c]"></a>flash_area_get_id</STRONG> (Thumb, 12 bytes, Stack size 4 bytes, swap_misc.o(.text.flash_area_get_id))
<BR><BR>[Stack]<UL><LI>Max Depth = 4<LI>Call Chain = flash_area_get_id
</UL>
<BR>[Called By]<UL><LI><a href="#[f0]">&gt;&gt;</a>&nbsp;&nbsp;&nbsp;swap_status_init
<LI><a href="#[f1]">&gt;&gt;</a>&nbsp;&nbsp;&nbsp;swap_erase_trailer_sectors
</UL>

<P><STRONG><a name="[12d]"></a>boot_img_num_sectors</STRONG> (Thumb, 22 bytes, Stack size 8 bytes, swap_misc.o(.text.boot_img_num_sectors))
<BR><BR>[Stack]<UL><LI>Max Depth = 8<LI>Call Chain = boot_img_num_sectors
</UL>
<BR>[Called By]<UL><LI><a href="#[f1]">&gt;&gt;</a>&nbsp;&nbsp;&nbsp;swap_erase_trailer_sectors
</UL>

<P><STRONG><a name="[be]"></a>boot_img_sector_size</STRONG> (Thumb, 36 bytes, Stack size 24 bytes, swap_misc.o(.text.boot_img_sector_size))
<BR><BR>[Stack]<UL><LI>Max Depth = 28<LI>Call Chain = boot_img_sector_size &rArr; flash_sector_get_size
</UL>
<BR>[Calls]<UL><LI><a href="#[bf]">&gt;&gt;</a>&nbsp;&nbsp;&nbsp;flash_sector_get_size
</UL>
<BR>[Called By]<UL><LI><a href="#[f1]">&gt;&gt;</a>&nbsp;&nbsp;&nbsp;swap_erase_trailer_sectors
</UL>

<P><STRONG><a name="[ba]"></a>boot_img_sector_off</STRONG> (Thumb, 62 bytes, Stack size 32 bytes, swap_misc.o(.text.boot_img_sector_off))
<BR><BR>[Stack]<UL><LI>Max Depth = 36<LI>Call Chain = boot_img_sector_off &rArr; flash_sector_get_off
</UL>
<BR>[Calls]<UL><LI><a href="#[bb]">&gt;&gt;</a>&nbsp;&nbsp;&nbsp;flash_sector_get_off
</UL>
<BR>[Called By]<UL><LI><a href="#[f1]">&gt;&gt;</a>&nbsp;&nbsp;&nbsp;swap_erase_trailer_sectors
</UL>

<P><STRONG><a name="[bf]"></a>flash_sector_get_size</STRONG> (Thumb, 12 bytes, Stack size 4 bytes, swap_misc.o(.text.flash_sector_get_size))
<BR><BR>[Stack]<UL><LI>Max Depth = 4<LI>Call Chain = flash_sector_get_size
</UL>
<BR>[Called By]<UL><LI><a href="#[be]">&gt;&gt;</a>&nbsp;&nbsp;&nbsp;boot_img_sector_size
</UL>

<P><STRONG><a name="[bb]"></a>flash_sector_get_off</STRONG> (Thumb, 12 bytes, Stack size 4 bytes, swap_misc.o(.text.flash_sector_get_off))
<BR><BR>[Stack]<UL><LI>Max Depth = 4<LI>Call Chain = flash_sector_get_off
</UL>
<BR>[Called By]<UL><LI><a href="#[ba]">&gt;&gt;</a>&nbsp;&nbsp;&nbsp;boot_img_sector_off
</UL>

<P><STRONG><a name="[e6]"></a>boot_img_num_sectors</STRONG> (Thumb, 22 bytes, Stack size 8 bytes, swap_scratch.o(.text.boot_img_num_sectors))
<BR><BR>[Stack]<UL><LI>Max Depth = 8<LI>Call Chain = boot_img_num_sectors
</UL>
<BR>[Called By]<UL><LI><a href="#[ef]">&gt;&gt;</a>&nbsp;&nbsp;&nbsp;boot_swap_sectors
<LI><a href="#[cf]">&gt;&gt;</a>&nbsp;&nbsp;&nbsp;boot_slots_compatible
</UL>

<P><STRONG><a name="[97]"></a>boot_scratch_area_size</STRONG> (Thumb, 18 bytes, Stack size 16 bytes, swap_scratch.o(.text.boot_scratch_area_size))
<BR><BR>[Stack]<UL><LI>Max Depth = 20<LI>Call Chain = boot_scratch_area_size &rArr; flash_area_get_size
</UL>
<BR>[Calls]<UL><LI><a href="#[e2]">&gt;&gt;</a>&nbsp;&nbsp;&nbsp;flash_area_get_size
</UL>
<BR>[Called By]<UL><LI><a href="#[96]">&gt;&gt;</a>&nbsp;&nbsp;&nbsp;boot_copy_sz
<LI><a href="#[cf]">&gt;&gt;</a>&nbsp;&nbsp;&nbsp;boot_slots_compatible
</UL>

<P><STRONG><a name="[98]"></a>boot_img_sector_size</STRONG> (Thumb, 36 bytes, Stack size 24 bytes, swap_scratch.o(.text.boot_img_sector_size))
<BR><BR>[Stack]<UL><LI>Max Depth = 28<LI>Call Chain = boot_img_sector_size &rArr; flash_sector_get_size
</UL>
<BR>[Calls]<UL><LI><a href="#[c0]">&gt;&gt;</a>&nbsp;&nbsp;&nbsp;flash_sector_get_size
</UL>
<BR>[Called By]<UL><LI><a href="#[ef]">&gt;&gt;</a>&nbsp;&nbsp;&nbsp;boot_swap_sectors
<LI><a href="#[96]">&gt;&gt;</a>&nbsp;&nbsp;&nbsp;boot_copy_sz
<LI><a href="#[ee]">&gt;&gt;</a>&nbsp;&nbsp;&nbsp;swap_run
<LI><a href="#[cf]">&gt;&gt;</a>&nbsp;&nbsp;&nbsp;boot_slots_compatible
</UL>

<P><STRONG><a name="[e2]"></a>flash_area_get_size</STRONG> (Thumb, 12 bytes, Stack size 4 bytes, swap_scratch.o(.text.flash_area_get_size))
<BR><BR>[Stack]<UL><LI>Max Depth = 4<LI>Call Chain = flash_area_get_size
</UL>
<BR>[Called By]<UL><LI><a href="#[ef]">&gt;&gt;</a>&nbsp;&nbsp;&nbsp;boot_swap_sectors
<LI><a href="#[97]">&gt;&gt;</a>&nbsp;&nbsp;&nbsp;boot_scratch_area_size
</UL>

<P><STRONG><a name="[c0]"></a>flash_sector_get_size</STRONG> (Thumb, 12 bytes, Stack size 4 bytes, swap_scratch.o(.text.flash_sector_get_size))
<BR><BR>[Stack]<UL><LI>Max Depth = 4<LI>Call Chain = flash_sector_get_size
</UL>
<BR>[Called By]<UL><LI><a href="#[98]">&gt;&gt;</a>&nbsp;&nbsp;&nbsp;boot_img_sector_size
</UL>

<P><STRONG><a name="[96]"></a>boot_copy_sz</STRONG> (Thumb, 98 bytes, Stack size 40 bytes, swap_scratch.o(.text.boot_copy_sz))
<BR><BR>[Stack]<UL><LI>Max Depth = 68<LI>Call Chain = boot_copy_sz &rArr; boot_img_sector_size &rArr; flash_sector_get_size
</UL>
<BR>[Calls]<UL><LI><a href="#[98]">&gt;&gt;</a>&nbsp;&nbsp;&nbsp;boot_img_sector_size
<LI><a href="#[97]">&gt;&gt;</a>&nbsp;&nbsp;&nbsp;boot_scratch_area_size
</UL>
<BR>[Called By]<UL><LI><a href="#[ee]">&gt;&gt;</a>&nbsp;&nbsp;&nbsp;swap_run
</UL>

<P><STRONG><a name="[ef]"></a>boot_swap_sectors</STRONG> (Thumb, 1662 bytes, Stack size 112 bytes, swap_scratch.o(.text.boot_swap_sectors))
<BR><BR>[Stack]<UL><LI>Max Depth = 332<LI>Call Chain = boot_swap_sectors &rArr; swap_status_init &rArr; boot_read_swap_state_by_id &rArr; boot_read_swap_state &rArr; boot_read_image_ok &rArr; boot_read_flag &rArr; bootutil_buffer_is_erased &rArr; flash_area_erased_val
</UL>
<BR>[Calls]<UL><LI><a href="#[bc]">&gt;&gt;</a>&nbsp;&nbsp;&nbsp;boot_img_sector_off
<LI><a href="#[e2]">&gt;&gt;</a>&nbsp;&nbsp;&nbsp;flash_area_get_size
<LI><a href="#[98]">&gt;&gt;</a>&nbsp;&nbsp;&nbsp;boot_img_sector_size
<LI><a href="#[e6]">&gt;&gt;</a>&nbsp;&nbsp;&nbsp;boot_img_num_sectors
<LI><a href="#[f0]">&gt;&gt;</a>&nbsp;&nbsp;&nbsp;swap_status_init
<LI><a href="#[f1]">&gt;&gt;</a>&nbsp;&nbsp;&nbsp;swap_erase_trailer_sectors
<LI><a href="#[91]">&gt;&gt;</a>&nbsp;&nbsp;&nbsp;boot_copy_region
<LI><a href="#[ad]">&gt;&gt;</a>&nbsp;&nbsp;&nbsp;boot_erase_region
<LI><a href="#[f2]">&gt;&gt;</a>&nbsp;&nbsp;&nbsp;boot_write_status
<LI><a href="#[f4]">&gt;&gt;</a>&nbsp;&nbsp;&nbsp;boot_write_swap_info
<LI><a href="#[f3]">&gt;&gt;</a>&nbsp;&nbsp;&nbsp;boot_write_image_ok
<LI><a href="#[df]">&gt;&gt;</a>&nbsp;&nbsp;&nbsp;boot_read_swap_state
<LI><a href="#[f6]">&gt;&gt;</a>&nbsp;&nbsp;&nbsp;boot_write_enc_key
<LI><a href="#[f5]">&gt;&gt;</a>&nbsp;&nbsp;&nbsp;boot_write_swap_size
<LI><a href="#[ea]">&gt;&gt;</a>&nbsp;&nbsp;&nbsp;boot_status_off
<LI><a href="#[ec]">&gt;&gt;</a>&nbsp;&nbsp;&nbsp;boot_trailer_sz
<LI><a href="#[87]">&gt;&gt;</a>&nbsp;&nbsp;&nbsp;flash_area_close
<LI><a href="#[8c]">&gt;&gt;</a>&nbsp;&nbsp;&nbsp;__aeabi_assert
<LI><a href="#[f7]">&gt;&gt;</a>&nbsp;&nbsp;&nbsp;boot_write_magic
<LI><a href="#[85]">&gt;&gt;</a>&nbsp;&nbsp;&nbsp;flash_area_open
</UL>
<BR>[Called By]<UL><LI><a href="#[ee]">&gt;&gt;</a>&nbsp;&nbsp;&nbsp;swap_run
</UL>

<P><STRONG><a name="[bc]"></a>boot_img_sector_off</STRONG> (Thumb, 62 bytes, Stack size 32 bytes, swap_scratch.o(.text.boot_img_sector_off))
<BR><BR>[Stack]<UL><LI>Max Depth = 36<LI>Call Chain = boot_img_sector_off &rArr; flash_sector_get_off
</UL>
<BR>[Calls]<UL><LI><a href="#[bd]">&gt;&gt;</a>&nbsp;&nbsp;&nbsp;flash_sector_get_off
</UL>
<BR>[Called By]<UL><LI><a href="#[ef]">&gt;&gt;</a>&nbsp;&nbsp;&nbsp;boot_swap_sectors
</UL>

<P><STRONG><a name="[bd]"></a>flash_sector_get_off</STRONG> (Thumb, 12 bytes, Stack size 4 bytes, swap_scratch.o(.text.flash_sector_get_off))
<BR><BR>[Stack]<UL><LI>Max Depth = 4<LI>Call Chain = flash_sector_get_off
</UL>
<BR>[Called By]<UL><LI><a href="#[bc]">&gt;&gt;</a>&nbsp;&nbsp;&nbsp;boot_img_sector_off
</UL>

<P><STRONG><a name="[80]"></a>system_clock_config</STRONG> (Thumb, 8 bytes, Stack size 8 bytes, system_gd32f5xx.o(.text.system_clock_config))
<BR><BR>[Stack]<UL><LI>Max Depth = 20<LI>Call Chain = system_clock_config &rArr; system_clock_200m_25m_hxtal
</UL>
<BR>[Calls]<UL><LI><a href="#[130]">&gt;&gt;</a>&nbsp;&nbsp;&nbsp;system_clock_200m_25m_hxtal
</UL>
<BR>[Called By]<UL><LI><a href="#[72]">&gt;&gt;</a>&nbsp;&nbsp;&nbsp;SystemInit
</UL>

<P><STRONG><a name="[130]"></a>system_clock_200m_25m_hxtal</STRONG> (Thumb, 350 bytes, Stack size 12 bytes, system_gd32f5xx.o(.text.system_clock_200m_25m_hxtal))
<BR><BR>[Stack]<UL><LI>Max Depth = 12<LI>Call Chain = system_clock_200m_25m_hxtal
</UL>
<BR>[Called By]<UL><LI><a href="#[80]">&gt;&gt;</a>&nbsp;&nbsp;&nbsp;system_clock_config
</UL>
<P>
<H3>
Undefined Global Symbols
</H3><HR></body></html>
