Component: Arm Compiler for Embedded 6.24 Tool: armlink [5f371500]

==============================================================================

Section Cross References

    mbl.o(.text.ymodem_packet_init) refers to mbl.o(.data.p_ibl_api) for p_ibl_api
    mbl.o(.ARM.exidx.text.ymodem_packet_init) refers to mbl.o(.text.ymodem_packet_init) for [Anonymous Symbol]
    mbl.o(.text.main) refers to mbl.o(.data.p_ibl_api) for p_ibl_api
    mbl.o(.text.main) refers to mbl.o(.rodata.str1.1) for .L.str
    mbl.o(.text.main) refers to mbl_systick.o(.text.systick_config) for systick_config
    mbl.o(.text.main) refers to memcpya.o(.text) for __aeabi_memcpy
    mbl.o(.text.main) refers to keys.o(.text.mbl_get_rotpk) for mbl_get_rotpk
    mbl.o(.text.main) refers to mbl.o(.bss.alloc_buf) for alloc_buf
    mbl.o(.text.main) refers to mbl.o(.bss.ymodem_packet) for ymodem_packet
    mbl.o(.text.main) refers to mbl.o(.text.ymodem_packet_init) for ymodem_packet_init
    mbl.o(.text.main) refers to gd32f5xx_usart.o(.text.usart_interrupt_enable) for usart_interrupt_enable
    mbl.o(.text.main) refers to mbl_systick.o(.text.delay_1ms) for delay_1ms
    mbl.o(.text.main) refers to flash_map.o(.text.flash_area_open) for flash_area_open
    mbl.o(.text.main) refers to bootutil_public.o(.text.boot_write_magic) for boot_write_magic
    mbl.o(.text.main) refers to mbl.o(.text.__NVIC_SystemReset) for __NVIC_SystemReset
    mbl.o(.text.main) refers to gd32f5xx_usart.o(.text.usart_interrupt_disable) for usart_interrupt_disable
    mbl.o(.text.main) refers to loader.o(.text.boot_go) for boot_go
    mbl.o(.text.main) refers to mbl.o(.text.do_boot) for do_boot
    mbl.o(.ARM.exidx.text.main) refers to mbl.o(.text.main) for [Anonymous Symbol]
    mbl.o(.ARM.exidx.text.__NVIC_SystemReset) refers to mbl.o(.text.__NVIC_SystemReset) for [Anonymous Symbol]
    mbl.o(.text.do_boot) refers to mbl.o(.data.p_ibl_api) for p_ibl_api
    mbl.o(.text.do_boot) refers to flash_map.o(.text.flash_device_base) for flash_device_base
    mbl.o(.text.do_boot) refers to mbl.o(.rodata.str1.1) for .L.str.7
    mbl.o(.text.do_boot) refers to boot_hal.o(.text.__aeabi_assert) for __aeabi_assert
    mbl.o(.text.do_boot) refers to mbl.o(.bss.do_boot.vt) for do_boot.vt
    mbl.o(.ARM.exidx.text.do_boot) refers to mbl.o(.text.do_boot) for [Anonymous Symbol]
    mbl_gd32f5xx_it.o(.text.NMI_Handler) refers to gd32f5xx_syscfg.o(.text.syscfg_interrupt_flag_get) for syscfg_interrupt_flag_get
    mbl_gd32f5xx_it.o(.text.NMI_Handler) refers to mbl.o(.data.p_ibl_api) for p_ibl_api
    mbl_gd32f5xx_it.o(.text.NMI_Handler) refers to mbl_gd32f5xx_it.o(.rodata.str1.1) for .L.str
    mbl_gd32f5xx_it.o(.ARM.exidx.text.NMI_Handler) refers to mbl_gd32f5xx_it.o(.text.NMI_Handler) for [Anonymous Symbol]
    mbl_gd32f5xx_it.o(.text.HardFault_Handler_c) refers to mbl.o(.data.p_ibl_api) for p_ibl_api
    mbl_gd32f5xx_it.o(.text.HardFault_Handler_c) refers to mbl_gd32f5xx_it.o(.rodata.str1.1) for .L.str.2
    mbl_gd32f5xx_it.o(.ARM.exidx.text.HardFault_Handler_c) refers to mbl_gd32f5xx_it.o(.text.HardFault_Handler_c) for [Anonymous Symbol]
    mbl_gd32f5xx_it.o(.text.HardFault_Handler) refers to mbl_gd32f5xx_it.o(.text.HardFault_Handler_c) for HardFault_Handler_c
    mbl_gd32f5xx_it.o(.ARM.exidx.text.HardFault_Handler) refers to mbl_gd32f5xx_it.o(.text.HardFault_Handler) for [Anonymous Symbol]
    mbl_gd32f5xx_it.o(.ARM.exidx.text.MemManage_Handler) refers to mbl_gd32f5xx_it.o(.text.MemManage_Handler) for [Anonymous Symbol]
    mbl_gd32f5xx_it.o(.ARM.exidx.text.BusFault_Handler) refers to mbl_gd32f5xx_it.o(.text.BusFault_Handler) for [Anonymous Symbol]
    mbl_gd32f5xx_it.o(.ARM.exidx.text.UsageFault_Handler) refers to mbl_gd32f5xx_it.o(.text.UsageFault_Handler) for [Anonymous Symbol]
    mbl_gd32f5xx_it.o(.ARM.exidx.text.SVC_Handler) refers to mbl_gd32f5xx_it.o(.text.SVC_Handler) for [Anonymous Symbol]
    mbl_gd32f5xx_it.o(.ARM.exidx.text.DebugMon_Handler) refers to mbl_gd32f5xx_it.o(.text.DebugMon_Handler) for [Anonymous Symbol]
    mbl_gd32f5xx_it.o(.ARM.exidx.text.PendSV_Handler) refers to mbl_gd32f5xx_it.o(.text.PendSV_Handler) for [Anonymous Symbol]
    mbl_gd32f5xx_it.o(.text.SysTick_Handler) refers to mbl_systick.o(.text.delay_decrement) for delay_decrement
    mbl_gd32f5xx_it.o(.ARM.exidx.text.SysTick_Handler) refers to mbl_gd32f5xx_it.o(.text.SysTick_Handler) for [Anonymous Symbol]
    mbl_gd32f5xx_it.o(.text.UART6_IRQHandler) refers to gd32f5xx_usart.o(.text.usart_interrupt_flag_get) for usart_interrupt_flag_get
    mbl_gd32f5xx_it.o(.text.UART6_IRQHandler) refers to gd32f5xx_usart.o(.text.usart_data_receive) for usart_data_receive
    mbl_gd32f5xx_it.o(.text.UART6_IRQHandler) refers to mbl_gd32f5xx_it.o(.bss.UART6_IRQHandler.flag_cnt) for UART6_IRQHandler.flag_cnt
    mbl_gd32f5xx_it.o(.text.UART6_IRQHandler) refers to mbl.o(.bss.ymodem_packet) for ymodem_packet
[...]
    mbedtls_internal_sha512_process          0x0801989d   Thumb Code     0  ibl_symbol_mbedtls ABSOLUTE
    mbedtls_md                               0x0801a3c5   Thumb Code     0  ibl_symbol_mbedtls ABSOLUTE
    mbedtls_md5                              0x0801a3f9   Thumb Code     0  ibl_symbol_mbedtls ABSOLUTE
    mbedtls_md5_clone                        0x0801a411   Thumb Code     0  ibl_symbol_mbedtls ABSOLUTE
    mbedtls_md5_finish                       0x0801a429   Thumb Code     0  ibl_symbol_mbedtls ABSOLUTE
    mbedtls_md5_finish_ret                   0x0801a43d   Thumb Code     0  ibl_symbol_mbedtls ABSOLUTE
    mbedtls_md5_free                         0x0801a5bd   Thumb Code     0  ibl_symbol_mbedtls ABSOLUTE
    mbedtls_md5_init                         0x0801a5d9   Thumb Code     0  ibl_symbol_mbedtls ABSOLUTE
    mbedtls_md5_process                      0x0801a5ed   Thumb Code     0  ibl_symbol_mbedtls ABSOLUTE
    mbedtls_md5_ret                          0x0801a601   Thumb Code     0  ibl_symbol_mbedtls ABSOLUTE
    mbedtls_md5_starts                       0x0801a639   Thumb Code     0  ibl_symbol_mbedtls ABSOLUTE
    mbedtls_md5_starts_ret                   0x0801a649   Thumb Code     0  ibl_symbol_mbedtls ABSOLUTE
    mbedtls_md5_update                       0x0801a68d   Thumb Code     0  ibl_symbol_mbedtls ABSOLUTE
    mbedtls_md5_update_ret                   0x0801a6a5   Thumb Code     0  ibl_symbol_mbedtls ABSOLUTE
    mbedtls_md_clone                         0x0801a789   Thumb Code     0  ibl_symbol_mbedtls ABSOLUTE
    mbedtls_md_finish                        0x0801a7e1   Thumb Code     0  ibl_symbol_mbedtls ABSOLUTE
    mbedtls_md_free                          0x0801a819   Thumb Code     0  ibl_symbol_mbedtls ABSOLUTE
    mbedtls_md_get_name                      0x0801a871   Thumb Code     0  ibl_symbol_mbedtls ABSOLUTE
    mbedtls_md_get_size                      0x0801a891   Thumb Code     0  ibl_symbol_mbedtls ABSOLUTE
    mbedtls_md_get_type                      0x0801a8b5   Thumb Code     0  ibl_symbol_mbedtls ABSOLUTE
    mbedtls_md_hmac                          0x0801a8d5   Thumb Code     0  ibl_symbol_mbedtls ABSOLUTE
    mbedtls_md_hmac_finish                   0x0801a95d   Thumb Code     0  ibl_symbol_mbedtls ABSOLUTE
    mbedtls_md_hmac_reset                    0x0801aa0d   Thumb Code     0  ibl_symbol_mbedtls ABSOLUTE
    mbedtls_md_hmac_starts                   0x0801aa69   Thumb Code     0  ibl_symbol_mbedtls ABSOLUTE
    mbedtls_md_hmac_update                   0x0801ab91   Thumb Code     0  ibl_symbol_mbedtls ABSOLUTE
    mbedtls_md_info_from_string              0x0801abd5   Thumb Code     0  ibl_symbol_mbedtls ABSOLUTE
    mbedtls_md_info_from_type                0x0801acad   Thumb Code     0  ibl_symbol_mbedtls ABSOLUTE
    mbedtls_md_init                          0x0801ad1d   Thumb Code     0  ibl_symbol_mbedtls ABSOLUTE
    mbedtls_md_init_ctx                      0x0801ad31   Thumb Code     0  ibl_symbol_mbedtls ABSOLUTE
    mbedtls_md_list                          0x0801ad49   Thumb Code     0  ibl_symbol_mbedtls ABSOLUTE
    mbedtls_md_process                       0x0801ad55   Thumb Code     0  ibl_symbol_mbedtls ABSOLUTE
    mbedtls_md_setup                         0x0801ad8d   Thumb Code     0  ibl_symbol_mbedtls ABSOLUTE
    mbedtls_md_starts                        0x0801ae11   Thumb Code     0  ibl_symbol_mbedtls ABSOLUTE
    mbedtls_md_update                        0x0801ae45   Thumb Code     0  ibl_symbol_mbedtls ABSOLUTE
    mbedtls_memory_buffer_alloc_free         0x0801ae81   Thumb Code     0  ibl_symbol_mbedtls ABSOLUTE
    mbedtls_memory_buffer_alloc_init         0x0801ae95   Thumb Code     0  ibl_symbol_mbedtls ABSOLUTE
    mbedtls_memory_buffer_alloc_verify       0x0801af3d   Thumb Code     0  ibl_symbol_mbedtls ABSOLUTE
    mbedtls_memory_buffer_set_verify         0x0801af45   Thumb Code     0  ibl_symbol_mbedtls ABSOLUTE
    mbedtls_mpi_add_abs                      0x0801af59   Thumb Code     0  ibl_symbol_mbedtls ABSOLUTE
    mbedtls_mpi_add_int                      0x0801b0c5   Thumb Code     0  ibl_symbol_mbedtls ABSOLUTE
    mbedtls_mpi_add_mpi                      0x0801b119   Thumb Code     0  ibl_symbol_mbedtls ABSOLUTE
    mbedtls_mpi_bitlen                       0x0801b1bd   Thumb Code     0  ibl_symbol_mbedtls ABSOLUTE
    mbedtls_mpi_cmp_abs                      0x0801b221   Thumb Code     0  ibl_symbol_mbedtls ABSOLUTE
    mbedtls_mpi_cmp_int                      0x0801b321   Thumb Code     0  ibl_symbol_mbedtls ABSOLUTE
    mbedtls_mpi_cmp_mpi                      0x0801b36d   Thumb Code     0  ibl_symbol_mbedtls ABSOLUTE
    mbedtls_mpi_copy                         0x0801b4ad   Thumb Code     0  ibl_symbol_mbedtls ABSOLUTE
    mbedtls_mpi_div_int                      0x0801b575   Thumb Code     0  ibl_symbol_mbedtls ABSOLUTE
    mbedtls_mpi_div_mpi                      0x0801b5c9   Thumb Code     0  ibl_symbol_mbedtls ABSOLUTE
    mbedtls_mpi_exp_mod                      0x0801ba81   Thumb Code     0  ibl_symbol_mbedtls ABSOLUTE
    mbedtls_mpi_exp_mod_sw                   0x0801bbf5   Thumb Code     0  ibl_symbol_mbedtls ABSOLUTE
    mbedtls_mpi_fill_random                  0x0801c371   Thumb Code     0  ibl_symbol_mbedtls ABSOLUTE
    mbedtls_mpi_free                         0x0801c40d   Thumb Code     0  ibl_symbol_mbedtls ABSOLUTE
    mbedtls_mpi_gcd                          0x0801c44d   Thumb Code     0  ibl_symbol_mbedtls ABSOLUTE
    mbedtls_mpi_gen_prime                    0x0801c5dd   Thumb Code     0  ibl_symbol_mbedtls ABSOLUTE
    mbedtls_mpi_get_bit                      0x0801c915   Thumb Code     0  ibl_symbol_mbedtls ABSOLUTE
    mbedtls_mpi_grow                         0x0801c955   Thumb Code     0  ibl_symbol_mbedtls ABSOLUTE
    mbedtls_mpi_init                         0x0801c9dd   Thumb Code     0  ibl_symbol_mbedtls ABSOLUTE
    mbedtls_mpi_inv_mod                      0x0801c9f9   Thumb Code     0  ibl_symbol_mbedtls ABSOLUTE
    mbedtls_mpi_is_prime                     0x0801cd99   Thumb Code     0  ibl_symbol_mbedtls ABSOLUTE
    mbedtls_mpi_is_prime_ext                 0x0801cdbd   Thumb Code     0  ibl_symbol_mbedtls ABSOLUTE
    mbedtls_mpi_lsb                          0x0801ce49   Thumb Code     0  ibl_symbol_mbedtls ABSOLUTE
    mbedtls_mpi_lset                         0x0801ceb5   Thumb Code     0  ibl_symbol_mbedtls ABSOLUTE
    mbedtls_mpi_mod_int                      0x0801cf1d   Thumb Code     0  ibl_symbol_mbedtls ABSOLUTE
    mbedtls_mpi_mod_mpi                      0x0801d021   Thumb Code     0  ibl_symbol_mbedtls ABSOLUTE
    mbedtls_mpi_mul_int                      0x0801d0c9   Thumb Code     0  ibl_symbol_mbedtls ABSOLUTE
    mbedtls_mpi_mul_mpi                      0x0801d0f9   Thumb Code     0  ibl_symbol_mbedtls ABSOLUTE
    mbedtls_mpi_read_binary                  0x0801d39d   Thumb Code     0  ibl_symbol_mbedtls ABSOLUTE
    mbedtls_mpi_read_string                  0x0801d43d   Thumb Code     0  ibl_symbol_mbedtls ABSOLUTE
    mbedtls_mpi_safe_cond_assign             0x0801d61d   Thumb Code     0  ibl_symbol_mbedtls ABSOLUTE
    mbedtls_mpi_safe_cond_swap               0x0801d6f5   Thumb Code     0  ibl_symbol_mbedtls ABSOLUTE
    mbedtls_mpi_set_bit                      0x0801d811   Thumb Code     0  ibl_symbol_mbedtls ABSOLUTE
    mbedtls_mpi_shift_l                      0x0801d8c1   Thumb Code     0  ibl_symbol_mbedtls ABSOLUTE
    mbedtls_mpi_shift_r                      0x0801d9e9   Thumb Code     0  ibl_symbol_mbedtls ABSOLUTE
    mbedtls_mpi_shrink                       0x0801db05   Thumb Code     0  ibl_symbol_mbedtls ABSOLUTE
    mbedtls_mpi_size                         0x0801dbd5   Thumb Code     0  ibl_symbol_mbedtls ABSOLUTE
    mbedtls_mpi_sub_abs                      0x0801dbe9   Thumb Code     0  ibl_symbol_mbedtls ABSOLUTE
    mbedtls_mpi_sub_int                      0x0801dcb9   Thumb Code     0  ibl_symbol_mbedtls ABSOLUTE
    mbedtls_mpi_sub_mpi                      0x0801dd0d   Thumb Code     0  ibl_symbol_mbedtls ABSOLUTE
    mbedtls_mpi_swap                         0x0801ddb1   Thumb Code     0  ibl_symbol_mbedtls ABSOLUTE
    mbedtls_mpi_write_binary                 0x0801dde9   Thumb Code     0  ibl_symbol_mbedtls ABSOLUTE
    mbedtls_mpi_write_string                 0x0801deb9   Thumb Code     0  ibl_symbol_mbedtls ABSOLUTE
    mbedtls_oid_get_attr_short_name          0x0801e089   Thumb Code     0  ibl_symbol_mbedtls ABSOLUTE
    mbedtls_oid_get_cipher_alg               0x0801e0bd   Thumb Code     0  ibl_symbol_mbedtls ABSOLUTE
    mbedtls_oid_get_ec_grp                   0x0801e0f1   Thumb Code     0  ibl_symbol_mbedtls ABSOLUTE
    mbedtls_oid_get_extended_key_usage       0x0801e125   Thumb Code     0  ibl_symbol_mbedtls ABSOLUTE
    mbedtls_oid_get_md_alg                   0x0801e159   Thumb Code     0  ibl_symbol_mbedtls ABSOLUTE
    mbedtls_oid_get_md_hmac                  0x0801e18d   Thumb Code     0  ibl_symbol_mbedtls ABSOLUTE
    mbedtls_oid_get_numeric_string           0x0801e1c1   Thumb Code     0  ibl_symbol_mbedtls ABSOLUTE
    mbedtls_oid_get_oid_by_ec_grp            0x0801e305   Thumb Code     0  ibl_symbol_mbedtls ABSOLUTE
    mbedtls_oid_get_oid_by_md                0x0801e359   Thumb Code     0  ibl_symbol_mbedtls ABSOLUTE
    mbedtls_oid_get_oid_by_pk_alg            0x0801e3ad   Thumb Code     0  ibl_symbol_mbedtls ABSOLUTE
    mbedtls_oid_get_oid_by_sig_alg           0x0801e401   Thumb Code     0  ibl_symbol_mbedtls ABSOLUTE
    mbedtls_oid_get_pk_alg                   0x0801e465   Thumb Code     0  ibl_symbol_mbedtls ABSOLUTE
    mbedtls_oid_get_pkcs12_pbe_alg           0x0801e499   Thumb Code     0  ibl_symbol_mbedtls ABSOLUTE
    mbedtls_oid_get_sig_alg                  0x0801e4d5   Thumb Code     0  ibl_symbol_mbedtls ABSOLUTE
    mbedtls_oid_get_sig_alg_desc             0x0801e511   Thumb Code     0  ibl_symbol_mbedtls ABSOLUTE
    mbedtls_oid_get_x509_ext_type            0x0801e545   Thumb Code     0  ibl_symbol_mbedtls ABSOLUTE
    mbedtls_pem_free                         0x0801e579   Thumb Code     0  ibl_symbol_mbedtls ABSOLUTE
    mbedtls_pem_init                         0x0801e5b1   Thumb Code     0  ibl_symbol_mbedtls ABSOLUTE
    mbedtls_pem_read_buffer                  0x0801e5c5   Thumb Code     0  ibl_symbol_mbedtls ABSOLUTE
    mbedtls_pem_write_buffer                 0x0801ead5   Thumb Code     0  ibl_symbol_mbedtls ABSOLUTE
    mbedtls_pk_can_do                        0x0801ec51   Thumb Code     0  ibl_symbol_mbedtls ABSOLUTE
    mbedtls_pk_check_pair                    0x0801ec81   Thumb Code     0  ibl_symbol_mbedtls ABSOLUTE
    mbedtls_pk_debug                         0x0801ed1d   Thumb Code     0  ibl_symbol_mbedtls ABSOLUTE
    mbedtls_pk_decrypt                       0x0801ed6d   Thumb Code     0  ibl_symbol_mbedtls ABSOLUTE
    mbedtls_pk_encrypt                       0x0801ee19   Thumb Code     0  ibl_symbol_mbedtls ABSOLUTE
    mbedtls_pk_free                          0x0801eea1   Thumb Code     0  ibl_symbol_mbedtls ABSOLUTE
    mbedtls_pk_get_bitlen                    0x0801eed1   Thumb Code     0  ibl_symbol_mbedtls ABSOLUTE
    mbedtls_pk_get_name                      0x0801ef15   Thumb Code     0  ibl_symbol_mbedtls ABSOLUTE
    mbedtls_pk_get_type                      0x0801ef45   Thumb Code     0  ibl_symbol_mbedtls ABSOLUTE
    mbedtls_pk_info_from_type                0x0801ef6d   Thumb Code     0  ibl_symbol_mbedtls ABSOLUTE
    mbedtls_pk_init                          0x0801efd5   Thumb Code     0  ibl_symbol_mbedtls ABSOLUTE
    mbedtls_pk_parse_key                     0x0801efed   Thumb Code     0  ibl_symbol_mbedtls ABSOLUTE
    mbedtls_pk_parse_public_key              0x0801f3e1   Thumb Code     0  ibl_symbol_mbedtls ABSOLUTE
    mbedtls_pk_parse_subpubkey               0x0801f5ed   Thumb Code     0  ibl_symbol_mbedtls ABSOLUTE
    mbedtls_pk_setup                         0x0801f7cd   Thumb Code     0  ibl_symbol_mbedtls ABSOLUTE
    mbedtls_pk_setup_rsa_alt                 0x0801f821   Thumb Code     0  ibl_symbol_mbedtls ABSOLUTE
    mbedtls_pk_sign                          0x0801f89d   Thumb Code     0  ibl_symbol_mbedtls ABSOLUTE
    mbedtls_pk_sign_restartable              0x0801f8ed   Thumb Code     0  ibl_symbol_mbedtls ABSOLUTE
    mbedtls_pk_verify                        0x0801f981   Thumb Code     0  ibl_symbol_mbedtls ABSOLUTE
    mbedtls_pk_verify_ext                    0x0801f9bd   Thumb Code     0  ibl_symbol_mbedtls ABSOLUTE
    mbedtls_pk_verify_restartable            0x0801faf5   Thumb Code     0  ibl_symbol_mbedtls ABSOLUTE
    mbedtls_pk_write_key_der                 0x0801fb79   Thumb Code     0  ibl_symbol_mbedtls ABSOLUTE
    mbedtls_pk_write_key_pem                 0x08020059   Thumb Code     0  ibl_symbol_mbedtls ABSOLUTE
    mbedtls_pk_write_pubkey                  0x08020151   Thumb Code     0  ibl_symbol_mbedtls ABSOLUTE
    mbedtls_pk_write_pubkey_der              0x08020219   Thumb Code     0  ibl_symbol_mbedtls ABSOLUTE
    mbedtls_pk_write_pubkey_pem              0x080203d1   Thumb Code     0  ibl_symbol_mbedtls ABSOLUTE
    mbedtls_pkcs12_derivation                0x08020475   Thumb Code     0  ibl_symbol_mbedtls ABSOLUTE
    mbedtls_pkcs12_pbe                       0x08020701   Thumb Code     0  ibl_symbol_mbedtls ABSOLUTE
    mbedtls_pkcs12_pbe_sha1_rc4_128          0x08020835   Thumb Code     0  ibl_symbol_mbedtls ABSOLUTE
    mbedtls_pkcs5_pbes2                      0x080208c1   Thumb Code     0  ibl_symbol_mbedtls ABSOLUTE
    mbedtls_pkcs5_pbkdf2_hmac                0x08020add   Thumb Code     0  ibl_symbol_mbedtls ABSOLUTE
    mbedtls_platform_set_calloc_free         0x08020c81   Thumb Code     0  ibl_symbol_mbedtls ABSOLUTE
    mbedtls_platform_set_hardware_poll       0x08020ca5   Thumb Code     0  ibl_symbol_mbedtls ABSOLUTE
    mbedtls_platform_set_printf              0x08020cbd   Thumb Code     0  ibl_symbol_mbedtls ABSOLUTE
    mbedtls_platform_set_snprintf            0x08020cd5   Thumb Code     0  ibl_symbol_mbedtls ABSOLUTE
    mbedtls_platform_set_time                0x08020ced   Thumb Code     0  ibl_symbol_mbedtls ABSOLUTE
    mbedtls_platform_setup                   0x08020d05   Thumb Code     0  ibl_symbol_mbedtls ABSOLUTE
    mbedtls_platform_teardown                0x08020d11   Thumb Code     0  ibl_symbol_mbedtls ABSOLUTE
    mbedtls_platform_zeroize                 0x08020d19   Thumb Code     0  ibl_symbol_mbedtls ABSOLUTE
    mbedtls_rsa_check_privkey                0x08020d31   Thumb Code     0  ibl_symbol_mbedtls ABSOLUTE
    mbedtls_rsa_check_pub_priv               0x08020de5   Thumb Code     0  ibl_symbol_mbedtls ABSOLUTE
    mbedtls_rsa_check_pubkey                 0x08020e4d   Thumb Code     0  ibl_symbol_mbedtls ABSOLUTE
    mbedtls_rsa_complete                     0x08020ed1   Thumb Code     0  ibl_symbol_mbedtls ABSOLUTE
    mbedtls_rsa_copy                         0x0802115d   Thumb Code     0  ibl_symbol_mbedtls ABSOLUTE
    mbedtls_rsa_deduce_crt                   0x080212e5   Thumb Code     0  ibl_symbol_mbedtls ABSOLUTE
    mbedtls_rsa_deduce_primes                0x08021399   Thumb Code     0  ibl_symbol_mbedtls ABSOLUTE
    mbedtls_rsa_deduce_private_exponent      0x08021631   Thumb Code     0  ibl_symbol_mbedtls ABSOLUTE
    mbedtls_rsa_export                       0x08021739   Thumb Code     0  ibl_symbol_mbedtls ABSOLUTE
    mbedtls_rsa_export_crt                   0x0802186d   Thumb Code     0  ibl_symbol_mbedtls ABSOLUTE
    mbedtls_rsa_export_raw                   0x0802195d   Thumb Code     0  ibl_symbol_mbedtls ABSOLUTE
    mbedtls_rsa_free                         0x08021ad5   Thumb Code     0  ibl_symbol_mbedtls ABSOLUTE
    mbedtls_rsa_gen_key                      0x08021b51   Thumb Code     0  ibl_symbol_mbedtls ABSOLUTE
    mbedtls_rsa_get_len                      0x08021e41   Thumb Code     0  ibl_symbol_mbedtls ABSOLUTE
    mbedtls_rsa_import                       0x08021e4d   Thumb Code     0  ibl_symbol_mbedtls ABSOLUTE
    mbedtls_rsa_import_raw                   0x08021efd   Thumb Code     0  ibl_symbol_mbedtls ABSOLUTE
    mbedtls_rsa_init                         0x08021ff9   Thumb Code     0  ibl_symbol_mbedtls ABSOLUTE
    mbedtls_rsa_pkcs1_decrypt                0x08022025   Thumb Code     0  ibl_symbol_mbedtls ABSOLUTE
    mbedtls_rsa_pkcs1_encrypt                0x080220e1   Thumb Code     0  ibl_symbol_mbedtls ABSOLUTE
    mbedtls_rsa_pkcs1_sign                   0x08022189   Thumb Code     0  ibl_symbol_mbedtls ABSOLUTE
    mbedtls_rsa_pkcs1_verify                 0x08022235   Thumb Code     0  ibl_symbol_mbedtls ABSOLUTE
    mbedtls_rsa_private                      0x080222e1   Thumb Code     0  ibl_symbol_mbedtls ABSOLUTE
    mbedtls_rsa_private_sw                   0x080223b9   Thumb Code     0  ibl_symbol_mbedtls ABSOLUTE
    mbedtls_rsa_public                       0x08022761   Thumb Code     0  ibl_symbol_mbedtls ABSOLUTE
    mbedtls_rsa_rsaes_oaep_decrypt           0x0802282d   Thumb Code     0  ibl_symbol_mbedtls ABSOLUTE
    mbedtls_rsa_rsaes_oaep_encrypt           0x08022b99   Thumb Code     0  ibl_symbol_mbedtls ABSOLUTE
    mbedtls_rsa_rsaes_pkcs1_v15_decrypt      0x08022d95   Thumb Code     0  ibl_symbol_mbedtls ABSOLUTE
    mbedtls_rsa_rsaes_pkcs1_v15_encrypt      0x080230b9   Thumb Code     0  ibl_symbol_mbedtls ABSOLUTE
    mbedtls_rsa_rsassa_pkcs1_v15_sign        0x08023235   Thumb Code     0  ibl_symbol_mbedtls ABSOLUTE
    mbedtls_rsa_rsassa_pkcs1_v15_verify      0x08023371   Thumb Code     0  ibl_symbol_mbedtls ABSOLUTE
    mbedtls_rsa_rsassa_pss_sign              0x0802349d   Thumb Code     0  ibl_symbol_mbedtls ABSOLUTE
    mbedtls_rsa_rsassa_pss_verify            0x08023729   Thumb Code     0  ibl_symbol_mbedtls ABSOLUTE
    mbedtls_rsa_rsassa_pss_verify_ext        0x080237ad   Thumb Code     0  ibl_symbol_mbedtls ABSOLUTE
    mbedtls_rsa_set_padding                  0x08023b75   Thumb Code     0  ibl_symbol_mbedtls ABSOLUTE
    mbedtls_rsa_validate_crt                 0x08023b99   Thumb Code     0  ibl_symbol_mbedtls ABSOLUTE
    mbedtls_rsa_validate_params              0x08023d59   Thumb Code     0  ibl_symbol_mbedtls ABSOLUTE
    mbedtls_sha1                             0x0802402d   Thumb Code     0  ibl_symbol_mbedtls ABSOLUTE
    mbedtls_sha1_clone                       0x08024045   Thumb Code     0  ibl_symbol_mbedtls ABSOLUTE
    mbedtls_sha1_finish                      0x08024065   Thumb Code     0  ibl_symbol_mbedtls ABSOLUTE
    mbedtls_sha1_finish_ret                  0x08024079   Thumb Code     0  ibl_symbol_mbedtls ABSOLUTE
    mbedtls_sha1_free                        0x08024221   Thumb Code     0  ibl_symbol_mbedtls ABSOLUTE
    mbedtls_sha1_init                        0x0802423d   Thumb Code     0  ibl_symbol_mbedtls ABSOLUTE
    mbedtls_sha1_process                     0x08024255   Thumb Code     0  ibl_symbol_mbedtls ABSOLUTE
    mbedtls_sha1_ret                         0x08024269   Thumb Code     0  ibl_symbol_mbedtls ABSOLUTE
    mbedtls_sha1_starts                      0x0802429d   Thumb Code     0  ibl_symbol_mbedtls ABSOLUTE
    mbedtls_sha1_starts_ret                  0x080242ad   Thumb Code     0  ibl_symbol_mbedtls ABSOLUTE
    mbedtls_sha1_update                      0x08024301   Thumb Code     0  ibl_symbol_mbedtls ABSOLUTE
    mbedtls_sha1_update_ret                  0x08024319   Thumb Code     0  ibl_symbol_mbedtls ABSOLUTE
    mbedtls_sha256                           0x08024405   Thumb Code     0  ibl_symbol_mbedtls ABSOLUTE
    mbedtls_sha256_clone                     0x08024421   Thumb Code     0  ibl_symbol_mbedtls ABSOLUTE
    mbedtls_sha256_finish                    0x08024441   Thumb Code     0  ibl_symbol_mbedtls ABSOLUTE
    mbedtls_sha256_finish_ret                0x08024455   Thumb Code     0  ibl_symbol_mbedtls ABSOLUTE
    mbedtls_sha256_free                      0x0802469d   Thumb Code     0  ibl_symbol_mbedtls ABSOLUTE
    mbedtls_sha256_init                      0x080246b9   Thumb Code     0  ibl_symbol_mbedtls ABSOLUTE
    mbedtls_sha256_process                   0x080246d1   Thumb Code     0  ibl_symbol_mbedtls ABSOLUTE
    mbedtls_sha256_ret                       0x080246e5   Thumb Code     0  ibl_symbol_mbedtls ABSOLUTE
    mbedtls_sha256_starts                    0x0802472d   Thumb Code     0  ibl_symbol_mbedtls ABSOLUTE
    mbedtls_sha256_starts_ret                0x08024741   Thumb Code     0  ibl_symbol_mbedtls ABSOLUTE
    mbedtls_sha256_update                    0x08024831   Thumb Code     0  ibl_symbol_mbedtls ABSOLUTE
    mbedtls_sha256_update_ret                0x08024849   Thumb Code     0  ibl_symbol_mbedtls ABSOLUTE
    mbedtls_sha512                           0x08024935   Thumb Code     0  ibl_symbol_mbedtls ABSOLUTE
    mbedtls_sha512_clone                     0x08024951   Thumb Code     0  ibl_symbol_mbedtls ABSOLUTE
    mbedtls_sha512_finish                    0x08024971   Thumb Code     0  ibl_symbol_mbedtls ABSOLUTE
    mbedtls_sha512_finish_ret                0x08024985   Thumb Code     0  ibl_symbol_mbedtls ABSOLUTE
    mbedtls_sha512_free                      0x08024d9d   Thumb Code     0  ibl_symbol_mbedtls ABSOLUTE
    mbedtls_sha512_init                      0x08024db9   Thumb Code     0  ibl_symbol_mbedtls ABSOLUTE
    mbedtls_sha512_process                   0x08024dd1   Thumb Code     0  ibl_symbol_mbedtls ABSOLUTE
    mbedtls_sha512_ret                       0x08024de5   Thumb Code     0  ibl_symbol_mbedtls ABSOLUTE
    mbedtls_sha512_starts                    0x08024e45   Thumb Code     0  ibl_symbol_mbedtls ABSOLUTE
    mbedtls_sha512_starts_ret                0x08024e59   Thumb Code     0  ibl_symbol_mbedtls ABSOLUTE
    mbedtls_sha512_update                    0x08024ff1   Thumb Code     0  ibl_symbol_mbedtls ABSOLUTE
    mbedtls_sha512_update_ret                0x08025009   Thumb Code     0  ibl_symbol_mbedtls ABSOLUTE
    mbedtls_ssl_ciphersuite_from_id          0x0802510d   Thumb Code     0  ibl_symbol_mbedtls ABSOLUTE
    mbedtls_ssl_ciphersuite_from_string      0x0802514d   Thumb Code     0  ibl_symbol_mbedtls ABSOLUTE
    mbedtls_ssl_ciphersuite_uses_ec          0x0802519d   Thumb Code     0  ibl_symbol_mbedtls ABSOLUTE
    mbedtls_ssl_ciphersuite_uses_psk         0x080251cd   Thumb Code     0  ibl_symbol_mbedtls ABSOLUTE
    mbedtls_ssl_get_ciphersuite_id           0x08025419   Thumb Code     0  ibl_symbol_mbedtls ABSOLUTE
    mbedtls_ssl_get_ciphersuite_name         0x08025441   Thumb Code     0  ibl_symbol_mbedtls ABSOLUTE
    mbedtls_ssl_get_ciphersuite_sig_alg      0x08025471   Thumb Code     0  ibl_symbol_mbedtls ABSOLUTE
    mbedtls_ssl_get_ciphersuite_sig_pk_alg   0x080254a5   Thumb Code     0  ibl_symbol_mbedtls ABSOLUTE
    mbedtls_ssl_list_ciphersuites            0x080254f1   Thumb Code     0  ibl_symbol_mbedtls ABSOLUTE
    mbedtls_strerror                         0x08025929   Thumb Code     0  ibl_symbol_mbedtls ABSOLUTE
    mbedtls_time                             0x08025945   Thumb Code     0  ibl_symbol_mbedtls ABSOLUTE
    mbedtls_x509_crl_free                    0x0802598d   Thumb Code     0  ibl_symbol_mbedtls ABSOLUTE
    mbedtls_x509_crl_info                    0x08025a65   Thumb Code     0  ibl_symbol_mbedtls ABSOLUTE
    mbedtls_x509_crl_init                    0x08025f0d   Thumb Code     0  ibl_symbol_mbedtls ABSOLUTE
    mbedtls_x509_crl_parse                   0x08025f21   Thumb Code     0  ibl_symbol_mbedtls ABSOLUTE
    mbedtls_x509_crl_parse_der               0x0802602d   Thumb Code     0  ibl_symbol_mbedtls ABSOLUTE
    mbedtls_x509_crt_check_extended_key_usage 0x0802643d   Thumb Code     0  ibl_symbol_mbedtls ABSOLUTE
    mbedtls_x509_crt_check_key_usage         0x080264e5   Thumb Code     0  ibl_symbol_mbedtls ABSOLUTE
    mbedtls_x509_crt_free                    0x08026561   Thumb Code     0  ibl_symbol_mbedtls ABSOLUTE
    mbedtls_x509_crt_info                    0x080266a1   Thumb Code     0  ibl_symbol_mbedtls ABSOLUTE
    mbedtls_x509_crt_init                    0x08026e95   Thumb Code     0  ibl_symbol_mbedtls ABSOLUTE
    mbedtls_x509_crt_is_revoked              0x08026ead   Thumb Code     0  ibl_symbol_mbedtls ABSOLUTE
    mbedtls_x509_crt_parse                   0x08026f25   Thumb Code     0  ibl_symbol_mbedtls ABSOLUTE
    mbedtls_x509_crt_parse_der               0x080270a1   Thumb Code     0  ibl_symbol_mbedtls ABSOLUTE
    mbedtls_x509_crt_parse_der_nocopy        0x080271b5   Thumb Code     0  ibl_symbol_mbedtls ABSOLUTE
    mbedtls_x509_crt_verify                  0x080271d1   Thumb Code     0  ibl_symbol_mbedtls ABSOLUTE
    mbedtls_x509_crt_verify_info             0x08027221   Thumb Code     0  ibl_symbol_mbedtls ABSOLUTE
    mbedtls_x509_crt_verify_restartable      0x08027331   Thumb Code     0  ibl_symbol_mbedtls ABSOLUTE
    mbedtls_x509_crt_verify_with_profile     0x08027445   Thumb Code     0  ibl_symbol_mbedtls ABSOLUTE
    mbedtls_x509_csr_free                    0x08027495   Thumb Code     0  ibl_symbol_mbedtls ABSOLUTE
    mbedtls_x509_csr_info                    0x08027505   Thumb Code     0  ibl_symbol_mbedtls ABSOLUTE
    mbedtls_x509_csr_init                    0x08027755   Thumb Code     0  ibl_symbol_mbedtls ABSOLUTE
    mbedtls_x509_csr_parse                   0x08027769   Thumb Code     0  ibl_symbol_mbedtls ABSOLUTE
    mbedtls_x509_csr_parse_der               0x08027841   Thumb Code     0  ibl_symbol_mbedtls ABSOLUTE
    mbedtls_x509_dn_gets                     0x08027abd   Thumb Code     0  ibl_symbol_mbedtls ABSOLUTE
    mbedtls_x509_get_alg                     0x08027cd1   Thumb Code     0  ibl_symbol_mbedtls ABSOLUTE
    mbedtls_x509_get_alg_null                0x08027d05   Thumb Code     0  ibl_symbol_mbedtls ABSOLUTE
    mbedtls_x509_get_ext                     0x08027d35   Thumb Code     0  ibl_symbol_mbedtls ABSOLUTE
    mbedtls_x509_get_name                    0x08027dd5   Thumb Code     0  ibl_symbol_mbedtls ABSOLUTE
    mbedtls_x509_get_rsassa_pss_params       0x08027e99   Thumb Code     0  ibl_symbol_mbedtls ABSOLUTE
    mbedtls_x509_get_serial                  0x08028135   Thumb Code     0  ibl_symbol_mbedtls ABSOLUTE
    mbedtls_x509_get_sig                     0x080281c9   Thumb Code     0  ibl_symbol_mbedtls ABSOLUTE
    mbedtls_x509_get_sig_alg                 0x08028239   Thumb Code     0  ibl_symbol_mbedtls ABSOLUTE
    mbedtls_x509_get_time                    0x080282f9   Thumb Code     0  ibl_symbol_mbedtls ABSOLUTE
    mbedtls_x509_key_size_helper             0x08028391   Thumb Code     0  ibl_symbol_mbedtls ABSOLUTE
    mbedtls_x509_serial_gets                 0x08028401   Thumb Code     0  ibl_symbol_mbedtls ABSOLUTE
    mbedtls_x509_set_extension               0x08028545   Thumb Code     0  ibl_symbol_mbedtls ABSOLUTE
    mbedtls_x509_sig_alg_gets                0x080285a5   Thumb Code     0  ibl_symbol_mbedtls ABSOLUTE
    mbedtls_x509_string_to_names             0x08028721   Thumb Code     0  ibl_symbol_mbedtls ABSOLUTE
    mbedtls_x509_time_is_future              0x080288d9   Thumb Code     0  ibl_symbol_mbedtls ABSOLUTE
    mbedtls_x509_time_is_past                0x080288e5   Thumb Code     0  ibl_symbol_mbedtls ABSOLUTE
    mbedtls_x509_write_extensions            0x080288f1   Thumb Code     0  ibl_symbol_mbedtls ABSOLUTE
    mbedtls_x509_write_names                 0x08028949   Thumb Code     0  ibl_symbol_mbedtls ABSOLUTE
    mbedtls_x509_write_sig                   0x080289f1   Thumb Code     0  ibl_symbol_mbedtls ABSOLUTE
    mbedtls_x509write_crt_der                0x08028b01   Thumb Code     0  ibl_symbol_mbedtls ABSOLUTE
    mbedtls_x509write_crt_free               0x08029149   Thumb Code     0  ibl_symbol_mbedtls ABSOLUTE
    mbedtls_x509write_crt_init               0x0802917d   Thumb Code     0  ibl_symbol_mbedtls ABSOLUTE
    mbedtls_x509write_crt_pem                0x080291a1   Thumb Code     0  ibl_symbol_mbedtls ABSOLUTE
    mbedtls_x509write_crt_set_authority_key_identifier 0x08029261   Thumb Code     0  ibl_symbol_mbedtls ABSOLUTE
    mbedtls_x509write_crt_set_basic_constraints 0x080293dd   Thumb Code     0  ibl_symbol_mbedtls ABSOLUTE
    mbedtls_x509write_crt_set_extension      0x080294fd   Thumb Code     0  ibl_symbol_mbedtls ABSOLUTE
    mbedtls_x509write_crt_set_issuer_key     0x08029535   Thumb Code     0  ibl_symbol_mbedtls ABSOLUTE
    mbedtls_x509write_crt_set_issuer_name    0x08029545   Thumb Code     0  ibl_symbol_mbedtls ABSOLUTE
    mbedtls_x509write_crt_set_key_usage      0x0802955d   Thumb Code     0  ibl_symbol_mbedtls ABSOLUTE
    mbedtls_x509write_crt_set_md_alg         0x08029611   Thumb Code     0  ibl_symbol_mbedtls ABSOLUTE
    mbedtls_x509write_crt_set_ns_cert_type   0x08029621   Thumb Code     0  ibl_symbol_mbedtls ABSOLUTE
    mbedtls_x509write_crt_set_serial         0x0802968d   Thumb Code     0  ibl_symbol_mbedtls ABSOLUTE
    mbedtls_x509write_crt_set_subject_key    0x080296b9   Thumb Code     0  ibl_symbol_mbedtls ABSOLUTE
    mbedtls_x509write_crt_set_subject_key_identifier 0x080296c9   Thumb Code     0  ibl_symbol_mbedtls ABSOLUTE
    mbedtls_x509write_crt_set_subject_name   0x080297e5   Thumb Code     0  ibl_symbol_mbedtls ABSOLUTE
    mbedtls_x509write_crt_set_validity       0x080297fd   Thumb Code     0  ibl_symbol_mbedtls ABSOLUTE
    mbedtls_x509write_crt_set_version        0x08029861   Thumb Code     0  ibl_symbol_mbedtls ABSOLUTE
    mbedtls_x509write_csr_der                0x08029871   Thumb Code     0  ibl_symbol_mbedtls ABSOLUTE
    mbedtls_x509write_csr_free               0x08029d95   Thumb Code     0  ibl_symbol_mbedtls ABSOLUTE
    mbedtls_x509write_csr_init               0x08029db9   Thumb Code     0  ibl_symbol_mbedtls ABSOLUTE
    mbedtls_x509write_csr_pem                0x08029dcd   Thumb Code     0  ibl_symbol_mbedtls ABSOLUTE
    mbedtls_x509write_csr_set_extension      0x08029e8d   Thumb Code     0  ibl_symbol_mbedtls ABSOLUTE
    mbedtls_x509write_csr_set_key            0x08029ec1   Thumb Code     0  ibl_symbol_mbedtls ABSOLUTE
    mbedtls_x509write_csr_set_key_usage      0x08029ed1   Thumb Code     0  ibl_symbol_mbedtls ABSOLUTE
    mbedtls_x509write_csr_set_md_alg         0x08029f39   Thumb Code     0  ibl_symbol_mbedtls ABSOLUTE
    mbedtls_x509write_csr_set_ns_cert_type   0x08029f49   Thumb Code     0  ibl_symbol_mbedtls ABSOLUTE
    mbedtls_x509write_csr_set_subject_name   0x08029fb1   Thumb Code     0  ibl_symbol_mbedtls ABSOLUTE
    mbedtls_xtea_crypt_cbc                   0x08029fc9   Thumb Code     0  ibl_symbol_mbedtls ABSOLUTE
    mbedtls_xtea_crypt_ecb                   0x0802a0c1   Thumb Code     0  ibl_symbol_mbedtls ABSOLUTE
    mbedtls_xtea_free                        0x0802a209   Thumb Code     0  ibl_symbol_mbedtls ABSOLUTE
    mbedtls_xtea_init                        0x0802a225   Thumb Code     0  ibl_symbol_mbedtls ABSOLUTE
    mbedtls_xtea_setup                       0x0802a239   Thumb Code     0  ibl_symbol_mbedtls ABSOLUTE
    x25519_ge_add                            0x0802ef7d   Thumb Code     0  ibl_symbol_mbedtls ABSOLUTE
    x25519_ge_frombytes_vartime              0x0802f031   Thumb Code     0  ibl_symbol_mbedtls ABSOLUTE
    x25519_ge_p1p1_to_p2                     0x0802f171   Thumb Code     0  ibl_symbol_mbedtls ABSOLUTE
    x25519_ge_p1p1_to_p3                     0x0802f1a9   Thumb Code     0  ibl_symbol_mbedtls ABSOLUTE
    x25519_ge_p3_to_cached                   0x0802f1f1   Thumb Code     0  ibl_symbol_mbedtls ABSOLUTE
    x25519_ge_sub                            0x0802f239   Thumb Code     0  ibl_symbol_mbedtls ABSOLUTE
    x25519_ge_tobytes                        0x0802f2ed   Thumb Code     0  ibl_symbol_mbedtls ABSOLUTE
    x25519_sc_reduce                         0x0802f33d   Thumb Code     0  ibl_symbol_mbedtls ABSOLUTE
    ciphersuite_preference_default           0x08037581   Data           0  ibl_symbol_mbedtls ABSOLUTE
    mbedtls_cipher_definitions               0x08037c89   Data           0  ibl_symbol_mbedtls ABSOLUTE
    mbedtls_ecdsa_info                       0x08037e21   Data           0  ibl_symbol_mbedtls ABSOLUTE
    mbedtls_eckey_info                       0x08037e51   Data           0  ibl_symbol_mbedtls ABSOLUTE
    mbedtls_eckeydh_info                     0x08037e81   Data           0  ibl_symbol_mbedtls ABSOLUTE
    mbedtls_ed25519_info                     0x08037eb1   Data           0  ibl_symbol_mbedtls ABSOLUTE
    mbedtls_md5_info                         0x08037ee1   Data           0  ibl_symbol_mbedtls ABSOLUTE
    mbedtls_rsa_alt_info                     0x08037f11   Data           0  ibl_symbol_mbedtls ABSOLUTE
    mbedtls_rsa_info                         0x08037f41   Data           0  ibl_symbol_mbedtls ABSOLUTE
    mbedtls_sha1_info                        0x08037f71   Data           0  ibl_symbol_mbedtls ABSOLUTE
    mbedtls_sha224_info                      0x08037fa1   Data           0  ibl_symbol_mbedtls ABSOLUTE
    mbedtls_sha256_info                      0x08037fd1   Data           0  ibl_symbol_mbedtls ABSOLUTE
    mbedtls_sha384_info                      0x08038001   Data           0  ibl_symbol_mbedtls ABSOLUTE
    mbedtls_sha512_info                      0x08038031   Data           0  ibl_symbol_mbedtls ABSOLUTE
    mbedtls_x509_crt_profile_next            0x08038071   Data           0  ibl_symbol_mbedtls ABSOLUTE
    mbedtls_x509_crt_profile_suiteb          0x08038081   Data           0  ibl_symbol_mbedtls ABSOLUTE
    __Vectors                                0x08061200   Data           4  startup_gd32f5xx_mbl.o(RESET)
    __Vectors_End                            0x080615cc   Data           0  startup_gd32f5xx_mbl.o(RESET)
    __main                                   0x080615cd   Thumb Code     0  entry.o(.ARM.Collect$$$$00000000)
    _main_stk                                0x080615cd   Thumb Code     0  entry3.o(.ARM.Collect$$$$00000002)
    _main_scatterload                        0x080615d1   Thumb Code     0  entry5.o(.ARM.Collect$$$$00000004)
    __main_after_scatterload                 0x080615d5   Thumb Code     0  entry5.o(.ARM.Collect$$$$00000004)
    _main_clock                              0x080615d5   Thumb Code     0  entry7b.o(.ARM.Collect$$$$00000008)
    _main_cpp_init                           0x080615d5   Thumb Code     0  entry8b.o(.ARM.Collect$$$$0000000A)
    _main_init                               0x080615d5   Thumb Code     0  entry9a.o(.ARM.Collect$$$$0000000B)
    __rt_final_cpp                           0x080615dd   Thumb Code     0  entry10a.o(.ARM.Collect$$$$0000000D)
    __rt_final_exit                          0x080615dd   Thumb Code     0  entry11a.o(.ARM.Collect$$$$0000000F)
    Reset_Handler                            0x080615e1   Thumb Code     8  startup_gd32f5xx_mbl.o(.text)
    ADC_IRQHandler                           0x080615fb   Thumb Code     0  startup_gd32f5xx_mbl.o(.text)
    CAN0_EWMC_IRQHandler                     0x080615fb   Thumb Code     0  startup_gd32f5xx_mbl.o(.text)
    CAN0_RX0_IRQHandler                      0x080615fb   Thumb Code     0  startup_gd32f5xx_mbl.o(.text)
    CAN0_RX1_IRQHandler                      0x080615fb   Thumb Code     0  startup_gd32f5xx_mbl.o(.text)
    CAN0_TX_IRQHandler                       0x080615fb   Thumb Code     0  startup_gd32f5xx_mbl.o(.text)
    CAN1_EWMC_IRQHandler                     0x080615fb   Thumb Code     0  startup_gd32f5xx_mbl.o(.text)
    CAN1_RX0_IRQHandler                      0x080615fb   Thumb Code     0  startup_gd32f5xx_mbl.o(.text)
    CAN1_RX1_IRQHandler                      0x080615fb   Thumb Code     0  startup_gd32f5xx_mbl.o(.text)
    CAN1_TX_IRQHandler                       0x080615fb   Thumb Code     0  startup_gd32f5xx_mbl.o(.text)
    CAU_IRQHandler                           0x080615fb   Thumb Code     0  startup_gd32f5xx_mbl.o(.text)
    DCI_IRQHandler                           0x080615fb   Thumb Code     0  startup_gd32f5xx_mbl.o(.text)
    DMA0_Channel0_IRQHandler                 0x080615fb   Thumb Code     0  startup_gd32f5xx_mbl.o(.text)
    DMA0_Channel1_IRQHandler                 0x080615fb   Thumb Code     0  startup_gd32f5xx_mbl.o(.text)
    DMA0_Channel2_IRQHandler                 0x080615fb   Thumb Code     0  startup_gd32f5xx_mbl.o(.text)
    DMA0_Channel3_IRQHandler                 0x080615fb   Thumb Code     0  startup_gd32f5xx_mbl.o(.text)
    DMA0_Channel4_IRQHandler                 0x080615fb   Thumb Code     0  startup_gd32f5xx_mbl.o(.text)
    DMA0_Channel5_IRQHandler                 0x080615fb   Thumb Code     0  startup_gd32f5xx_mbl.o(.text)
    DMA0_Channel6_IRQHandler                 0x080615fb   Thumb Code     0  startup_gd32f5xx_mbl.o(.text)
    DMA0_Channel7_IRQHandler                 0x080615fb   Thumb Code     0  startup_gd32f5xx_mbl.o(.text)
    DMA1_Channel0_IRQHandler                 0x080615fb   Thumb Code     0  startup_gd32f5xx_mbl.o(.text)
    DMA1_Channel1_IRQHandler                 0x080615fb   Thumb Code     0  startup_gd32f5xx_mbl.o(.text)
    DMA1_Channel2_IRQHandler                 0x080615fb   Thumb Code     0  startup_gd32f5xx_mbl.o(.text)
    DMA1_Channel3_IRQHandler                 0x080615fb   Thumb Code     0  startup_gd32f5xx_mbl.o(.text)
    DMA1_Channel4_IRQHandler                 0x080615fb   Thumb Code     0  startup_gd32f5xx_mbl.o(.text)
    DMA1_Channel5_IRQHandler                 0x080615fb   Thumb Code     0  startup_gd32f5xx_mbl.o(.text)
    DMA1_Channel6_IRQHandler                 0x080615fb   Thumb Code     0  startup_gd32f5xx_mbl.o(.text)
    DMA1_Channel7_IRQHandler                 0x080615fb   Thumb Code     0  startup_gd32f5xx_mbl.o(.text)
    ENET_IRQHandler                          0x080615fb   Thumb Code     0  startup_gd32f5xx_mbl.o(.text)
    ENET_WKUP_IRQHandler                     0x080615fb   Thumb Code     0  startup_gd32f5xx_mbl.o(.text)
    EXMC_IRQHandler                          0x080615fb   Thumb Code     0  startup_gd32f5xx_mbl.o(.text)
    EXTI0_IRQHandler                         0x080615fb   Thumb Code     0  startup_gd32f5xx_mbl.o(.text)
    EXTI10_15_IRQHandler                     0x080615fb   Thumb Code     0  startup_gd32f5xx_mbl.o(.text)
    EXTI1_IRQHandler                         0x080615fb   Thumb Code     0  startup_gd32f5xx_mbl.o(.text)
    EXTI2_IRQHandler                         0x080615fb   Thumb Code     0  startup_gd32f5xx_mbl.o(.text)
    EXTI3_IRQHandler                         0x080615fb   Thumb Code     0  startup_gd32f5xx_mbl.o(.text)
    EXTI4_IRQHandler                         0x080615fb   Thumb Code     0  startup_gd32f5xx_mbl.o(.text)
    EXTI5_9_IRQHandler                       0x080615fb   Thumb Code     0  startup_gd32f5xx_mbl.o(.text)
    FMC_IRQHandler                           0x080615fb   Thumb Code     0  startup_gd32f5xx_mbl.o(.text)
    FPU_IRQHandler                           0x080615fb   Thumb Code     0  startup_gd32f5xx_mbl.o(.text)
    HAU_IRQHandler                           0x080615fb   Thumb Code     0  startup_gd32f5xx_mbl.o(.text)
    I2C0_ER_IRQHandler                       0x080615fb   Thumb Code     0  startup_gd32f5xx_mbl.o(.text)
    I2C0_EV_IRQHandler                       0x080615fb   Thumb Code     0  startup_gd32f5xx_mbl.o(.text)
    I2C1_ER_IRQHandler                       0x080615fb   Thumb Code     0  startup_gd32f5xx_mbl.o(.text)
    I2C1_EV_IRQHandler                       0x080615fb   Thumb Code     0  startup_gd32f5xx_mbl.o(.text)
    I2C2_ER_IRQHandler                       0x080615fb   Thumb Code     0  startup_gd32f5xx_mbl.o(.text)
    I2C2_EV_IRQHandler                       0x080615fb   Thumb Code     0  startup_gd32f5xx_mbl.o(.text)
    I2C3_ER_IRQHandler                       0x080615fb   Thumb Code     0  startup_gd32f5xx_mbl.o(.text)
    I2C3_EV_IRQHandler                       0x080615fb   Thumb Code     0  startup_gd32f5xx_mbl.o(.text)
    I2C3_WKUP_IRQHandler                     0x080615fb   Thumb Code     0  startup_gd32f5xx_mbl.o(.text)
    I2C4_ER_IRQHandler                       0x080615fb   Thumb Code     0  startup_gd32f5xx_mbl.o(.text)
    I2C4_EV_IRQHandler                       0x080615fb   Thumb Code     0  startup_gd32f5xx_mbl.o(.text)
    I2C4_WKUP_IRQHandler                     0x080615fb   Thumb Code     0  startup_gd32f5xx_mbl.o(.text)
    I2C5_ER_IRQHandler                       0x080615fb   Thumb Code     0  startup_gd32f5xx_mbl.o(.text)
    I2C5_EV_IRQHandler                       0x080615fb   Thumb Code     0  startup_gd32f5xx_mbl.o(.text)
    I2C5_WKUP_IRQHandler                     0x080615fb   Thumb Code     0  startup_gd32f5xx_mbl.o(.text)
    IPA_IRQHandler                           0x080615fb   Thumb Code     0  startup_gd32f5xx_mbl.o(.text)
    LVD_IRQHandler                           0x080615fb   Thumb Code     0  startup_gd32f5xx_mbl.o(.text)
    PKCAU_IRQHandler                         0x080615fb   Thumb Code     0  startup_gd32f5xx_mbl.o(.text)
    RCU_CTC_IRQHandler                       0x080615fb   Thumb Code     0  startup_gd32f5xx_mbl.o(.text)
    RTC_Alarm_IRQHandler                     0x080615fb   Thumb Code     0  startup_gd32f5xx_mbl.o(.text)
    RTC_WKUP_IRQHandler                      0x080615fb   Thumb Code     0  startup_gd32f5xx_mbl.o(.text)
    SAI_IRQHandler                           0x080615fb   Thumb Code     0  startup_gd32f5xx_mbl.o(.text)
    SDIO_IRQHandler                          0x080615fb   Thumb Code     0  startup_gd32f5xx_mbl.o(.text)
    SPI0_IRQHandler                          0x080615fb   Thumb Code     0  startup_gd32f5xx_mbl.o(.text)
    SPI1_IRQHandler                          0x080615fb   Thumb Code     0  startup_gd32f5xx_mbl.o(.text)
    SPI2_IRQHandler                          0x080615fb   Thumb Code     0  startup_gd32f5xx_mbl.o(.text)
    SPI3_IRQHandler                          0x080615fb   Thumb Code     0  startup_gd32f5xx_mbl.o(.text)
    SPI4_IRQHandler                          0x080615fb   Thumb Code     0  startup_gd32f5xx_mbl.o(.text)
    SPI5_IRQHandler                          0x080615fb   Thumb Code     0  startup_gd32f5xx_mbl.o(.text)
    SYSCFG_SRAM_ECC_ER_IRQHandler            0x080615fb   Thumb Code     0  startup_gd32f5xx_mbl.o(.text)
    TAMPER_STAMP_IRQHandler                  0x080615fb   Thumb Code     0  startup_gd32f5xx_mbl.o(.text)
    TIMER0_BRK_TIMER8_IRQHandler             0x080615fb   Thumb Code     0  startup_gd32f5xx_mbl.o(.text)
    TIMER0_Channel_IRQHandler                0x080615fb   Thumb Code     0  startup_gd32f5xx_mbl.o(.text)
    TIMER0_TRG_CMT_TIMER10_IRQHandler        0x080615fb   Thumb Code     0  startup_gd32f5xx_mbl.o(.text)
    TIMER0_UP_TIMER9_IRQHandler              0x080615fb   Thumb Code     0  startup_gd32f5xx_mbl.o(.text)
    TIMER1_IRQHandler                        0x080615fb   Thumb Code     0  startup_gd32f5xx_mbl.o(.text)
    TIMER2_IRQHandler                        0x080615fb   Thumb Code     0  startup_gd32f5xx_mbl.o(.text)
    TIMER3_IRQHandler                        0x080615fb   Thumb Code     0  startup_gd32f5xx_mbl.o(.text)
    TIMER4_IRQHandler                        0x080615fb   Thumb Code     0  startup_gd32f5xx_mbl.o(.text)
    TIMER5_DAC_IRQHandler                    0x080615fb   Thumb Code     0  startup_gd32f5xx_mbl.o(.text)
    TIMER6_IRQHandler                        0x080615fb   Thumb Code     0  startup_gd32f5xx_mbl.o(.text)
    TIMER7_BRK_TIMER11_IRQHandler            0x080615fb   Thumb Code     0  startup_gd32f5xx_mbl.o(.text)
    TIMER7_Channel_IRQHandler                0x080615fb   Thumb Code     0  startup_gd32f5xx_mbl.o(.text)
    TIMER7_TRG_CMT_TIMER13_IRQHandler        0x080615fb   Thumb Code     0  startup_gd32f5xx_mbl.o(.text)
    TIMER7_UP_TIMER12_IRQHandler             0x080615fb   Thumb Code     0  startup_gd32f5xx_mbl.o(.text)
    TLI_ER_IRQHandler                        0x080615fb   Thumb Code     0  startup_gd32f5xx_mbl.o(.text)
    TLI_IRQHandler                           0x080615fb   Thumb Code     0  startup_gd32f5xx_mbl.o(.text)
    TRNG_IRQHandler                          0x080615fb   Thumb Code     0  startup_gd32f5xx_mbl.o(.text)
    UART3_IRQHandler                         0x080615fb   Thumb Code     0  startup_gd32f5xx_mbl.o(.text)
    UART4_IRQHandler                         0x080615fb   Thumb Code     0  startup_gd32f5xx_mbl.o(.text)
    UART7_IRQHandler                         0x080615fb   Thumb Code     0  startup_gd32f5xx_mbl.o(.text)
    USART0_IRQHandler                        0x080615fb   Thumb Code     0  startup_gd32f5xx_mbl.o(.text)
    USART1_IRQHandler                        0x080615fb   Thumb Code     0  startup_gd32f5xx_mbl.o(.text)
    USART2_IRQHandler                        0x080615fb   Thumb Code     0  startup_gd32f5xx_mbl.o(.text)
    USART5_IRQHandler                        0x080615fb   Thumb Code     0  startup_gd32f5xx_mbl.o(.text)
    USBFS_IRQHandler                         0x080615fb   Thumb Code     0  startup_gd32f5xx_mbl.o(.text)
    USBFS_WKUP_IRQHandler                    0x080615fb   Thumb Code     0  startup_gd32f5xx_mbl.o(.text)
    USBHS_EP1_In_IRQHandler                  0x080615fb   Thumb Code     0  startup_gd32f5xx_mbl.o(.text)
    USBHS_EP1_Out_IRQHandler                 0x080615fb   Thumb Code     0  startup_gd32f5xx_mbl.o(.text)
    USBHS_IRQHandler                         0x080615fb   Thumb Code     0  startup_gd32f5xx_mbl.o(.text)
    USBHS_WKUP_IRQHandler                    0x080615fb   Thumb Code     0  startup_gd32f5xx_mbl.o(.text)
    WWDGT_IRQHandler                         0x080615fb   Thumb Code     0  startup_gd32f5xx_mbl.o(.text)
    __aeabi_memcpy                           0x08061605   Thumb Code    36  memcpya.o(.text)
    __aeabi_memcpy4                          0x08061605   Thumb Code     0  memcpya.o(.text)
    __aeabi_memcpy8                          0x08061605   Thumb Code     0  memcpya.o(.text)
    __aeabi_memset                           0x08061629   Thumb Code    14  memseta.o(.text)
    __aeabi_memset4                          0x08061629   Thumb Code     0  memseta.o(.text)
    __aeabi_memset8                          0x08061629   Thumb Code     0  memseta.o(.text)
    __aeabi_memclr                           0x08061637   Thumb Code     4  memseta.o(.text)
    __aeabi_memclr4                          0x08061637   Thumb Code     0  memseta.o(.text)
    __aeabi_memclr8                          0x08061637   Thumb Code     0  memseta.o(.text)
    _memset$wrapper                          0x0806163b   Thumb Code    18  memseta.o(.text)
    memcmp                                   0x0806164d   Thumb Code    26  memcmp.o(.text)
    __scatterload                            0x08061669   Thumb Code    38  init.o(.text)
    __scatterload_rt2                        0x08061669   Thumb Code     0  init.o(.text)
    BusFault_Handler                         0x08061699   Thumb Code     4  mbl_gd32f5xx_it.o(.text.BusFault_Handler)
    DebugMon_Handler                         0x0806169d   Thumb Code     4  mbl_gd32f5xx_it.o(.text.DebugMon_Handler)
    HardFault_Handler                        0x080616a1   Thumb Code    20  mbl_gd32f5xx_it.o(.text.HardFault_Handler)
    HardFault_Handler_c                      0x080616b5   Thumb Code   356  mbl_gd32f5xx_it.o(.text.HardFault_Handler_c)
    MemManage_Handler                        0x08061819   Thumb Code     4  mbl_gd32f5xx_it.o(.text.MemManage_Handler)
    NMI_Handler                              0x0806181d   Thumb Code   266  mbl_gd32f5xx_it.o(.text.NMI_Handler)
    PendSV_Handler                           0x08061929   Thumb Code     4  mbl_gd32f5xx_it.o(.text.PendSV_Handler)
    SVC_Handler                              0x0806192d   Thumb Code     4  mbl_gd32f5xx_it.o(.text.SVC_Handler)
    SysTick_Handler                          0x08061985   Thumb Code     8  mbl_gd32f5xx_it.o(.text.SysTick_Handler)
    SystemInit                               0x0806198d   Thumb Code   250  system_gd32f5xx.o(.text.SystemInit)
    UART6_IRQHandler                         0x08061a89   Thumb Code   266  mbl_gd32f5xx_it.o(.text.UART6_IRQHandler)
    UsageFault_Handler                       0x08061b95   Thumb Code     4  mbl_gd32f5xx_it.o(.text.UsageFault_Handler)
    __aeabi_assert                           0x08061bfd   Thumb Code    54  boot_hal.o(.text.__aeabi_assert)
    boot_copy_region                         0x08061dad   Thumb Code   588  loader.o(.text.boot_copy_region)
    boot_enc_decrypt                         0x080620b9   Thumb Code   128  encrypted.o(.text.boot_enc_decrypt)
    boot_enc_drop                            0x08062139   Thumb Code    36  encrypted.o(.text.boot_enc_drop)
    boot_enc_init                            0x0806215d   Thumb Code    36  encrypted.o(.text.boot_enc_init)
    boot_enc_load                            0x080621a1   Thumb Code   234  encrypted.o(.text.boot_enc_load)
    boot_enc_set_key                         0x0806228d   Thumb Code   110  encrypted.o(.text.boot_enc_set_key)
    boot_enc_valid                           0x080622fd   Thumb Code    80  encrypted.o(.text.boot_enc_valid)
    boot_encrypt                             0x0806234d   Thumb Code   212  encrypted.o(.text.boot_encrypt)
    boot_erase_region                        0x08062421   Thumb Code    24  loader.o(.text.boot_erase_region)
    boot_fih_memequal                        0x08062439   Thumb Code    24  bootutil_misc.o(.text.boot_fih_memequal)
    boot_find_status                         0x08062451   Thumb Code   150  bootutil_misc.o(.text.boot_find_status)
    boot_go                                  0x0806250d   Thumb Code    78  loader.o(.text.boot_go)
    boot_magic_compatible_check              0x08062881   Thumb Code    78  bootutil_public.o(.text.boot_magic_compatible_check)
    boot_read_enc_key                        0x08062be1   Thumb Code    54  bootutil_misc.o(.text.boot_read_enc_key)
    boot_read_image_header                   0x08062c71   Thumb Code    82  swap_scratch.o(.text.boot_read_image_header)
    boot_read_image_ok                       0x08062d41   Thumb Code    34  bootutil_public.o(.text.boot_read_image_ok)
    boot_read_swap_size                      0x08062ec9   Thumb Code    36  bootutil_misc.o(.text.boot_read_swap_size)
    boot_read_swap_state                     0x08062eed   Thumb Code   226  bootutil_public.o(.text.boot_read_swap_state)
    boot_read_swap_state_by_id               0x08062fd1   Thumb Code    60  bootutil_public.o(.text.boot_read_swap_state_by_id)
    boot_slots_compatible                    0x0806303d   Thumb Code   544  swap_scratch.o(.text.boot_slots_compatible)
    boot_state_clear                         0x0806325d   Thumb Code    42  loader.o(.text.boot_state_clear)
    boot_status_entries                      0x08063289   Thumb Code    90  bootutil_misc.o(.text.boot_status_entries)
    boot_status_internal_off                 0x080632f5   Thumb Code    40  swap_scratch.o(.text.boot_status_internal_off)
    boot_status_is_reset                     0x0806331d   Thumb Code    58  loader.o(.text.boot_status_is_reset)
    boot_status_off                          0x08063359   Thumb Code   102  bootutil_misc.o(.text.boot_status_off)
    boot_status_reset                        0x080633c1   Thumb Code    62  loader.o(.text.boot_status_reset)
    boot_status_sz                           0x08063401   Thumb Code    18  bootutil_misc.o(.text.boot_status_sz)
    boot_swap_info_off                       0x08063791   Thumb Code    18  bootutil_public.o(.text.boot_swap_info_off)
    boot_swap_type_multi                     0x08063e39   Thumb Code   512  bootutil_public.o(.text.boot_swap_type_multi)
    boot_trailer_sz                          0x0806403d   Thumb Code    28  bootutil_misc.o(.text.boot_trailer_sz)
    boot_write_copy_done                     0x08064315   Thumb Code    92  bootutil_public.o(.text.boot_write_copy_done)
    boot_write_enc_key                       0x08064371   Thumb Code   136  bootutil_misc.o(.text.boot_write_enc_key)
    boot_write_image_ok                      0x080643f9   Thumb Code    92  bootutil_public.o(.text.boot_write_image_ok)
    boot_write_magic                         0x08064455   Thumb Code   194  bootutil_public.o(.text.boot_write_magic)
    boot_write_status                        0x08064519   Thumb Code   168  loader.o(.text.boot_write_status)
    boot_write_swap_info                     0x080645c1   Thumb Code   206  bootutil_public.o(.text.boot_write_swap_info)
    boot_write_swap_size                     0x08064691   Thumb Code    96  bootutil_misc.o(.text.boot_write_swap_size)
    boot_write_trailer                       0x08064721   Thumb Code   138  bootutil_public.o(.text.boot_write_trailer)
    boot_write_trailer_flag                  0x080647ad   Thumb Code    38  bootutil_public.o(.text.boot_write_trailer_flag)
    bootutil_buffer_is_erased                0x08064841   Thumb Code   110  bootutil_public.o(.text.bootutil_buffer_is_erased)
    bootutil_img_validate                    0x08064b39   Thumb Code   644  image_validate.o(.text.bootutil_img_validate)
    bootutil_max_image_size                  0x08064dbd   Thumb Code    16  bootutil_misc.o(.text.bootutil_max_image_size)
    bootutil_tlv_iter_begin                  0x08064fd1   Thumb Code   274  tlv.o(.text.bootutil_tlv_iter_begin)
    bootutil_tlv_iter_next                   0x080650e5   Thumb Code   258  tlv.o(.text.bootutil_tlv_iter_next)
    bootutil_verify_sig                      0x080651e9   Thumb Code   126  image_rsa.o(.text.bootutil_verify_sig)
    context_boot_go                          0x0806539d   Thumb Code   900  loader.o(.text.context_boot_go)
    delay_1ms                                0x08065721   Thumb Code    38  mbl_systick.o(.text.delay_1ms)
    delay_decrement                          0x08065749   Thumb Code    32  mbl_systick.o(.text.delay_decrement)
    flash_area_align                         0x08065819   Thumb Code    10  flash_map.o(.text.flash_area_align)
    flash_area_close                         0x08065825   Thumb Code     8  flash_map.o(.text.flash_area_close)
    flash_area_erase                         0x0806582d   Thumb Code    40  flash_map.o(.text.flash_area_erase)
    flash_area_erased_val                    0x08065855   Thumb Code    10  flash_map.o(.text.flash_area_erased_val)
    flash_area_get_sectors                   0x080658d9   Thumb Code   266  flash_map.o(.text.flash_area_get_sectors)
    flash_area_id_from_multi_image_slot      0x08065a15   Thumb Code    74  flash_map.o(.text.flash_area_id_from_multi_image_slot)
    flash_area_id_to_multi_image_slot        0x08065a61   Thumb Code    64  flash_map.o(.text.flash_area_id_to_multi_image_slot)
    flash_area_open                          0x08065aa1   Thumb Code   112  flash_map.o(.text.flash_area_open)
    flash_area_read                          0x08065b11   Thumb Code    44  flash_map.o(.text.flash_area_read)
    flash_area_write                         0x08065b3d   Thumb Code    44  flash_map.o(.text.flash_area_write)
    flash_device_base                        0x08065b69   Thumb Code    82  flash_map.o(.text.flash_device_base)
    main                                     0x08065c1d   Thumb Code   558  mbl.o(.text.main)
    mbl_get_rotpk                            0x08065e4d   Thumb Code    34  keys.o(.text.mbl_get_rotpk)
    swap_erase_trailer_sectors               0x08065e71   Thumb Code   266  swap_misc.o(.text.swap_erase_trailer_sectors)
    swap_read_status                         0x08065f7d   Thumb Code   224  swap_misc.o(.text.swap_read_status)
    swap_read_status_bytes                   0x0806605d   Thumb Code   296  swap_scratch.o(.text.swap_read_status_bytes)
    swap_run                                 0x08066185   Thumb Code   248  swap_scratch.o(.text.swap_run)
    swap_set_copy_done                       0x0806627d   Thumb Code    64  swap_misc.o(.text.swap_set_copy_done)
    swap_set_image_ok                        0x080662bd   Thumb Code   102  swap_misc.o(.text.swap_set_image_ok)
    swap_status_init                         0x08066325   Thumb Code   384  swap_misc.o(.text.swap_status_init)
    swap_status_source                       0x080664a5   Thumb Code   612  swap_scratch.o(.text.swap_status_source)
    syscfg_interrupt_flag_get                0x08066709   Thumb Code    40  gd32f5xx_syscfg.o(.text.syscfg_interrupt_flag_get)
    systick_config                           0x08066899   Thumb Code    50  mbl_systick.o(.text.systick_config)
    usart_data_receive                       0x080668cd   Thumb Code    16  gd32f5xx_usart.o(.text.usart_data_receive)
    usart_interrupt_disable                  0x080668dd   Thumb Code    34  gd32f5xx_usart.o(.text.usart_interrupt_disable)
    usart_interrupt_enable                   0x08066901   Thumb Code    34  gd32f5xx_usart.o(.text.usart_interrupt_enable)
    usart_interrupt_flag_get                 0x08066925   Thumb Code    88  gd32f5xx_usart.o(.text.usart_interrupt_flag_get)
    ymodem_packet_init                       0x0806697d   Thumb Code   120  mbl.o(.text.ymodem_packet_init)
    __scatterload_copy                       0x080669f5   Thumb Code    14  handlers.o(i.__scatterload_copy)
    __scatterload_null                       0x08066a03   Thumb Code     2  handlers.o(i.__scatterload_null)
    __scatterload_zeroinit                   0x08066a05   Thumb Code    14  handlers.o(i.__scatterload_zeroinit)
    boot_img_magic                           0x08066a12   Data          16  bootutil_public.o(.rodata.boot_img_magic)
    bootutil_enc_key                         0x08066a44   Data           8  keys.o(.rodata.bootutil_enc_key)
    bootutil_key_cnt                         0x08066a4c   Data           4  keys.o(.rodata.bootutil_key_cnt)
    Region$$Table$$Base                      0x08067620   Number         0  anon$$obj.o(Region$$Table)
    Region$$Table$$Limit                     0x08067650   Number         0  anon$$obj.o(Region$$Table)
    FIH_BOOT_HOOK_REGULAR                    0x20001a00   Data           4  fault_injection_hardening.o(.data.FIH_BOOT_HOOK_REGULAR)
    FIH_FAILURE                              0x20001a04   Data           4  fault_injection_hardening.o(.data.FIH_FAILURE)
    FIH_NO_BOOTABLE_IMAGE                    0x20001a08   Data           4  fault_injection_hardening.o(.data.FIH_NO_BOOTABLE_IMAGE)
    SystemCoreClock                          0x20001a0c   Data           4  system_gd32f5xx.o(.data.SystemCoreClock)
    bootutil_keys                            0x20001a10   Data           8  keys.o(.data.bootutil_keys)
    enc_priv_key                             0x20001a18   Data        1191  keys.o(.data.enc_priv_key)
    p_ibl_api                                0x20001ec4   Data           4  mbl.o(.data.p_ibl_api)
    FIH_SUCCESS                              0x20001ec8   Data           4  fault_injection_hardening.o(.bss.FIH_SUCCESS)
    boot_status_fails                        0x2000248c   Data           4  swap_scratch.o(.bss.boot_status_fails)
    rsa_pub_key_len                          0x20005498   Data           4  keys.o(.bss.rsa_pub_key_len)
    ymodem_packet                            0x2000549c   Data        1092  mbl.o(.bss.ymodem_packet)
    Image$$MBL_BUF$$ZI$$Base                 0x200058e0   Number         0  anon$$obj.o ABSOLUTE
    Image$$ARM_LIB_STACKHEAP$$ZI$$Base       0x200088e0   Number         0  anon$$obj.o ABSOLUTE
    Image$$ARM_LIB_STACKHEAP$$ZI$$Limit      0x2000c8e0   Number         0  anon$$obj.o ABSOLUTE



==============================================================================

Memory Map of the image

  Image Entry point : 0x080615e1

  Load Region LR_CODE_1 (Base: 0x08061200, Size: 0x00006920, Max: 0x00006e40, ABSOLUTE)

    Execution Region MBL_CODE (Exec base: 0x08061200, Load base: 0x08061200, Size: 0x00006450, Max: 0xffffffff, ABSOLUTE)

    Exec Addr    Load Addr    Size         Type   Attr      Idx    E Section Name        Object

    0x08061200   0x08061200   0x000003cc   Data   RO          539    RESET               startup_gd32f5xx_mbl.o
    0x080615cc   0x080615cc   0x00000000   Code   RO         1025  * .ARM.Collect$$$$00000000  mc_w.l(entry.o)
    0x080615cc   0x080615cc   0x00000004   Code   RO         1064    .ARM.Collect$$$$00000002  mc_w.l(entry3.o)
    0x080615d0   0x080615d0   0x00000004   Code   RO         1067    .ARM.Collect$$$$00000004  mc_w.l(entry5.o)
    0x080615d4   0x080615d4   0x00000000   Code   RO         1069    .ARM.Collect$$$$00000008  mc_w.l(entry7b.o)
    0x080615d4   0x080615d4   0x00000000   Code   RO         1071    .ARM.Collect$$$$0000000A  mc_w.l(entry8b.o)
    0x080615d4   0x080615d4   0x00000008   Code   RO         1072    .ARM.Collect$$$$0000000B  mc_w.l(entry9a.o)
    0x080615dc   0x080615dc   0x00000000   Code   RO         1074    .ARM.Collect$$$$0000000D  mc_w.l(entry10a.o)
    0x080615dc   0x080615dc   0x00000000   Code   RO         1076    .ARM.Collect$$$$0000000F  mc_w.l(entry11a.o)
    0x080615dc   0x080615dc   0x00000004   Code   RO         1065    .ARM.Collect$$$$00002713  mc_w.l(entry3.o)
    0x080615e0   0x080615e0   0x00000024   Code   RO          540  * .text               startup_gd32f5xx_mbl.o
    0x08061604   0x08061604   0x00000024   Code   RO         1028    .text               mc_w.l(memcpya.o)
    0x08061628   0x08061628   0x00000024   Code   RO         1030    .text               mc_w.l(memseta.o)
    0x0806164c   0x0806164c   0x0000001a   Code   RO         1032    .text               mc_w.l(memcmp.o)
    0x08061666   0x08061666   0x00000002   PAD
    0x08061668   0x08061668   0x00000030   Code   RO         1080    .text               mc_w.l(init.o)
    0x08061698   0x08061698   0x00000004   Code   RO           33    .text.BusFault_Handler  mbl_gd32f5xx_it.o
    0x0806169c   0x0806169c   0x00000004   Code   RO           39    .text.DebugMon_Handler  mbl_gd32f5xx_it.o
    0x080616a0   0x080616a0   0x00000014   Code   RO           29    .text.HardFault_Handler  mbl_gd32f5xx_it.o
    0x080616b4   0x080616b4   0x00000164   Code   RO           27    .text.HardFault_Handler_c  mbl_gd32f5xx_it.o
    0x08061818   0x08061818   0x00000004   Code   RO           31    .text.MemManage_Handler  mbl_gd32f5xx_it.o
    0x0806181c   0x0806181c   0x0000010a   Code   RO           25    .text.NMI_Handler   mbl_gd32f5xx_it.o
    0x08061926   0x08061926   0x00000002   PAD
    0x08061928   0x08061928   0x00000004   Code   RO           41    .text.PendSV_Handler  mbl_gd32f5xx_it.o
    0x0806192c   0x0806192c   0x00000004   Code   RO           37    .text.SVC_Handler   mbl_gd32f5xx_it.o
    0x08061930   0x08061930   0x00000052   Code   RO           58    .text.SysTick_Config  mbl_systick.o
    0x08061982   0x08061982   0x00000002   PAD
    0x08061984   0x08061984   0x00000008   Code   RO           43    .text.SysTick_Handler  mbl_gd32f5xx_it.o
    0x0806198c   0x0806198c   0x000000fa   Code   RO          547    .text.SystemInit    system_gd32f5xx.o
    0x08061a86   0x08061a86   0x00000002   PAD
    0x08061a88   0x08061a88   0x0000010a   Code   RO           45    .text.UART6_IRQHandler  mbl_gd32f5xx_it.o
    0x08061b92   0x08061b92   0x00000002   PAD
    0x08061b94   0x08061b94   0x00000004   Code   RO           35    .text.UsageFault_Handler  mbl_gd32f5xx_it.o
    0x08061b98   0x08061b98   0x0000003a   Code   RO           60    .text.__NVIC_SetPriority  mbl_systick.o
    0x08061bd2   0x08061bd2   0x00000002   PAD
    0x08061bd4   0x08061bd4   0x00000026   Code   RO            8    .text.__NVIC_SystemReset  mbl.o
    0x08061bfa   0x08061bfa   0x00000002   PAD
    0x08061bfc   0x08061bfc   0x00000036   Code   RO           74    .text.__aeabi_assert  boot_hal.o
    0x08061c32   0x08061c32   0x00000002   PAD
    0x08061c34   0x08061c34   0x0000000e   Code   RO          389    .text.boot_add_shared_data  loader.o
    0x08061c42   0x08061c42   0x00000002   PAD
    0x08061c44   0x08061c44   0x0000006a   Code   RO          423    .text.boot_check_header_erased  loader.o
    0x08061cae   0x08061cae   0x00000002   PAD
    0x08061cb0   0x08061cb0   0x000000e8   Code   RO          411    .text.boot_complete_partial_swap  loader.o
    0x08061d98   0x08061d98   0x00000012   Code   RO          185    .text.boot_copy_done_off  bootutil_public.o
    0x08061daa   0x08061daa   0x00000002   PAD
    0x08061dac   0x08061dac   0x0000024c   Code   RO          369    .text.boot_copy_region  loader.o
    0x08061ff8   0x08061ff8   0x00000062   Code   RO          505    .text.boot_copy_sz  swap_scratch.o
    0x0806205a   0x0806205a   0x00000002   PAD
    0x0806205c   0x0806205c   0x0000005a   Code   RO          429    .text.boot_data_is_set_to  loader.o
    0x080620b6   0x080620b6   0x00000002   PAD
    0x080620b8   0x080620b8   0x00000080   Code   RO          286    .text.boot_enc_decrypt  encrypted.o
    0x08062138   0x08062138   0x00000024   Code   RO          278    .text.boot_enc_drop  encrypted.o
    0x0806215c   0x0806215c   0x00000024   Code   RO          274    .text.boot_enc_init  encrypted.o
    0x08062180   0x08062180   0x0000001e   Code   RO          164    .text.boot_enc_key_off  bootutil_misc.o
    0x0806219e   0x0806219e   0x00000002   PAD
    0x080621a0   0x080621a0   0x000000ea   Code   RO          296    .text.boot_enc_load  encrypted.o
    0x0806228a   0x0806228a   0x00000002   PAD
    0x0806228c   0x0806228c   0x0000006e   Code   RO          282    .text.boot_enc_set_key  encrypted.o
    0x080622fa   0x080622fa   0x00000002   PAD
    0x080622fc   0x080622fc   0x00000050   Code   RO          300    .text.boot_enc_valid  encrypted.o
    0x0806234c   0x0806234c   0x000000d4   Code   RO          302    .text.boot_encrypt  encrypted.o
    0x08062420   0x08062420   0x00000018   Code   RO          367    .text.boot_erase_region  loader.o
    0x08062438   0x08062438   0x00000018   Code   RO          132    .text.boot_fih_memequal  bootutil_misc.o
    0x08062450   0x08062450   0x00000096   Code   RO          152    .text.boot_find_status  bootutil_misc.o
    0x080624e6   0x080624e6   0x00000002   PAD
    0x080624e8   0x080624e8   0x00000022   Code   RO          251    .text.boot_flag_decode  bootutil_public.o
    0x0806250a   0x0806250a   0x00000002   PAD
    0x0806250c   0x0806250c   0x0000004e   Code   RO          405    .text.boot_go       loader.o
    0x0806255a   0x0806255a   0x00000002   PAD
    0x0806255c   0x0806255c   0x000000f8   Code   RO          425    .text.boot_image_check  loader.o
    0x08062654   0x08062654   0x00000016   Code   RO          215    .text.boot_image_ok_off  bootutil_public.o
    0x0806266a   0x0806266a   0x00000002   PAD
    0x0806266c   0x0806266c   0x00000014   Code   RO          373    .text.boot_img_hdr  loader.o
    0x08062680   0x08062680   0x00000016   Code   RO          460    .text.boot_img_num_sectors  swap_misc.o
    0x08062696   0x08062696   0x00000002   PAD
    0x08062698   0x08062698   0x00000016   Code   RO          495    .text.boot_img_num_sectors  swap_scratch.o
    0x080626ae   0x080626ae   0x00000002   PAD
    0x080626b0   0x080626b0   0x0000003e   Code   RO          464    .text.boot_img_sector_off  swap_misc.o
    0x080626ee   0x080626ee   0x00000002   PAD
    0x080626f0   0x080626f0   0x0000003e   Code   RO          515    .text.boot_img_sector_off  swap_scratch.o
    0x0806272e   0x0806272e   0x00000002   PAD
    0x08062730   0x08062730   0x00000024   Code   RO          462    .text.boot_img_sector_size  swap_misc.o
    0x08062754   0x08062754   0x00000024   Code   RO          499    .text.boot_img_sector_size  swap_scratch.o
    0x08062778   0x08062778   0x0000001c   Code   RO          403    .text.boot_img_slot_off  loader.o
    0x08062794   0x08062794   0x00000084   Code   RO          435    .text.boot_initialize_area  loader.o
    0x08062818   0x08062818   0x00000066   Code   RO          427    .text.boot_is_header_valid  loader.o
    0x0806287e   0x0806287e   0x00000002   PAD
    0x08062880   0x08062880   0x0000004e   Code   RO          187    .text.boot_magic_compatible_check  bootutil_public.o
    0x080628ce   0x080628ce   0x00000002   PAD
    0x080628d0   0x080628d0   0x0000002c   Code   RO          156    .text.boot_magic_decode  bootutil_misc.o
    0x080628fc   0x080628fc   0x0000002c   Code   RO          195    .text.boot_magic_decode  bootutil_public.o
    0x08062928   0x08062928   0x00000012   Code   RO          154    .text.boot_magic_off  bootutil_misc.o
    0x0806293a   0x0806293a   0x00000002   PAD
    0x0806293c   0x0806293c   0x00000012   Code   RO          193    .text.boot_magic_off  bootutil_public.o
    0x0806294e   0x0806294e   0x00000002   PAD
    0x08062950   0x08062950   0x000000ac   Code   RO          381    .text.boot_perform_update  loader.o
    0x080629fc   0x080629fc   0x000001c0   Code   RO          377    .text.boot_prepare_image_for_update  loader.o
    0x08062bbc   0x08062bbc   0x00000022   Code   RO          197    .text.boot_read_copy_done  bootutil_public.o
    0x08062bde   0x08062bde   0x00000002   PAD
    0x08062be0   0x08062be0   0x00000036   Code   RO          162    .text.boot_read_enc_key  bootutil_misc.o
    0x08062c16   0x08062c16   0x00000002   PAD
    0x08062c18   0x08062c18   0x00000058   Code   RO          223    .text.boot_read_flag  bootutil_public.o
    0x08062c70   0x08062c70   0x00000052   Code   RO          487    .text.boot_read_image_header  swap_scratch.o
    0x08062cc2   0x08062cc2   0x00000002   PAD
    0x08062cc4   0x08062cc4   0x0000007c   Code   RO          383    .text.boot_read_image_headers  loader.o
    0x08062d40   0x08062d40   0x00000022   Code   RO          199    .text.boot_read_image_ok  bootutil_public.o
    0x08062d62   0x08062d62   0x00000002   PAD
    0x08062d64   0x08062d64   0x000000ee   Code   RO          417    .text.boot_read_image_size  loader.o
    0x08062e52   0x08062e52   0x00000002   PAD
    0x08062e54   0x08062e54   0x00000074   Code   RO          399    .text.boot_read_sectors  loader.o
    0x08062ec8   0x08062ec8   0x00000024   Code   RO          158    .text.boot_read_swap_size  bootutil_misc.o
    0x08062eec   0x08062eec   0x000000e2   Code   RO          191    .text.boot_read_swap_state  bootutil_public.o
    0x08062fce   0x08062fce   0x00000002   PAD
    0x08062fd0   0x08062fd0   0x0000003c   Code   RO          201    .text.boot_read_swap_state_by_id  bootutil_public.o
    0x0806300c   0x0806300c   0x00000012   Code   RO          497    .text.boot_scratch_area_size  swap_scratch.o
    0x0806301e   0x0806301e   0x00000002   PAD
    0x08063020   0x08063020   0x0000001c   Code   RO          148    .text.boot_scratch_trailer_sz  bootutil_misc.o
    0x0806303c   0x0806303c   0x00000220   Code   RO          493    .text.boot_slots_compatible  swap_scratch.o
    0x0806325c   0x0806325c   0x0000002a   Code   RO          407    .text.boot_state_clear  loader.o
    0x08063286   0x08063286   0x00000002   PAD
    0x08063288   0x08063288   0x0000005a   Code   RO          142    .text.boot_status_entries  bootutil_misc.o
    0x080632e2   0x080632e2   0x00000002   PAD
    0x080632e4   0x080632e4   0x0000000e   Code   RO          136    .text.boot_status_entry_sz  bootutil_misc.o
    0x080632f2   0x080632f2   0x00000002   PAD
    0x080632f4   0x080632f4   0x00000028   Code   RO          491    .text.boot_status_internal_off  swap_scratch.o
    0x0806331c   0x0806331c   0x0000003a   Code   RO          363    .text.boot_status_is_reset  loader.o
    0x08063356   0x08063356   0x00000002   PAD
    0x08063358   0x08063358   0x00000066   Code   RO          146    .text.boot_status_off  bootutil_misc.o
    0x080633be   0x080633be   0x00000002   PAD
    0x080633c0   0x080633c0   0x0000003e   Code   RO          361    .text.boot_status_reset  loader.o
    0x080633fe   0x080633fe   0x00000002   PAD
    0x08063400   0x08063400   0x00000012   Code   RO          134    .text.boot_status_sz  bootutil_misc.o
    0x08063412   0x08063412   0x00000002   PAD
    0x08063414   0x08063414   0x0000037c   Code   RO          415    .text.boot_swap_image  loader.o
    0x08063790   0x08063790   0x00000012   Code   RO          183    .text.boot_swap_info_off  bootutil_public.o
    0x080637a2   0x080637a2   0x00000002   PAD
    0x080637a4   0x080637a4   0x0000067e   Code   RO          507    .text.boot_swap_sectors  swap_scratch.o
    0x08063e22   0x08063e22   0x00000002   PAD
    0x08063e24   0x08063e24   0x00000012   Code   RO          160    .text.boot_swap_size_off  bootutil_misc.o
    0x08063e36   0x08063e36   0x00000002   PAD
    0x08063e38   0x08063e38   0x00000200   Code   RO          227    .text.boot_swap_type_multi  bootutil_public.o
    0x08064038   0x08064038   0x00000004   Code   RO          140    .text.boot_trailer_info_sz  bootutil_misc.o
    0x0806403c   0x0806403c   0x0000001c   Code   RO          138    .text.boot_trailer_sz  bootutil_misc.o
    0x08064058   0x08064058   0x00000036   Code   RO          431    .text.boot_u32_safe_add  loader.o
    0x0806408e   0x0806408e   0x00000002   PAD
    0x08064090   0x08064090   0x0000000a   Code   RO          387    .text.boot_update_hw_rollback_protection  loader.o
    0x0806409a   0x0806409a   0x00000002   PAD
    0x0806409c   0x0806409c   0x00000154   Code   RO          385    .text.boot_validate_slot  loader.o
    0x080641f0   0x080641f0   0x00000092   Code   RO          413    .text.boot_validated_swap_type  loader.o
    0x08064282   0x08064282   0x00000002   PAD
    0x08064284   0x08064284   0x00000090   Code   RO          419    .text.boot_version_cmp  loader.o
    0x08064314   0x08064314   0x0000005c   Code   RO          229    .text.boot_write_copy_done  bootutil_public.o
    0x08064370   0x08064370   0x00000088   Code   RO          170    .text.boot_write_enc_key  bootutil_misc.o
    0x080643f8   0x080643f8   0x0000005c   Code   RO          213    .text.boot_write_image_ok  bootutil_public.o
    0x08064454   0x08064454   0x000000c2   Code   RO          203    .text.boot_write_magic  bootutil_public.o
    0x08064516   0x08064516   0x00000002   PAD
    0x08064518   0x08064518   0x000000a8   Code   RO          365    .text.boot_write_status  loader.o
    0x080645c0   0x080645c0   0x000000ce   Code   RO          225    .text.boot_write_swap_info  bootutil_public.o
    0x0806468e   0x0806468e   0x00000002   PAD
    0x08064690   0x08064690   0x00000060   Code   RO          166    .text.boot_write_swap_size  bootutil_misc.o
    0x080646f0   0x080646f0   0x00000030   Code   RO          437    .text.boot_write_sz  loader.o
    0x08064720   0x08064720   0x0000008a   Code   RO          209    .text.boot_write_trailer  bootutil_public.o
    0x080647aa   0x080647aa   0x00000002   PAD
    0x080647ac   0x080647ac   0x00000026   Code   RO          211    .text.boot_write_trailer_flag  bootutil_public.o
    0x080647d2   0x080647d2   0x00000002   PAD
    0x080647d4   0x080647d4   0x00000008   Code   RO          280    .text.bootutil_aes_ctr_drop  encrypted.o
    0x080647dc   0x080647dc   0x0000003a   Code   RO          304    .text.bootutil_aes_ctr_encrypt  encrypted.o
    0x08064816   0x08064816   0x00000002   PAD
    0x08064818   0x08064818   0x00000010   Code   RO          276    .text.bootutil_aes_ctr_init  encrypted.o
    0x08064828   0x08064828   0x00000016   Code   RO          284    .text.bootutil_aes_ctr_set_key  encrypted.o
    0x0806483e   0x0806483e   0x00000002   PAD
    0x08064840   0x08064840   0x0000006e   Code   RO          189    .text.bootutil_buffer_is_erased  bootutil_public.o
    0x080648ae   0x080648ae   0x00000002   PAD
    0x080648b0   0x080648b0   0x0000009e   Code   RO          342    .text.bootutil_find_key  image_validate.o
    0x0806494e   0x0806494e   0x00000002   PAD
    0x08064950   0x08064950   0x000001e8   Code   RO          340    .text.bootutil_img_hash  image_validate.o
    0x08064b38   0x08064b38   0x00000284   Code   RO          338    .text.bootutil_img_validate  image_validate.o
    0x08064dbc   0x08064dbc   0x00000010   Code   RO          172    .text.bootutil_max_image_size  bootutil_misc.o
    0x08064dcc   0x08064dcc   0x00000010   Code   RO          292    .text.bootutil_rsa_drop  encrypted.o
    0x08064ddc   0x08064ddc   0x00000014   Code   RO          288    .text.bootutil_rsa_init  encrypted.o
    0x08064df0   0x08064df0   0x00000048   Code   RO          294    .text.bootutil_rsa_oaep_decrypt  encrypted.o
    0x08064e38   0x08064e38   0x00000148   Code   RO          290    .text.bootutil_rsa_parse_private_key  encrypted.o
    0x08064f80   0x08064f80   0x0000000a   Code   RO          350    .text.bootutil_sha_drop  image_validate.o
    0x08064f8a   0x08064f8a   0x00000002   PAD
    0x08064f8c   0x08064f8c   0x00000014   Code   RO          352    .text.bootutil_sha_finish  image_validate.o
    0x08064fa0   0x08064fa0   0x00000018   Code   RO          346    .text.bootutil_sha_init  image_validate.o
    0x08064fb8   0x08064fb8   0x00000018   Code   RO          348    .text.bootutil_sha_update  image_validate.o
    0x08064fd0   0x08064fd0   0x00000112   Code   RO          529    .text.bootutil_tlv_iter_begin  tlv.o
    0x080650e2   0x080650e2   0x00000002   PAD
    0x080650e4   0x080650e4   0x00000102   Code   RO          531    .text.bootutil_tlv_iter_next  tlv.o
    0x080651e6   0x080651e6   0x00000002   PAD
    0x080651e8   0x080651e8   0x0000007e   Code   RO          328    .text.bootutil_verify_sig  image_rsa.o
    0x08065266   0x08065266   0x00000002   PAD
    0x08065268   0x08065268   0x000000f2   Code   RO          379    .text.check_downgrade_prevention  loader.o
    0x0806535a   0x0806535a   0x00000002   PAD
    0x0806535c   0x0806535c   0x0000003e   Code   RO          395    .text.close_all_flash_areas  loader.o
    0x0806539a   0x0806539a   0x00000002   PAD
    0x0806539c   0x0806539c   0x00000384   Code   RO          375    .text.context_boot_go  loader.o
    0x08065720   0x08065720   0x00000026   Code   RO           62    .text.delay_1ms     mbl_systick.o
    0x08065746   0x08065746   0x00000002   PAD
    0x08065748   0x08065748   0x00000020   Code   RO           64    .text.delay_decrement  mbl_systick.o
    0x08065768   0x08065768   0x00000072   Code   RO           10    .text.do_boot       mbl.o
    0x080657da   0x080657da   0x00000002   PAD
    0x080657dc   0x080657dc   0x0000003c   Code   RO          391    .text.fill_rsp      loader.o
    0x08065818   0x08065818   0x0000000a   Code   RO           95    .text.flash_area_align  flash_map.o
    0x08065822   0x08065822   0x00000002   PAD
    0x08065824   0x08065824   0x00000008   Code   RO           87    .text.flash_area_close  flash_map.o
    0x0806582c   0x0806582c   0x00000028   Code   RO           93    .text.flash_area_erase  flash_map.o
    0x08065854   0x08065854   0x0000000a   Code   RO           97    .text.flash_area_erased_val  flash_map.o
    0x0806585e   0x0806585e   0x00000002   PAD
    0x08065860   0x08065860   0x0000000c   Code   RO          433    .text.flash_area_get_device_id  loader.o
    0x0806586c   0x0806586c   0x0000000c   Code   RO          144    .text.flash_area_get_id  bootutil_misc.o
    0x08065878   0x08065878   0x0000000c   Code   RO          205    .text.flash_area_get_id  bootutil_public.o
    0x08065884   0x08065884   0x0000000c   Code   RO          298    .text.flash_area_get_id  encrypted.o
    0x08065890   0x08065890   0x0000000c   Code   RO          344    .text.flash_area_get_id  image_validate.o
    0x0806589c   0x0806589c   0x0000000c   Code   RO          371    .text.flash_area_get_id  loader.o
    0x080658a8   0x080658a8   0x0000000c   Code   RO          458    .text.flash_area_get_id  swap_misc.o
    0x080658b4   0x080658b4   0x0000000c   Code   RO          168    .text.flash_area_get_off  bootutil_misc.o
    0x080658c0   0x080658c0   0x0000000c   Code   RO          207    .text.flash_area_get_off  bootutil_public.o
    0x080658cc   0x080658cc   0x0000000c   Code   RO          439    .text.flash_area_get_off  loader.o
    0x080658d8   0x080658d8   0x0000010a   Code   RO          105    .text.flash_area_get_sectors  flash_map.o
    0x080659e2   0x080659e2   0x00000002   PAD
    0x080659e4   0x080659e4   0x0000000c   Code   RO          150    .text.flash_area_get_size  bootutil_misc.o
    0x080659f0   0x080659f0   0x0000000c   Code   RO          235    .text.flash_area_get_size  bootutil_public.o
    0x080659fc   0x080659fc   0x0000000c   Code   RO          421    .text.flash_area_get_size  loader.o
    0x08065a08   0x08065a08   0x0000000c   Code   RO          511    .text.flash_area_get_size  swap_scratch.o
    0x08065a14   0x08065a14   0x0000004a   Code   RO          103    .text.flash_area_id_from_multi_image_slot  flash_map.o
    0x08065a5e   0x08065a5e   0x00000002   PAD
    0x08065a60   0x08065a60   0x00000040   Code   RO           99    .text.flash_area_id_to_multi_image_slot  flash_map.o
    0x08065aa0   0x08065aa0   0x00000070   Code   RO           85    .text.flash_area_open  flash_map.o
    0x08065b10   0x08065b10   0x0000002c   Code   RO           89    .text.flash_area_read  flash_map.o
    0x08065b3c   0x08065b3c   0x0000002c   Code   RO           91    .text.flash_area_write  flash_map.o
    0x08065b68   0x08065b68   0x00000052   Code   RO           83    .text.flash_device_base  flash_map.o
    0x08065bba   0x08065bba   0x00000002   PAD
    0x08065bbc   0x08065bbc   0x0000000c   Code   RO          476    .text.flash_sector_get_off  swap_misc.o
    0x08065bc8   0x08065bc8   0x0000000c   Code   RO          517    .text.flash_sector_get_off  swap_scratch.o
    0x08065bd4   0x08065bd4   0x0000000c   Code   RO          474    .text.flash_sector_get_size  swap_misc.o
    0x08065be0   0x08065be0   0x0000000c   Code   RO          513    .text.flash_sector_get_size  swap_scratch.o
    0x08065bec   0x08065bec   0x00000030   Code   RO          393    .text.like_mbedtls_zeroize  loader.o
    0x08065c1c   0x08065c1c   0x0000022e   Code   RO            6    .text.main          mbl.o
    0x08065e4a   0x08065e4a   0x00000002   PAD
    0x08065e4c   0x08065e4c   0x00000022   Code   RO          116    .text.mbl_get_rotpk  keys.o
    0x08065e6e   0x08065e6e   0x00000002   PAD
    0x08065e70   0x08065e70   0x0000010a   Code   RO          456    .text.swap_erase_trailer_sectors  swap_misc.o
    0x08065f7a   0x08065f7a   0x00000002   PAD
    0x08065f7c   0x08065f7c   0x000000e0   Code   RO          468    .text.swap_read_status  swap_misc.o
    0x0806605c   0x0806605c   0x00000128   Code   RO          489    .text.swap_read_status_bytes  swap_scratch.o
    0x08066184   0x08066184   0x000000f8   Code   RO          503    .text.swap_run      swap_scratch.o
    0x0806627c   0x0806627c   0x00000040   Code   RO          470    .text.swap_set_copy_done  swap_misc.o
    0x080662bc   0x080662bc   0x00000066   Code   RO          472    .text.swap_set_image_ok  swap_misc.o
    0x08066322   0x08066322   0x00000002   PAD
    0x08066324   0x08066324   0x00000180   Code   RO          466    .text.swap_status_init  swap_misc.o
    0x080664a4   0x080664a4   0x00000264   Code   RO          501    .text.swap_status_source  swap_scratch.o
    0x08066708   0x08066708   0x00000028   Code   RO         1015    .text.syscfg_interrupt_flag_get  gd32f5xx_syscfg.o
    0x08066730   0x08066730   0x0000015e   Code   RO          553    .text.system_clock_200m_25m_hxtal  system_gd32f5xx.o
    0x0806688e   0x0806688e   0x00000002   PAD
    0x08066890   0x08066890   0x00000008   Code   RO          549    .text.system_clock_config  system_gd32f5xx.o
    0x08066898   0x08066898   0x00000032   Code   RO           56    .text.systick_config  mbl_systick.o
    0x080668ca   0x080668ca   0x00000002   PAD
    0x080668cc   0x080668cc   0x00000010   Code   RO          736    .text.usart_data_receive  gd32f5xx_usart.o
    0x080668dc   0x080668dc   0x00000022   Code   RO          806    .text.usart_interrupt_disable  gd32f5xx_usart.o
    0x080668fe   0x080668fe   0x00000002   PAD
    0x08066900   0x08066900   0x00000022   Code   RO          804    .text.usart_interrupt_enable  gd32f5xx_usart.o
    0x08066922   0x08066922   0x00000002   PAD
    0x08066924   0x08066924   0x00000058   Code   RO          808    .text.usart_interrupt_flag_get  gd32f5xx_usart.o
    0x0806697c   0x0806697c   0x00000078   Code   RO            4    .text.ymodem_packet_init  mbl.o
    0x080669f4   0x080669f4   0x0000000e   Code   RO         1084    i.__scatterload_copy  mc_w.l(handlers.o)
    0x08066a02   0x08066a02   0x00000002   Code   RO         1085    i.__scatterload_null  mc_w.l(handlers.o)
    0x08066a04   0x08066a04   0x0000000e   Code   RO         1086    i.__scatterload_zeroinit  mc_w.l(handlers.o)
    0x08066a12   0x08066a12   0x00000010   Data   RO          253    .rodata.boot_img_magic  bootutil_public.o
    0x08066a22   0x08066a22   0x00000010   Data   RO          521    .rodata.boot_status_tables  swap_scratch.o
    0x08066a32   0x08066a32   0x00000012   Data   RO          255    .rodata.boot_swap_tables  bootutil_public.o
    0x08066a44   0x08066a44   0x00000008   Data   RO          124    .rodata.bootutil_enc_key  keys.o
    0x08066a4c   0x08066a4c   0x00000004   Data   RO          121    .rodata.bootutil_key_cnt  keys.o
    0x08066a50   0x08066a50   0x00000024   Data   RO          108    .rodata.flash_map   flash_map.o
    0x08066a74   0x08066a74   0x000000c8   Data   RO           14    .rodata.str1.1      mbl.o
    0x08066b3c   0x08066b3c   0x00000171   Data   RO           47    .rodata.str1.1      mbl_gd32f5xx_it.o
    0x08066cad   0x08066cad   0x00000027   Data   RO           76    .rodata.str1.1      boot_hal.o
    0x08066cd4   0x08066cd4   0x00000023   Data   RO          107    .rodata.str1.1      flash_map.o
    0x08066cf7   0x08066cf7   0x000000d8   Data   RO          174    .rodata.str1.1      bootutil_misc.o
    0x08066dcf   0x08066dcf   0x000002e8   Data   RO          254    .rodata.str1.1      bootutil_public.o
    0x080670b7   0x080670b7   0x0000005d   Data   RO          308    .rodata.str1.1      encrypted.o
    0x08067114   0x08067114   0x0000026e   Data   RO          445    .rodata.str1.1      loader.o
    0x08067382   0x08067382   0x00000089   Data   RO          478    .rodata.str1.1      swap_misc.o
    0x0806740b   0x0806740b   0x00000213   Data   RO          520    .rodata.str1.1      swap_scratch.o
    0x0806761e   0x0806761e   0x00000002   PAD
    0x08067620   0x08067620   0x00000030   Data   RO         1083    Region$$Table       anon$$obj.o


    Execution Region MBL_SHARED_DATA (Exec base: 0x20000400, Load base: 0x08067650, Size: 0x00001600, Max: 0x00001600, ABSOLUTE)

    Exec Addr    Load Addr    Size         Type   Attr      Idx    E Section Name        Object

    0x20000400        -       0x00001600   Zero   RW            1    MBL_SHARED_DATA.bss  anon$$obj.o


    Execution Region MBL_DATA (Exec base: 0x20001a00, Load base: 0x08067650, Size: 0x00003ee0, Max: 0x00008000, ABSOLUTE)

    Exec Addr    Load Addr    Size         Type   Attr      Idx    E Section Name        Object

    0x20001a00   0x08067650   0x00000004   Data   RW          319    .data.FIH_BOOT_HOOK_REGULAR  fault_injection_hardening.o
    0x20001a04   0x08067654   0x00000004   Data   RW          317    .data.FIH_FAILURE   fault_injection_hardening.o
    0x20001a08   0x08067658   0x00000004   Data   RW          318    .data.FIH_NO_BOOTABLE_IMAGE  fault_injection_hardening.o
    0x20001a0c   0x0806765c   0x00000004   Data   RW          555    .data.SystemCoreClock  system_gd32f5xx.o
    0x20001a10   0x08067660   0x00000008   Data   RW          120    .data.bootutil_keys  keys.o
    0x20001a18   0x08067668   0x000004a7   Data   RW          122    .data.enc_priv_key  keys.o
    0x20001ebf   0x08067b0f   0x00000001   PAD
    0x20001ec0   0x08067b10   0x00000004   Data   RW          123    .data.enc_priv_key_len  keys.o
    0x20001ec4   0x08067b14   0x00000004   Data   RW           12    .data.p_ibl_api     mbl.o
    0x20001ec8        -       0x00000004   Zero   RW          316    .bss.FIH_SUCCESS    fault_injection_hardening.o
    0x20001ecc        -       0x00000004   Zero   RW           48    .bss.UART6_IRQHandler.flag_cnt  mbl_gd32f5xx_it.o
    0x20001ed0        -       0x00000400   Zero   RW          441    .bss.boot_copy_region.buf  loader.o
    0x200022d0        -       0x000000bc   Zero   RW          446    .bss.boot_data      loader.o
    0x2000238c        -       0x00000100   Zero   RW          447    .bss.boot_image_check.tmpbuf  loader.o
    0x2000248c        -       0x00000004   Zero   RW          519    .bss.boot_status_fails  swap_scratch.o
    0x20002490        -       0x00001000   Zero   RW          442    .bss.context_boot_go.primary_slot_sectors  loader.o
    0x20003490        -       0x00001000   Zero   RW          444    .bss.context_boot_go.scratch_sectors  loader.o
    0x20004490        -       0x00001000   Zero   RW          443    .bss.context_boot_go.secondary_slot_sectors  loader.o
    0x20005490        -       0x00000004   Zero   RW           66    .bss.delay          mbl_systick.o
    0x20005494        -       0x00000004   Zero   RW           16    .bss.do_boot.vt     mbl.o
    0x20005498        -       0x00000004   Zero   RW          119    .bss.rsa_pub_key_len  keys.o
    0x2000549c        -       0x00000444   Zero   RW           13    .bss.ymodem_packet  mbl.o


    Execution Region MBL_BUF (Exec base: 0x200058e0, Load base: 0x08067b18, Size: 0x00003000, Max: 0xffffffff, ABSOLUTE)

    Exec Addr    Load Addr    Size         Type   Attr      Idx    E Section Name        Object

    0x200058e0        -       0x00003000   Zero   RW           15    .bss.alloc_buf      mbl.o


    Execution Region ARM_LIB_STACKHEAP (Exec base: 0x200088e0, Load base: 0x08067b20, Size: 0x00004000, Max: 0x00004000, ABSOLUTE)

    Exec Addr    Load Addr    Size         Type   Attr      Idx    E Section Name        Object

    0x200088e0        -       0x00004000   Zero   RW            2    ARM_LIB_STACKHEAP.bss  anon$$obj.o


==============================================================================

Image component sizes


      Code (inc. data)   RO Data    RW Data    ZI Data      Debug   Object Name

        54          0         39          0          0        768   boot_hal.o
       942          0        216          0          0       5340   bootutil_misc.o
      2092          0        778          0          0      10403   bootutil_public.o
      1388          0         93          0          0       7245   encrypted.o
         0          0          0         12          4        742   fault_injection_hardening.o
       754          0         71          0          0       3770   flash_map.o
        40          0          0          0          0       6798   gd32f5xx_syscfg.o
       172          0          0          0          0      12361   gd32f5xx_usart.o
       126          0          0          0          0       1241   image_rsa.o
      1380          0          0          0          0       5831   image_validate.o
        34          0         12       1203          4       1379   keys.o
      6084          6        622          0      13756      15699   loader.o
       830          0        200          4      13384       9415   mbl.o
       940          0        369          0          4       5052   mbl_gd32f5xx_it.o
       260          0          0          0          4       5465   mbl_systick.o
        36          8        972          0          0        960   startup_gd32f5xx_mbl.o
      1196          0        137          0          0       5724   swap_misc.o
      3756          0        547          0          4      10373   swap_scratch.o
       608          0          0          4          0       3147   system_gd32f5xx.o
       532          0          0          0          0       2613   tlv.o

    ----------------------------------------------------------------------
     21376         14       4106       1224      49176     114326   Object Totals
         0          0         48          0      22016          0   (incl. Generated)
       152          0          2          1          0          0   (incl. Padding)

    ----------------------------------------------------------------------

      Code (inc. data)   RO Data    RW Data    ZI Data      Debug   Library Member Name

         0          0          0          0          0          0   entry.o
         0          0          0          0          0          0   entry10a.o
         0          0          0          0          0          0   entry11a.o
         8          4          0          0          0          0   entry3.o
         4          0          0          0          0          0   entry5.o
         0          0          0          0          0          0   entry7b.o
         0          0          0          0          0          0   entry8b.o
         8          4          0          0          0          0   entry9a.o
        30          0          0          0          0          0   handlers.o
        48         10          0          0          0         68   init.o
        26          0          0          0          0         80   memcmp.o
        36          0          0          0          0         68   memcpya.o
        36          0          0          0          0        108   memseta.o

    ----------------------------------------------------------------------
       198         18          0          0          0        324   Library Totals
         2          0          0          0          0          0   (incl. Padding)

    ----------------------------------------------------------------------

      Code (inc. data)   RO Data    RW Data    ZI Data      Debug   Library Name

       196         18          0          0          0        324   mc_w.l

    ----------------------------------------------------------------------
       198         18          0          0          0        324   Library Totals

    ----------------------------------------------------------------------

==============================================================================


      Code (inc. data)   RO Data    RW Data    ZI Data      Debug   

     21574         32       4106       1224      49176     114410   Grand Totals
     21574         32       4106       1224      49176     114410   ELF Image Totals
     21574         32       4106       1224          0          0   ROM Totals

==============================================================================

    Total RO  Size (Code + RO Data)                25680 (  25.08kB)
    Total RW  Size (RW Data + ZI Data)             50400 (  49.22kB)
    Total ROM Size (Code + RO Data + RW Data)      26904 (  26.27kB)

==============================================================================

